Archive member included to satisfy reference by file (symbol)

/home/alexis/Cours/TempsReelSTM32/gcc-arm-none-eabi-9-2019-q4-major-x86_64-linux/gcc-arm-none-eabi-9-2019-q4-major/bin/../lib/gcc/arm-none-eabi/9.2.1/../../../../arm-none-eabi/lib/thumb/v7e-m+fp/hard/libc_nano.a(lib_a-exit.o)
                              /home/alexis/Cours/TempsReelSTM32/gcc-arm-none-eabi-9-2019-q4-major-x86_64-linux/gcc-arm-none-eabi-9-2019-q4-major/bin/../lib/gcc/arm-none-eabi/9.2.1/../../../../arm-none-eabi/lib/thumb/v7e-m+fp/hard/crt0.o (exit)
/home/alexis/Cours/TempsReelSTM32/gcc-arm-none-eabi-9-2019-q4-major-x86_64-linux/gcc-arm-none-eabi-9-2019-q4-major/bin/../lib/gcc/arm-none-eabi/9.2.1/../../../../arm-none-eabi/lib/thumb/v7e-m+fp/hard/libc_nano.a(lib_a-impure.o)
                              /home/alexis/Cours/TempsReelSTM32/gcc-arm-none-eabi-9-2019-q4-major-x86_64-linux/gcc-arm-none-eabi-9-2019-q4-major/bin/../lib/gcc/arm-none-eabi/9.2.1/../../../../arm-none-eabi/lib/thumb/v7e-m+fp/hard/libc_nano.a(lib_a-exit.o) (_global_impure_ptr)
/home/alexis/Cours/TempsReelSTM32/gcc-arm-none-eabi-9-2019-q4-major-x86_64-linux/gcc-arm-none-eabi-9-2019-q4-major/bin/../lib/gcc/arm-none-eabi/9.2.1/../../../../arm-none-eabi/lib/thumb/v7e-m+fp/hard/libc_nano.a(lib_a-init.o)
                              /home/alexis/Cours/TempsReelSTM32/gcc-arm-none-eabi-9-2019-q4-major-x86_64-linux/gcc-arm-none-eabi-9-2019-q4-major/bin/../lib/gcc/arm-none-eabi/9.2.1/../../../../arm-none-eabi/lib/thumb/v7e-m+fp/hard/crt0.o (__libc_init_array)
/home/alexis/Cours/TempsReelSTM32/gcc-arm-none-eabi-9-2019-q4-major-x86_64-linux/gcc-arm-none-eabi-9-2019-q4-major/bin/../lib/gcc/arm-none-eabi/9.2.1/../../../../arm-none-eabi/lib/thumb/v7e-m+fp/hard/libc_nano.a(lib_a-memset.o)
                              /home/alexis/Cours/TempsReelSTM32/gcc-arm-none-eabi-9-2019-q4-major-x86_64-linux/gcc-arm-none-eabi-9-2019-q4-major/bin/../lib/gcc/arm-none-eabi/9.2.1/../../../../arm-none-eabi/lib/thumb/v7e-m+fp/hard/crt0.o (memset)
/home/alexis/Cours/TempsReelSTM32/gcc-arm-none-eabi-9-2019-q4-major-x86_64-linux/gcc-arm-none-eabi-9-2019-q4-major/bin/../lib/gcc/arm-none-eabi/9.2.1/thumb/v7e-m+fp/hard/libgcc.a(_aeabi_ldivmod.o)
                              ./build/stm32l4xx_hal_uart.o (__aeabi_ldivmod)
/home/alexis/Cours/TempsReelSTM32/gcc-arm-none-eabi-9-2019-q4-major-x86_64-linux/gcc-arm-none-eabi-9-2019-q4-major/bin/../lib/gcc/arm-none-eabi/9.2.1/thumb/v7e-m+fp/hard/libgcc.a(_aeabi_uldivmod.o)
                              ./build/stm32l4xx_hal_uart.o (__aeabi_uldivmod)
/home/alexis/Cours/TempsReelSTM32/gcc-arm-none-eabi-9-2019-q4-major-x86_64-linux/gcc-arm-none-eabi-9-2019-q4-major/bin/../lib/gcc/arm-none-eabi/9.2.1/thumb/v7e-m+fp/hard/libgcc.a(_udivmoddi4.o)
                              /home/alexis/Cours/TempsReelSTM32/gcc-arm-none-eabi-9-2019-q4-major-x86_64-linux/gcc-arm-none-eabi-9-2019-q4-major/bin/../lib/gcc/arm-none-eabi/9.2.1/thumb/v7e-m+fp/hard/libgcc.a(_aeabi_ldivmod.o) (__udivmoddi4)
/home/alexis/Cours/TempsReelSTM32/gcc-arm-none-eabi-9-2019-q4-major-x86_64-linux/gcc-arm-none-eabi-9-2019-q4-major/bin/../lib/gcc/arm-none-eabi/9.2.1/thumb/v7e-m+fp/hard/libgcc.a(_dvmd_tls.o)
                              /home/alexis/Cours/TempsReelSTM32/gcc-arm-none-eabi-9-2019-q4-major-x86_64-linux/gcc-arm-none-eabi-9-2019-q4-major/bin/../lib/gcc/arm-none-eabi/9.2.1/thumb/v7e-m+fp/hard/libgcc.a(_aeabi_ldivmod.o) (__aeabi_ldiv0)
/home/alexis/Cours/TempsReelSTM32/gcc-arm-none-eabi-9-2019-q4-major-x86_64-linux/gcc-arm-none-eabi-9-2019-q4-major/bin/../lib/gcc/arm-none-eabi/9.2.1/../../../../arm-none-eabi/lib/thumb/v7e-m+fp/hard/libnosys.a(_exit.o)
                              /home/alexis/Cours/TempsReelSTM32/gcc-arm-none-eabi-9-2019-q4-major-x86_64-linux/gcc-arm-none-eabi-9-2019-q4-major/bin/../lib/gcc/arm-none-eabi/9.2.1/../../../../arm-none-eabi/lib/thumb/v7e-m+fp/hard/libc_nano.a(lib_a-exit.o) (_exit)

Allocating common symbols
Common symbol       size              file

uwTick              0x4               ./build/stm32l4xx_hal.o
aRxBuffer           0xa2              ./build/main.o
I2cHandle           0x4c              ./build/main.o

Memory Configuration

Name             Origin             Length             Attributes
FLASH            0x0000000008000000 0x0000000000100000 xr
RAM              0x0000000020000000 0x0000000000018000 xrw
*default*        0x0000000000000000 0xffffffffffffffff

Linker script and memory map

LOAD /home/alexis/Cours/TempsReelSTM32/gcc-arm-none-eabi-9-2019-q4-major-x86_64-linux/gcc-arm-none-eabi-9-2019-q4-major/bin/../lib/gcc/arm-none-eabi/9.2.1/thumb/v7e-m+fp/hard/crti.o
LOAD /home/alexis/Cours/TempsReelSTM32/gcc-arm-none-eabi-9-2019-q4-major-x86_64-linux/gcc-arm-none-eabi-9-2019-q4-major/bin/../lib/gcc/arm-none-eabi/9.2.1/thumb/v7e-m+fp/hard/crtbegin.o
LOAD /home/alexis/Cours/TempsReelSTM32/gcc-arm-none-eabi-9-2019-q4-major-x86_64-linux/gcc-arm-none-eabi-9-2019-q4-major/bin/../lib/gcc/arm-none-eabi/9.2.1/../../../../arm-none-eabi/lib/thumb/v7e-m+fp/hard/crt0.o
START GROUP
LOAD /home/alexis/Cours/TempsReelSTM32/gcc-arm-none-eabi-9-2019-q4-major-x86_64-linux/gcc-arm-none-eabi-9-2019-q4-major/bin/../lib/gcc/arm-none-eabi/9.2.1/../../../../arm-none-eabi/lib/thumb/v7e-m+fp/hard/libc_nano.a
LOAD /home/alexis/Cours/TempsReelSTM32/gcc-arm-none-eabi-9-2019-q4-major-x86_64-linux/gcc-arm-none-eabi-9-2019-q4-major/bin/../lib/gcc/arm-none-eabi/9.2.1/../../../../arm-none-eabi/lib/thumb/v7e-m+fp/hard/libm.a
END GROUP
LOAD ./build/main.o
LOAD ./build/stm32l4xx_it.o
LOAD ./build/stm32l4xx_nucleo.o
LOAD ./build/stm32l4xx_hal_msp.o
LOAD ./build/stm32l4xx_hal.o
LOAD ./build/stm32l4xx_hal_cortex.o
LOAD ./build/stm32l4xx_hal_rcc.o
LOAD ./build/stm32l4xx_hal_pwr_ex.o
LOAD ./build/stm32l4xx_hal_gpio.o
LOAD ./build/stm32l4xx_hal_pwr.o
LOAD ./build/stm32l4xx_hal_uart.o
LOAD ./build/stm32l4xx_hal_dma.o
LOAD ./build/stm32l4xx_hal_uart_ex.o
LOAD ./build/stm32l4xx_hal_wwdg.o
LOAD ./build/stm32l4xx_hal_rcc_ex.o
LOAD ./build/stm32l4xx_hal_i2c.o
LOAD ./build/stm32l4xx_hal_i2c_ex.o
LOAD ./build/system_stm32l4xx.o
LOAD build/stm32l476_startup.o
START GROUP
LOAD /home/alexis/Cours/TempsReelSTM32/gcc-arm-none-eabi-9-2019-q4-major-x86_64-linux/gcc-arm-none-eabi-9-2019-q4-major/bin/../lib/gcc/arm-none-eabi/9.2.1/thumb/v7e-m+fp/hard/libgcc.a
LOAD /home/alexis/Cours/TempsReelSTM32/gcc-arm-none-eabi-9-2019-q4-major-x86_64-linux/gcc-arm-none-eabi-9-2019-q4-major/bin/../lib/gcc/arm-none-eabi/9.2.1/../../../../arm-none-eabi/lib/thumb/v7e-m+fp/hard/libc_nano.a
END GROUP
START GROUP
LOAD /home/alexis/Cours/TempsReelSTM32/gcc-arm-none-eabi-9-2019-q4-major-x86_64-linux/gcc-arm-none-eabi-9-2019-q4-major/bin/../lib/gcc/arm-none-eabi/9.2.1/thumb/v7e-m+fp/hard/libgcc.a
LOAD /home/alexis/Cours/TempsReelSTM32/gcc-arm-none-eabi-9-2019-q4-major-x86_64-linux/gcc-arm-none-eabi-9-2019-q4-major/bin/../lib/gcc/arm-none-eabi/9.2.1/../../../../arm-none-eabi/lib/thumb/v7e-m+fp/hard/libc_nano.a
LOAD /home/alexis/Cours/TempsReelSTM32/gcc-arm-none-eabi-9-2019-q4-major-x86_64-linux/gcc-arm-none-eabi-9-2019-q4-major/bin/../lib/gcc/arm-none-eabi/9.2.1/../../../../arm-none-eabi/lib/thumb/v7e-m+fp/hard/libnosys.a
END GROUP
START GROUP
LOAD /home/alexis/Cours/TempsReelSTM32/gcc-arm-none-eabi-9-2019-q4-major-x86_64-linux/gcc-arm-none-eabi-9-2019-q4-major/bin/../lib/gcc/arm-none-eabi/9.2.1/thumb/v7e-m+fp/hard/libgcc.a
LOAD /home/alexis/Cours/TempsReelSTM32/gcc-arm-none-eabi-9-2019-q4-major-x86_64-linux/gcc-arm-none-eabi-9-2019-q4-major/bin/../lib/gcc/arm-none-eabi/9.2.1/../../../../arm-none-eabi/lib/thumb/v7e-m+fp/hard/libc_nano.a
LOAD /home/alexis/Cours/TempsReelSTM32/gcc-arm-none-eabi-9-2019-q4-major-x86_64-linux/gcc-arm-none-eabi-9-2019-q4-major/bin/../lib/gcc/arm-none-eabi/9.2.1/../../../../arm-none-eabi/lib/thumb/v7e-m+fp/hard/libnosys.a
END GROUP
LOAD /home/alexis/Cours/TempsReelSTM32/gcc-arm-none-eabi-9-2019-q4-major-x86_64-linux/gcc-arm-none-eabi-9-2019-q4-major/bin/../lib/gcc/arm-none-eabi/9.2.1/thumb/v7e-m+fp/hard/crtend.o
LOAD /home/alexis/Cours/TempsReelSTM32/gcc-arm-none-eabi-9-2019-q4-major-x86_64-linux/gcc-arm-none-eabi-9-2019-q4-major/bin/../lib/gcc/arm-none-eabi/9.2.1/thumb/v7e-m+fp/hard/crtn.o
                0x0000000020017fff                _estack = 0x20017fff
                0x0000000000000200                _Min_Heap_Size = 0x200
                0x0000000000000400                _Min_Stack_Size = 0x400

.isr_vector     0x0000000008000000      0x188
                0x0000000008000000                . = ALIGN (0x8)
 *(.isr_vector)
 .isr_vector    0x0000000008000000      0x188 build/stm32l476_startup.o
                0x0000000008000000                g_pfnVectors
                0x0000000008000188                . = ALIGN (0x8)

.text           0x0000000008000188     0x7940
                0x0000000008000188                . = ALIGN (0x4)
 *(.text)
 .text          0x0000000008000188        0x0 /home/alexis/Cours/TempsReelSTM32/gcc-arm-none-eabi-9-2019-q4-major-x86_64-linux/gcc-arm-none-eabi-9-2019-q4-major/bin/../lib/gcc/arm-none-eabi/9.2.1/thumb/v7e-m+fp/hard/crti.o
 .text          0x0000000008000188       0x40 /home/alexis/Cours/TempsReelSTM32/gcc-arm-none-eabi-9-2019-q4-major-x86_64-linux/gcc-arm-none-eabi-9-2019-q4-major/bin/../lib/gcc/arm-none-eabi/9.2.1/thumb/v7e-m+fp/hard/crtbegin.o
 .text          0x00000000080001c8       0x74 /home/alexis/Cours/TempsReelSTM32/gcc-arm-none-eabi-9-2019-q4-major-x86_64-linux/gcc-arm-none-eabi-9-2019-q4-major/bin/../lib/gcc/arm-none-eabi/9.2.1/../../../../arm-none-eabi/lib/thumb/v7e-m+fp/hard/crt0.o
                0x00000000080001c8                _mainCRTStartup
                0x00000000080001c8                _start
 .text          0x000000000800023c        0x0 /home/alexis/Cours/TempsReelSTM32/gcc-arm-none-eabi-9-2019-q4-major-x86_64-linux/gcc-arm-none-eabi-9-2019-q4-major/bin/../lib/gcc/arm-none-eabi/9.2.1/../../../../arm-none-eabi/lib/thumb/v7e-m+fp/hard/libc_nano.a(lib_a-exit.o)
 .text          0x000000000800023c        0x0 /home/alexis/Cours/TempsReelSTM32/gcc-arm-none-eabi-9-2019-q4-major-x86_64-linux/gcc-arm-none-eabi-9-2019-q4-major/bin/../lib/gcc/arm-none-eabi/9.2.1/../../../../arm-none-eabi/lib/thumb/v7e-m+fp/hard/libc_nano.a(lib_a-impure.o)
 .text          0x000000000800023c        0x0 /home/alexis/Cours/TempsReelSTM32/gcc-arm-none-eabi-9-2019-q4-major-x86_64-linux/gcc-arm-none-eabi-9-2019-q4-major/bin/../lib/gcc/arm-none-eabi/9.2.1/../../../../arm-none-eabi/lib/thumb/v7e-m+fp/hard/libc_nano.a(lib_a-init.o)
 .text          0x000000000800023c        0x0 /home/alexis/Cours/TempsReelSTM32/gcc-arm-none-eabi-9-2019-q4-major-x86_64-linux/gcc-arm-none-eabi-9-2019-q4-major/bin/../lib/gcc/arm-none-eabi/9.2.1/../../../../arm-none-eabi/lib/thumb/v7e-m+fp/hard/libc_nano.a(lib_a-memset.o)
 .text          0x000000000800023c        0x0 ./build/main.o
 .text          0x000000000800023c        0x0 ./build/stm32l4xx_it.o
 .text          0x000000000800023c        0x0 ./build/stm32l4xx_nucleo.o
 .text          0x000000000800023c        0x0 ./build/stm32l4xx_hal_msp.o
 .text          0x000000000800023c        0x0 ./build/stm32l4xx_hal.o
 .text          0x000000000800023c        0x0 ./build/stm32l4xx_hal_cortex.o
 .text          0x000000000800023c        0x0 ./build/stm32l4xx_hal_rcc.o
 .text          0x000000000800023c        0x0 ./build/stm32l4xx_hal_pwr_ex.o
 .text          0x000000000800023c        0x0 ./build/stm32l4xx_hal_gpio.o
 .text          0x000000000800023c        0x0 ./build/stm32l4xx_hal_pwr.o
 .text          0x000000000800023c        0x0 ./build/stm32l4xx_hal_uart.o
 .text          0x000000000800023c        0x0 ./build/stm32l4xx_hal_dma.o
 .text          0x000000000800023c        0x0 ./build/stm32l4xx_hal_uart_ex.o
 .text          0x000000000800023c        0x0 ./build/stm32l4xx_hal_wwdg.o
 .text          0x000000000800023c        0x0 ./build/stm32l4xx_hal_rcc_ex.o
 .text          0x000000000800023c        0x0 ./build/stm32l4xx_hal_i2c.o
 .text          0x000000000800023c        0x0 ./build/stm32l4xx_hal_i2c_ex.o
 .text          0x000000000800023c        0x0 ./build/system_stm32l4xx.o
 .text          0x000000000800023c       0x14 build/stm32l476_startup.o
 .text          0x0000000008000250       0xa0 /home/alexis/Cours/TempsReelSTM32/gcc-arm-none-eabi-9-2019-q4-major-x86_64-linux/gcc-arm-none-eabi-9-2019-q4-major/bin/../lib/gcc/arm-none-eabi/9.2.1/thumb/v7e-m+fp/hard/libgcc.a(_aeabi_ldivmod.o)
                0x0000000008000250                __aeabi_ldivmod
 .text          0x00000000080002f0       0x30 /home/alexis/Cours/TempsReelSTM32/gcc-arm-none-eabi-9-2019-q4-major-x86_64-linux/gcc-arm-none-eabi-9-2019-q4-major/bin/../lib/gcc/arm-none-eabi/9.2.1/thumb/v7e-m+fp/hard/libgcc.a(_aeabi_uldivmod.o)
                0x00000000080002f0                __aeabi_uldivmod
 .text          0x0000000008000320      0x2c4 /home/alexis/Cours/TempsReelSTM32/gcc-arm-none-eabi-9-2019-q4-major-x86_64-linux/gcc-arm-none-eabi-9-2019-q4-major/bin/../lib/gcc/arm-none-eabi/9.2.1/thumb/v7e-m+fp/hard/libgcc.a(_udivmoddi4.o)
                0x0000000008000320                __udivmoddi4
 .text          0x00000000080005e4        0x4 /home/alexis/Cours/TempsReelSTM32/gcc-arm-none-eabi-9-2019-q4-major-x86_64-linux/gcc-arm-none-eabi-9-2019-q4-major/bin/../lib/gcc/arm-none-eabi/9.2.1/thumb/v7e-m+fp/hard/libgcc.a(_dvmd_tls.o)
                0x00000000080005e4                __aeabi_ldiv0
                0x00000000080005e4                __aeabi_idiv0
 .text          0x00000000080005e8        0x0 /home/alexis/Cours/TempsReelSTM32/gcc-arm-none-eabi-9-2019-q4-major-x86_64-linux/gcc-arm-none-eabi-9-2019-q4-major/bin/../lib/gcc/arm-none-eabi/9.2.1/../../../../arm-none-eabi/lib/thumb/v7e-m+fp/hard/libnosys.a(_exit.o)
 .text          0x00000000080005e8        0x0 /home/alexis/Cours/TempsReelSTM32/gcc-arm-none-eabi-9-2019-q4-major-x86_64-linux/gcc-arm-none-eabi-9-2019-q4-major/bin/../lib/gcc/arm-none-eabi/9.2.1/thumb/v7e-m+fp/hard/crtend.o
 .text          0x00000000080005e8        0x0 /home/alexis/Cours/TempsReelSTM32/gcc-arm-none-eabi-9-2019-q4-major-x86_64-linux/gcc-arm-none-eabi-9-2019-q4-major/bin/../lib/gcc/arm-none-eabi/9.2.1/thumb/v7e-m+fp/hard/crtn.o
 *(.text*)
 .text.exit     0x00000000080005e8       0x28 /home/alexis/Cours/TempsReelSTM32/gcc-arm-none-eabi-9-2019-q4-major-x86_64-linux/gcc-arm-none-eabi-9-2019-q4-major/bin/../lib/gcc/arm-none-eabi/9.2.1/../../../../arm-none-eabi/lib/thumb/v7e-m+fp/hard/libc_nano.a(lib_a-exit.o)
                0x00000000080005e8                exit
 .text.__libc_init_array
                0x0000000008000610       0x48 /home/alexis/Cours/TempsReelSTM32/gcc-arm-none-eabi-9-2019-q4-major-x86_64-linux/gcc-arm-none-eabi-9-2019-q4-major/bin/../lib/gcc/arm-none-eabi/9.2.1/../../../../arm-none-eabi/lib/thumb/v7e-m+fp/hard/libc_nano.a(lib_a-init.o)
                0x0000000008000610                __libc_init_array
 .text.memset   0x0000000008000658       0x10 /home/alexis/Cours/TempsReelSTM32/gcc-arm-none-eabi-9-2019-q4-major-x86_64-linux/gcc-arm-none-eabi-9-2019-q4-major/bin/../lib/gcc/arm-none-eabi/9.2.1/../../../../arm-none-eabi/lib/thumb/v7e-m+fp/hard/libc_nano.a(lib_a-memset.o)
                0x0000000008000658                memset
 .text.Error_Handler
                0x0000000008000668       0x12 ./build/main.o
 .text.SystemClock_Config
                0x000000000800067a       0x62 ./build/main.o
                0x000000000800067a                SystemClock_Config
 .text.startup.main
                0x00000000080006dc       0xac ./build/main.o
                0x00000000080006dc                main
 .text.HAL_I2C_ErrorCallback
                0x0000000008000788       0x10 ./build/main.o
                0x0000000008000788                HAL_I2C_ErrorCallback
 .text.NMI_Handler
                0x0000000008000798        0x2 ./build/stm32l4xx_it.o
                0x0000000008000798                NMI_Handler
 .text.HardFault_Handler
                0x000000000800079a        0x2 ./build/stm32l4xx_it.o
                0x000000000800079a                HardFault_Handler
 .text.MemManage_Handler
                0x000000000800079c        0x2 ./build/stm32l4xx_it.o
                0x000000000800079c                MemManage_Handler
 .text.BusFault_Handler
                0x000000000800079e        0x2 ./build/stm32l4xx_it.o
                0x000000000800079e                BusFault_Handler
 .text.UsageFault_Handler
                0x00000000080007a0        0x2 ./build/stm32l4xx_it.o
                0x00000000080007a0                UsageFault_Handler
 .text.SVC_Handler
                0x00000000080007a2        0x2 ./build/stm32l4xx_it.o
                0x00000000080007a2                SVC_Handler
 .text.DebugMon_Handler
                0x00000000080007a4        0x2 ./build/stm32l4xx_it.o
                0x00000000080007a4                DebugMon_Handler
 .text.PendSV_Handler
                0x00000000080007a6        0x2 ./build/stm32l4xx_it.o
                0x00000000080007a6                PendSV_Handler
 .text.SysTick_Handler
                0x00000000080007a8        0x4 ./build/stm32l4xx_it.o
                0x00000000080007a8                SysTick_Handler
 .text.BSP_GetVersion
                0x00000000080007ac        0x8 ./build/stm32l4xx_nucleo.o
                0x00000000080007ac                BSP_GetVersion
 .text.BSP_LED_Init
                0x00000000080007b4       0x50 ./build/stm32l4xx_nucleo.o
                0x00000000080007b4                BSP_LED_Init
 .text.BSP_LED_DeInit
                0x0000000008000804       0x24 ./build/stm32l4xx_nucleo.o
                0x0000000008000804                BSP_LED_DeInit
 .text.BSP_LED_On
                0x0000000008000828       0x14 ./build/stm32l4xx_nucleo.o
                0x0000000008000828                BSP_LED_On
 .text.BSP_LED_Off
                0x000000000800083c       0x14 ./build/stm32l4xx_nucleo.o
                0x000000000800083c                BSP_LED_Off
 .text.BSP_LED_Toggle
                0x0000000008000850       0x10 ./build/stm32l4xx_nucleo.o
                0x0000000008000850                BSP_LED_Toggle
 .text.BSP_PB_Init
                0x0000000008000860       0x88 ./build/stm32l4xx_nucleo.o
                0x0000000008000860                BSP_PB_Init
 .text.BSP_PB_DeInit
                0x00000000080008e8       0x20 ./build/stm32l4xx_nucleo.o
                0x00000000080008e8                BSP_PB_DeInit
 .text.BSP_PB_GetState
                0x0000000008000908       0x18 ./build/stm32l4xx_nucleo.o
                0x0000000008000908                BSP_PB_GetState
 .text.HAL_I2C_MspInit
                0x0000000008000920       0x84 ./build/stm32l4xx_hal_msp.o
                0x0000000008000920                HAL_I2C_MspInit
 .text.HAL_I2C_MspDeInit
                0x00000000080009a4       0x30 ./build/stm32l4xx_hal_msp.o
                0x00000000080009a4                HAL_I2C_MspDeInit
 .text.HAL_MspInit
                0x00000000080009d4        0x2 ./build/stm32l4xx_hal.o
                0x00000000080009d4                HAL_MspInit
 .text.HAL_MspDeInit
                0x00000000080009d6        0x2 ./build/stm32l4xx_hal.o
                0x00000000080009d6                HAL_MspDeInit
 .text.HAL_DeInit
                0x00000000080009d8       0x2c ./build/stm32l4xx_hal.o
                0x00000000080009d8                HAL_DeInit
 .text.HAL_InitTick
                0x0000000008000a04       0x4c ./build/stm32l4xx_hal.o
                0x0000000008000a04                HAL_InitTick
 .text.HAL_Init
                0x0000000008000a50       0x1e ./build/stm32l4xx_hal.o
                0x0000000008000a50                HAL_Init
 *fill*         0x0000000008000a6e        0x2 
 .text.HAL_IncTick
                0x0000000008000a70       0x18 ./build/stm32l4xx_hal.o
                0x0000000008000a70                HAL_IncTick
 .text.HAL_GetTick
                0x0000000008000a88        0xc ./build/stm32l4xx_hal.o
                0x0000000008000a88                HAL_GetTick
 .text.HAL_GetTickPrio
                0x0000000008000a94        0xc ./build/stm32l4xx_hal.o
                0x0000000008000a94                HAL_GetTickPrio
 .text.HAL_SetTickFreq
                0x0000000008000aa0       0x28 ./build/stm32l4xx_hal.o
                0x0000000008000aa0                HAL_SetTickFreq
 .text.HAL_GetTickFreq
                0x0000000008000ac8        0xc ./build/stm32l4xx_hal.o
                0x0000000008000ac8                HAL_GetTickFreq
 .text.HAL_Delay
                0x0000000008000ad4       0x28 ./build/stm32l4xx_hal.o
                0x0000000008000ad4                HAL_Delay
 .text.HAL_SuspendTick
                0x0000000008000afc       0x10 ./build/stm32l4xx_hal.o
                0x0000000008000afc                HAL_SuspendTick
 .text.HAL_ResumeTick
                0x0000000008000b0c       0x10 ./build/stm32l4xx_hal.o
                0x0000000008000b0c                HAL_ResumeTick
 .text.HAL_GetHalVersion
                0x0000000008000b1c        0x6 ./build/stm32l4xx_hal.o
                0x0000000008000b1c                HAL_GetHalVersion
 *fill*         0x0000000008000b22        0x2 
 .text.HAL_GetREVID
                0x0000000008000b24        0xc ./build/stm32l4xx_hal.o
                0x0000000008000b24                HAL_GetREVID
 .text.HAL_GetDEVID
                0x0000000008000b30       0x10 ./build/stm32l4xx_hal.o
                0x0000000008000b30                HAL_GetDEVID
 .text.HAL_GetUIDw0
                0x0000000008000b40        0xc ./build/stm32l4xx_hal.o
                0x0000000008000b40                HAL_GetUIDw0
 .text.HAL_GetUIDw1
                0x0000000008000b4c        0xc ./build/stm32l4xx_hal.o
                0x0000000008000b4c                HAL_GetUIDw1
 .text.HAL_GetUIDw2
                0x0000000008000b58        0xc ./build/stm32l4xx_hal.o
                0x0000000008000b58                HAL_GetUIDw2
 .text.HAL_DBGMCU_EnableDBGSleepMode
                0x0000000008000b64       0x10 ./build/stm32l4xx_hal.o
                0x0000000008000b64                HAL_DBGMCU_EnableDBGSleepMode
 .text.HAL_DBGMCU_DisableDBGSleepMode
                0x0000000008000b74       0x10 ./build/stm32l4xx_hal.o
                0x0000000008000b74                HAL_DBGMCU_DisableDBGSleepMode
 .text.HAL_DBGMCU_EnableDBGStopMode
                0x0000000008000b84       0x10 ./build/stm32l4xx_hal.o
                0x0000000008000b84                HAL_DBGMCU_EnableDBGStopMode
 .text.HAL_DBGMCU_DisableDBGStopMode
                0x0000000008000b94       0x10 ./build/stm32l4xx_hal.o
                0x0000000008000b94                HAL_DBGMCU_DisableDBGStopMode
 .text.HAL_DBGMCU_EnableDBGStandbyMode
                0x0000000008000ba4       0x10 ./build/stm32l4xx_hal.o
                0x0000000008000ba4                HAL_DBGMCU_EnableDBGStandbyMode
 .text.HAL_DBGMCU_DisableDBGStandbyMode
                0x0000000008000bb4       0x10 ./build/stm32l4xx_hal.o
                0x0000000008000bb4                HAL_DBGMCU_DisableDBGStandbyMode
 .text.HAL_SYSCFG_SRAM2Erase
                0x0000000008000bc4       0x1c ./build/stm32l4xx_hal.o
                0x0000000008000bc4                HAL_SYSCFG_SRAM2Erase
 .text.HAL_SYSCFG_EnableMemorySwappingBank
                0x0000000008000be0        0xc ./build/stm32l4xx_hal.o
                0x0000000008000be0                HAL_SYSCFG_EnableMemorySwappingBank
 .text.HAL_SYSCFG_DisableMemorySwappingBank
                0x0000000008000bec        0xc ./build/stm32l4xx_hal.o
                0x0000000008000bec                HAL_SYSCFG_DisableMemorySwappingBank
 .text.HAL_SYSCFG_VREFBUF_VoltageScalingConfig
                0x0000000008000bf8       0x14 ./build/stm32l4xx_hal.o
                0x0000000008000bf8                HAL_SYSCFG_VREFBUF_VoltageScalingConfig
 .text.HAL_SYSCFG_VREFBUF_HighImpedanceConfig
                0x0000000008000c0c       0x14 ./build/stm32l4xx_hal.o
                0x0000000008000c0c                HAL_SYSCFG_VREFBUF_HighImpedanceConfig
 .text.HAL_SYSCFG_VREFBUF_TrimmingConfig
                0x0000000008000c20       0x14 ./build/stm32l4xx_hal.o
                0x0000000008000c20                HAL_SYSCFG_VREFBUF_TrimmingConfig
 .text.HAL_SYSCFG_EnableVREFBUF
                0x0000000008000c34       0x30 ./build/stm32l4xx_hal.o
                0x0000000008000c34                HAL_SYSCFG_EnableVREFBUF
 .text.HAL_SYSCFG_DisableVREFBUF
                0x0000000008000c64       0x10 ./build/stm32l4xx_hal.o
                0x0000000008000c64                HAL_SYSCFG_DisableVREFBUF
 .text.HAL_SYSCFG_EnableIOAnalogSwitchBooster
                0x0000000008000c74       0x10 ./build/stm32l4xx_hal.o
                0x0000000008000c74                HAL_SYSCFG_EnableIOAnalogSwitchBooster
 .text.HAL_SYSCFG_DisableIOAnalogSwitchBooster
                0x0000000008000c84       0x10 ./build/stm32l4xx_hal.o
                0x0000000008000c84                HAL_SYSCFG_DisableIOAnalogSwitchBooster
 .text.HAL_NVIC_SetPriorityGrouping
                0x0000000008000c94       0x24 ./build/stm32l4xx_hal_cortex.o
                0x0000000008000c94                HAL_NVIC_SetPriorityGrouping
 .text.HAL_NVIC_SetPriority
                0x0000000008000cb8       0x64 ./build/stm32l4xx_hal_cortex.o
                0x0000000008000cb8                HAL_NVIC_SetPriority
 .text.HAL_NVIC_EnableIRQ
                0x0000000008000d1c       0x1c ./build/stm32l4xx_hal_cortex.o
                0x0000000008000d1c                HAL_NVIC_EnableIRQ
 .text.HAL_NVIC_DisableIRQ
                0x0000000008000d38       0x28 ./build/stm32l4xx_hal_cortex.o
                0x0000000008000d38                HAL_NVIC_DisableIRQ
 .text.HAL_NVIC_SystemReset
                0x0000000008000d60       0x24 ./build/stm32l4xx_hal_cortex.o
                0x0000000008000d60                HAL_NVIC_SystemReset
 .text.HAL_SYSTICK_Config
                0x0000000008000d84       0x2c ./build/stm32l4xx_hal_cortex.o
                0x0000000008000d84                HAL_SYSTICK_Config
 .text.HAL_NVIC_GetPriorityGrouping
                0x0000000008000db0       0x10 ./build/stm32l4xx_hal_cortex.o
                0x0000000008000db0                HAL_NVIC_GetPriorityGrouping
 .text.HAL_NVIC_GetPriority
                0x0000000008000dc0       0x5c ./build/stm32l4xx_hal_cortex.o
                0x0000000008000dc0                HAL_NVIC_GetPriority
 .text.HAL_NVIC_SetPendingIRQ
                0x0000000008000e1c       0x20 ./build/stm32l4xx_hal_cortex.o
                0x0000000008000e1c                HAL_NVIC_SetPendingIRQ
 .text.HAL_NVIC_GetPendingIRQ
                0x0000000008000e3c       0x24 ./build/stm32l4xx_hal_cortex.o
                0x0000000008000e3c                HAL_NVIC_GetPendingIRQ
 .text.HAL_NVIC_ClearPendingIRQ
                0x0000000008000e60       0x20 ./build/stm32l4xx_hal_cortex.o
                0x0000000008000e60                HAL_NVIC_ClearPendingIRQ
 .text.HAL_NVIC_GetActive
                0x0000000008000e80       0x24 ./build/stm32l4xx_hal_cortex.o
                0x0000000008000e80                HAL_NVIC_GetActive
 .text.HAL_SYSTICK_CLKSourceConfig
                0x0000000008000ea4       0x18 ./build/stm32l4xx_hal_cortex.o
                0x0000000008000ea4                HAL_SYSTICK_CLKSourceConfig
 .text.HAL_SYSTICK_Callback
                0x0000000008000ebc        0x2 ./build/stm32l4xx_hal_cortex.o
                0x0000000008000ebc                HAL_SYSTICK_Callback
 .text.HAL_SYSTICK_IRQHandler
                0x0000000008000ebe        0x8 ./build/stm32l4xx_hal_cortex.o
                0x0000000008000ebe                HAL_SYSTICK_IRQHandler
 *fill*         0x0000000008000ec6        0x2 
 .text.HAL_MPU_Disable
                0x0000000008000ec8       0x20 ./build/stm32l4xx_hal_cortex.o
                0x0000000008000ec8                HAL_MPU_Disable
 .text.HAL_MPU_Enable
                0x0000000008000ee8       0x24 ./build/stm32l4xx_hal_cortex.o
                0x0000000008000ee8                HAL_MPU_Enable
 .text.HAL_MPU_ConfigRegion
                0x0000000008000f0c       0x50 ./build/stm32l4xx_hal_cortex.o
                0x0000000008000f0c                HAL_MPU_ConfigRegion
 .text.RCC_SetFlashLatencyFromMSIRange
                0x0000000008000f5c       0x84 ./build/stm32l4xx_hal_rcc.o
 .text.HAL_RCC_DeInit
                0x0000000008000fe0       0xe0 ./build/stm32l4xx_hal_rcc.o
                0x0000000008000fe0                HAL_RCC_DeInit
 .text.HAL_RCC_MCOConfig
                0x00000000080010c0       0x50 ./build/stm32l4xx_hal_rcc.o
                0x00000000080010c0                HAL_RCC_MCOConfig
 .text.HAL_RCC_GetSysClockFreq
                0x0000000008001110       0x9c ./build/stm32l4xx_hal_rcc.o
                0x0000000008001110                HAL_RCC_GetSysClockFreq
 .text.HAL_RCC_OscConfig
                0x00000000080011ac      0x4c4 ./build/stm32l4xx_hal_rcc.o
                0x00000000080011ac                HAL_RCC_OscConfig
 .text.HAL_RCC_ClockConfig
                0x0000000008001670      0x128 ./build/stm32l4xx_hal_rcc.o
                0x0000000008001670                HAL_RCC_ClockConfig
 .text.HAL_RCC_GetHCLKFreq
                0x0000000008001798        0xc ./build/stm32l4xx_hal_rcc.o
                0x0000000008001798                HAL_RCC_GetHCLKFreq
 .text.HAL_RCC_GetPCLK1Freq
                0x00000000080017a4       0x24 ./build/stm32l4xx_hal_rcc.o
                0x00000000080017a4                HAL_RCC_GetPCLK1Freq
 .text.HAL_RCC_GetPCLK2Freq
                0x00000000080017c8       0x24 ./build/stm32l4xx_hal_rcc.o
                0x00000000080017c8                HAL_RCC_GetPCLK2Freq
 .text.HAL_RCC_GetOscConfig
                0x00000000080017ec       0xc4 ./build/stm32l4xx_hal_rcc.o
                0x00000000080017ec                HAL_RCC_GetOscConfig
 .text.HAL_RCC_GetClockConfig
                0x00000000080018b0       0x3c ./build/stm32l4xx_hal_rcc.o
                0x00000000080018b0                HAL_RCC_GetClockConfig
 .text.HAL_RCC_EnableCSS
                0x00000000080018ec       0x10 ./build/stm32l4xx_hal_rcc.o
                0x00000000080018ec                HAL_RCC_EnableCSS
 .text.HAL_RCC_CSSCallback
                0x00000000080018fc        0x2 ./build/stm32l4xx_hal_rcc.o
                0x00000000080018fc                HAL_RCC_CSSCallback
 *fill*         0x00000000080018fe        0x2 
 .text.HAL_RCC_NMI_IRQHandler
                0x0000000008001900       0x1c ./build/stm32l4xx_hal_rcc.o
                0x0000000008001900                HAL_RCC_NMI_IRQHandler
 .text.HAL_PWREx_GetVoltageRange
                0x000000000800191c       0x10 ./build/stm32l4xx_hal_pwr_ex.o
                0x000000000800191c                HAL_PWREx_GetVoltageRange
 .text.HAL_PWREx_ControlVoltageScaling
                0x000000000800192c       0x6c ./build/stm32l4xx_hal_pwr_ex.o
                0x000000000800192c                HAL_PWREx_ControlVoltageScaling
 .text.HAL_PWREx_EnableBatteryCharging
                0x0000000008001998       0x1c ./build/stm32l4xx_hal_pwr_ex.o
                0x0000000008001998                HAL_PWREx_EnableBatteryCharging
 .text.HAL_PWREx_DisableBatteryCharging
                0x00000000080019b4       0x10 ./build/stm32l4xx_hal_pwr_ex.o
                0x00000000080019b4                HAL_PWREx_DisableBatteryCharging
 .text.HAL_PWREx_EnableVddUSB
                0x00000000080019c4       0x10 ./build/stm32l4xx_hal_pwr_ex.o
                0x00000000080019c4                HAL_PWREx_EnableVddUSB
 .text.HAL_PWREx_DisableVddUSB
                0x00000000080019d4       0x10 ./build/stm32l4xx_hal_pwr_ex.o
                0x00000000080019d4                HAL_PWREx_DisableVddUSB
 .text.HAL_PWREx_EnableVddIO2
                0x00000000080019e4       0x10 ./build/stm32l4xx_hal_pwr_ex.o
                0x00000000080019e4                HAL_PWREx_EnableVddIO2
 .text.HAL_PWREx_DisableVddIO2
                0x00000000080019f4       0x10 ./build/stm32l4xx_hal_pwr_ex.o
                0x00000000080019f4                HAL_PWREx_DisableVddIO2
 .text.HAL_PWREx_EnableInternalWakeUpLine
                0x0000000008001a04       0x10 ./build/stm32l4xx_hal_pwr_ex.o
                0x0000000008001a04                HAL_PWREx_EnableInternalWakeUpLine
 .text.HAL_PWREx_DisableInternalWakeUpLine
                0x0000000008001a14       0x10 ./build/stm32l4xx_hal_pwr_ex.o
                0x0000000008001a14                HAL_PWREx_DisableInternalWakeUpLine
 .text.HAL_PWREx_EnableGPIOPullUp
                0x0000000008001a24       0xbc ./build/stm32l4xx_hal_pwr_ex.o
                0x0000000008001a24                HAL_PWREx_EnableGPIOPullUp
 .text.HAL_PWREx_DisableGPIOPullUp
                0x0000000008001ae0       0x84 ./build/stm32l4xx_hal_pwr_ex.o
                0x0000000008001ae0                HAL_PWREx_DisableGPIOPullUp
 .text.HAL_PWREx_EnableGPIOPullDown
                0x0000000008001b64       0xbc ./build/stm32l4xx_hal_pwr_ex.o
                0x0000000008001b64                HAL_PWREx_EnableGPIOPullDown
 .text.HAL_PWREx_DisableGPIOPullDown
                0x0000000008001c20       0x88 ./build/stm32l4xx_hal_pwr_ex.o
                0x0000000008001c20                HAL_PWREx_DisableGPIOPullDown
 .text.HAL_PWREx_EnablePullUpPullDownConfig
                0x0000000008001ca8       0x10 ./build/stm32l4xx_hal_pwr_ex.o
                0x0000000008001ca8                HAL_PWREx_EnablePullUpPullDownConfig
 .text.HAL_PWREx_DisablePullUpPullDownConfig
                0x0000000008001cb8       0x10 ./build/stm32l4xx_hal_pwr_ex.o
                0x0000000008001cb8                HAL_PWREx_DisablePullUpPullDownConfig
 .text.HAL_PWREx_EnableSRAM2ContentRetention
                0x0000000008001cc8       0x10 ./build/stm32l4xx_hal_pwr_ex.o
                0x0000000008001cc8                HAL_PWREx_EnableSRAM2ContentRetention
 .text.HAL_PWREx_DisableSRAM2ContentRetention
                0x0000000008001cd8       0x10 ./build/stm32l4xx_hal_pwr_ex.o
                0x0000000008001cd8                HAL_PWREx_DisableSRAM2ContentRetention
 .text.HAL_PWREx_EnablePVM1
                0x0000000008001ce8       0x10 ./build/stm32l4xx_hal_pwr_ex.o
                0x0000000008001ce8                HAL_PWREx_EnablePVM1
 .text.HAL_PWREx_DisablePVM1
                0x0000000008001cf8       0x10 ./build/stm32l4xx_hal_pwr_ex.o
                0x0000000008001cf8                HAL_PWREx_DisablePVM1
 .text.HAL_PWREx_EnablePVM2
                0x0000000008001d08       0x10 ./build/stm32l4xx_hal_pwr_ex.o
                0x0000000008001d08                HAL_PWREx_EnablePVM2
 .text.HAL_PWREx_DisablePVM2
                0x0000000008001d18       0x10 ./build/stm32l4xx_hal_pwr_ex.o
                0x0000000008001d18                HAL_PWREx_DisablePVM2
 .text.HAL_PWREx_EnablePVM3
                0x0000000008001d28       0x10 ./build/stm32l4xx_hal_pwr_ex.o
                0x0000000008001d28                HAL_PWREx_EnablePVM3
 .text.HAL_PWREx_DisablePVM3
                0x0000000008001d38       0x10 ./build/stm32l4xx_hal_pwr_ex.o
                0x0000000008001d38                HAL_PWREx_DisablePVM3
 .text.HAL_PWREx_EnablePVM4
                0x0000000008001d48       0x10 ./build/stm32l4xx_hal_pwr_ex.o
                0x0000000008001d48                HAL_PWREx_EnablePVM4
 .text.HAL_PWREx_DisablePVM4
                0x0000000008001d58       0x10 ./build/stm32l4xx_hal_pwr_ex.o
                0x0000000008001d58                HAL_PWREx_DisablePVM4
 .text.HAL_PWREx_ConfigPVM
                0x0000000008001d68      0x174 ./build/stm32l4xx_hal_pwr_ex.o
                0x0000000008001d68                HAL_PWREx_ConfigPVM
 .text.HAL_PWREx_EnableLowPowerRunMode
                0x0000000008001edc       0x10 ./build/stm32l4xx_hal_pwr_ex.o
                0x0000000008001edc                HAL_PWREx_EnableLowPowerRunMode
 .text.HAL_PWREx_DisableLowPowerRunMode
                0x0000000008001eec       0x44 ./build/stm32l4xx_hal_pwr_ex.o
                0x0000000008001eec                HAL_PWREx_DisableLowPowerRunMode
 .text.HAL_PWREx_EnterSTOP0Mode
                0x0000000008001f30       0x34 ./build/stm32l4xx_hal_pwr_ex.o
                0x0000000008001f30                HAL_PWREx_EnterSTOP0Mode
 .text.HAL_PWREx_EnterSTOP1Mode
                0x0000000008001f64       0x38 ./build/stm32l4xx_hal_pwr_ex.o
                0x0000000008001f64                HAL_PWREx_EnterSTOP1Mode
 .text.HAL_PWREx_EnterSTOP2Mode
                0x0000000008001f9c       0x38 ./build/stm32l4xx_hal_pwr_ex.o
                0x0000000008001f9c                HAL_PWREx_EnterSTOP2Mode
 .text.HAL_PWREx_EnterSHUTDOWNMode
                0x0000000008001fd4       0x24 ./build/stm32l4xx_hal_pwr_ex.o
                0x0000000008001fd4                HAL_PWREx_EnterSHUTDOWNMode
 .text.HAL_PWREx_PVM1Callback
                0x0000000008001ff8        0x2 ./build/stm32l4xx_hal_pwr_ex.o
                0x0000000008001ff8                HAL_PWREx_PVM1Callback
 .text.HAL_PWREx_PVM2Callback
                0x0000000008001ffa        0x2 ./build/stm32l4xx_hal_pwr_ex.o
                0x0000000008001ffa                HAL_PWREx_PVM2Callback
 .text.HAL_PWREx_PVM3Callback
                0x0000000008001ffc        0x2 ./build/stm32l4xx_hal_pwr_ex.o
                0x0000000008001ffc                HAL_PWREx_PVM3Callback
 .text.HAL_PWREx_PVM4Callback
                0x0000000008001ffe        0x2 ./build/stm32l4xx_hal_pwr_ex.o
                0x0000000008001ffe                HAL_PWREx_PVM4Callback
 .text.HAL_PWREx_PVD_PVM_IRQHandler
                0x0000000008002000       0x54 ./build/stm32l4xx_hal_pwr_ex.o
                0x0000000008002000                HAL_PWREx_PVD_PVM_IRQHandler
 .text.HAL_GPIO_Init
                0x0000000008002054      0x1bc ./build/stm32l4xx_hal_gpio.o
                0x0000000008002054                HAL_GPIO_Init
 .text.HAL_GPIO_DeInit
                0x0000000008002210      0x11c ./build/stm32l4xx_hal_gpio.o
                0x0000000008002210                HAL_GPIO_DeInit
 .text.HAL_GPIO_ReadPin
                0x000000000800232c        0xc ./build/stm32l4xx_hal_gpio.o
                0x000000000800232c                HAL_GPIO_ReadPin
 .text.HAL_GPIO_WritePin
                0x0000000008002338        0xa ./build/stm32l4xx_hal_gpio.o
                0x0000000008002338                HAL_GPIO_WritePin
 .text.HAL_GPIO_TogglePin
                0x0000000008002342        0xc ./build/stm32l4xx_hal_gpio.o
                0x0000000008002342                HAL_GPIO_TogglePin
 .text.HAL_GPIO_LockPin
                0x000000000800234e       0x2a ./build/stm32l4xx_hal_gpio.o
                0x000000000800234e                HAL_GPIO_LockPin
 .text.HAL_GPIO_EXTI_Callback
                0x0000000008002378        0x2 ./build/stm32l4xx_hal_gpio.o
                0x0000000008002378                HAL_GPIO_EXTI_Callback
 *fill*         0x000000000800237a        0x2 
 .text.HAL_GPIO_EXTI_IRQHandler
                0x000000000800237c       0x18 ./build/stm32l4xx_hal_gpio.o
                0x000000000800237c                HAL_GPIO_EXTI_IRQHandler
 .text.HAL_PWR_DeInit
                0x0000000008002394       0x18 ./build/stm32l4xx_hal_pwr.o
                0x0000000008002394                HAL_PWR_DeInit
 .text.HAL_PWR_EnableBkUpAccess
                0x00000000080023ac       0x10 ./build/stm32l4xx_hal_pwr.o
                0x00000000080023ac                HAL_PWR_EnableBkUpAccess
 .text.HAL_PWR_DisableBkUpAccess
                0x00000000080023bc       0x10 ./build/stm32l4xx_hal_pwr.o
                0x00000000080023bc                HAL_PWR_DisableBkUpAccess
 .text.HAL_PWR_ConfigPVD
                0x00000000080023cc       0x70 ./build/stm32l4xx_hal_pwr.o
                0x00000000080023cc                HAL_PWR_ConfigPVD
 .text.HAL_PWR_EnablePVD
                0x000000000800243c       0x10 ./build/stm32l4xx_hal_pwr.o
                0x000000000800243c                HAL_PWR_EnablePVD
 .text.HAL_PWR_DisablePVD
                0x000000000800244c       0x10 ./build/stm32l4xx_hal_pwr.o
                0x000000000800244c                HAL_PWR_DisablePVD
 .text.HAL_PWR_EnableWakeUpPin
                0x000000000800245c       0x20 ./build/stm32l4xx_hal_pwr.o
                0x000000000800245c                HAL_PWR_EnableWakeUpPin
 .text.HAL_PWR_DisableWakeUpPin
                0x000000000800247c       0x14 ./build/stm32l4xx_hal_pwr.o
                0x000000000800247c                HAL_PWR_DisableWakeUpPin
 .text.HAL_PWR_EnterSLEEPMode
                0x0000000008002490       0x40 ./build/stm32l4xx_hal_pwr.o
                0x0000000008002490                HAL_PWR_EnterSLEEPMode
 .text.HAL_PWR_EnterSTOPMode
                0x00000000080024d0       0x12 ./build/stm32l4xx_hal_pwr.o
                0x00000000080024d0                HAL_PWR_EnterSTOPMode
 *fill*         0x00000000080024e2        0x2 
 .text.HAL_PWR_EnterSTANDBYMode
                0x00000000080024e4       0x24 ./build/stm32l4xx_hal_pwr.o
                0x00000000080024e4                HAL_PWR_EnterSTANDBYMode
 .text.HAL_PWR_EnableSleepOnExit
                0x0000000008002508       0x10 ./build/stm32l4xx_hal_pwr.o
                0x0000000008002508                HAL_PWR_EnableSleepOnExit
 .text.HAL_PWR_DisableSleepOnExit
                0x0000000008002518       0x10 ./build/stm32l4xx_hal_pwr.o
                0x0000000008002518                HAL_PWR_DisableSleepOnExit
 .text.HAL_PWR_EnableSEVOnPend
                0x0000000008002528       0x10 ./build/stm32l4xx_hal_pwr.o
                0x0000000008002528                HAL_PWR_EnableSEVOnPend
 .text.HAL_PWR_DisableSEVOnPend
                0x0000000008002538       0x10 ./build/stm32l4xx_hal_pwr.o
                0x0000000008002538                HAL_PWR_DisableSEVOnPend
 .text.HAL_PWR_PVDCallback
                0x0000000008002548        0x2 ./build/stm32l4xx_hal_pwr.o
                0x0000000008002548                HAL_PWR_PVDCallback
 .text.UART_EndRxTransfer
                0x000000000800254a       0x1c ./build/stm32l4xx_hal_uart.o
 .text.UART_TxISR_8BIT
                0x0000000008002566       0x3a ./build/stm32l4xx_hal_uart.o
 .text.UART_TxISR_16BIT
                0x00000000080025a0       0x3e ./build/stm32l4xx_hal_uart.o
 .text.HAL_UART_MspInit
                0x00000000080025de        0x2 ./build/stm32l4xx_hal_uart.o
                0x00000000080025de                HAL_UART_MspInit
 .text.HAL_UART_MspDeInit
                0x00000000080025e0        0x2 ./build/stm32l4xx_hal_uart.o
                0x00000000080025e0                HAL_UART_MspDeInit
 .text.HAL_UART_DeInit
                0x00000000080025e2       0x32 ./build/stm32l4xx_hal_uart.o
                0x00000000080025e2                HAL_UART_DeInit
 .text.HAL_UART_Transmit_IT
                0x0000000008002614       0x64 ./build/stm32l4xx_hal_uart.o
                0x0000000008002614                HAL_UART_Transmit_IT
 .text.HAL_UART_Receive_IT
                0x0000000008002678       0xb0 ./build/stm32l4xx_hal_uart.o
                0x0000000008002678                HAL_UART_Receive_IT
 .text.HAL_UART_Transmit_DMA
                0x0000000008002728       0x8c ./build/stm32l4xx_hal_uart.o
                0x0000000008002728                HAL_UART_Transmit_DMA
 .text.HAL_UART_Receive_DMA
                0x00000000080027b4       0x90 ./build/stm32l4xx_hal_uart.o
                0x00000000080027b4                HAL_UART_Receive_DMA
 .text.HAL_UART_DMAPause
                0x0000000008002844       0x58 ./build/stm32l4xx_hal_uart.o
                0x0000000008002844                HAL_UART_DMAPause
 .text.HAL_UART_DMAResume
                0x000000000800289c       0x50 ./build/stm32l4xx_hal_uart.o
                0x000000000800289c                HAL_UART_DMAResume
 .text.HAL_UART_DMAStop
                0x00000000080028ec       0x7a ./build/stm32l4xx_hal_uart.o
                0x00000000080028ec                HAL_UART_DMAStop
 .text.HAL_UART_Abort
                0x0000000008002966       0x90 ./build/stm32l4xx_hal_uart.o
                0x0000000008002966                HAL_UART_Abort
 .text.HAL_UART_AbortTransmit
                0x00000000080029f6       0x48 ./build/stm32l4xx_hal_uart.o
                0x00000000080029f6                HAL_UART_AbortTransmit
 .text.HAL_UART_AbortReceive
                0x0000000008002a3e       0x60 ./build/stm32l4xx_hal_uart.o
                0x0000000008002a3e                HAL_UART_AbortReceive
 .text.HAL_UART_TxCpltCallback
                0x0000000008002a9e        0x2 ./build/stm32l4xx_hal_uart.o
                0x0000000008002a9e                HAL_UART_TxCpltCallback
 .text.UART_DMATransmitCplt
                0x0000000008002aa0       0x2e ./build/stm32l4xx_hal_uart.o
 .text.HAL_UART_TxHalfCpltCallback
                0x0000000008002ace        0x2 ./build/stm32l4xx_hal_uart.o
                0x0000000008002ace                HAL_UART_TxHalfCpltCallback
 .text.UART_DMATxHalfCplt
                0x0000000008002ad0        0xa ./build/stm32l4xx_hal_uart.o
 .text.HAL_UART_RxCpltCallback
                0x0000000008002ada        0x2 ./build/stm32l4xx_hal_uart.o
                0x0000000008002ada                HAL_UART_RxCpltCallback
 .text.UART_RxISR_8BIT
                0x0000000008002adc       0x5a ./build/stm32l4xx_hal_uart.o
 .text.UART_RxISR_16BIT
                0x0000000008002b36       0x56 ./build/stm32l4xx_hal_uart.o
 .text.UART_DMAReceiveCplt
                0x0000000008002b8c       0x38 ./build/stm32l4xx_hal_uart.o
 .text.HAL_UART_RxHalfCpltCallback
                0x0000000008002bc4        0x2 ./build/stm32l4xx_hal_uart.o
                0x0000000008002bc4                HAL_UART_RxHalfCpltCallback
 .text.UART_DMARxHalfCplt
                0x0000000008002bc6        0xa ./build/stm32l4xx_hal_uart.o
 .text.HAL_UART_ErrorCallback
                0x0000000008002bd0        0x2 ./build/stm32l4xx_hal_uart.o
                0x0000000008002bd0                HAL_UART_ErrorCallback
 .text.UART_DMAError
                0x0000000008002bd2       0x48 ./build/stm32l4xx_hal_uart.o
 *fill*         0x0000000008002c1a        0x2 
 .text.HAL_UART_IRQHandler
                0x0000000008002c1c      0x12c ./build/stm32l4xx_hal_uart.o
                0x0000000008002c1c                HAL_UART_IRQHandler
 .text.UART_DMAAbortOnError
                0x0000000008002d48       0x14 ./build/stm32l4xx_hal_uart.o
 .text.HAL_UART_AbortCpltCallback
                0x0000000008002d5c        0x2 ./build/stm32l4xx_hal_uart.o
                0x0000000008002d5c                HAL_UART_AbortCpltCallback
 *fill*         0x0000000008002d5e        0x2 
 .text.HAL_UART_Abort_IT
                0x0000000008002d60       0xbc ./build/stm32l4xx_hal_uart.o
                0x0000000008002d60                HAL_UART_Abort_IT
 .text.UART_DMARxAbortCallback
                0x0000000008002e1c       0x38 ./build/stm32l4xx_hal_uart.o
 .text.UART_DMATxAbortCallback
                0x0000000008002e54       0x2e ./build/stm32l4xx_hal_uart.o
 .text.HAL_UART_AbortTransmitCpltCallback
                0x0000000008002e82        0x2 ./build/stm32l4xx_hal_uart.o
                0x0000000008002e82                HAL_UART_AbortTransmitCpltCallback
 .text.HAL_UART_AbortTransmit_IT
                0x0000000008002e84       0x4c ./build/stm32l4xx_hal_uart.o
                0x0000000008002e84                HAL_UART_AbortTransmit_IT
 .text.UART_DMATxOnlyAbortCallback
                0x0000000008002ed0       0x14 ./build/stm32l4xx_hal_uart.o
 .text.HAL_UART_AbortReceiveCpltCallback
                0x0000000008002ee4        0x2 ./build/stm32l4xx_hal_uart.o
                0x0000000008002ee4                HAL_UART_AbortReceiveCpltCallback
 *fill*         0x0000000008002ee6        0x2 
 .text.HAL_UART_AbortReceive_IT
                0x0000000008002ee8       0x70 ./build/stm32l4xx_hal_uart.o
                0x0000000008002ee8                HAL_UART_AbortReceive_IT
 .text.UART_DMARxOnlyAbortCallback
                0x0000000008002f58       0x24 ./build/stm32l4xx_hal_uart.o
 .text.HAL_MultiProcessor_EnterMuteMode
                0x0000000008002f7c        0xe ./build/stm32l4xx_hal_uart.o
                0x0000000008002f7c                HAL_MultiProcessor_EnterMuteMode
 .text.HAL_HalfDuplex_EnableTransmitter
                0x0000000008002f8a       0x30 ./build/stm32l4xx_hal_uart.o
                0x0000000008002f8a                HAL_HalfDuplex_EnableTransmitter
 .text.HAL_HalfDuplex_EnableReceiver
                0x0000000008002fba       0x30 ./build/stm32l4xx_hal_uart.o
                0x0000000008002fba                HAL_HalfDuplex_EnableReceiver
 .text.HAL_LIN_SendBreak
                0x0000000008002fea       0x2a ./build/stm32l4xx_hal_uart.o
                0x0000000008002fea                HAL_LIN_SendBreak
 .text.HAL_UART_GetState
                0x0000000008003014        0x8 ./build/stm32l4xx_hal_uart.o
                0x0000000008003014                HAL_UART_GetState
 .text.HAL_UART_GetError
                0x000000000800301c        0x4 ./build/stm32l4xx_hal_uart.o
                0x000000000800301c                HAL_UART_GetError
 .text.UART_SetConfig
                0x0000000008003020      0x330 ./build/stm32l4xx_hal_uart.o
                0x0000000008003020                UART_SetConfig
 .text.UART_AdvFeatureConfig
                0x0000000008003350       0xa8 ./build/stm32l4xx_hal_uart.o
                0x0000000008003350                UART_AdvFeatureConfig
 .text.UART_WaitOnFlagUntilTimeout
                0x00000000080033f8       0x60 ./build/stm32l4xx_hal_uart.o
                0x00000000080033f8                UART_WaitOnFlagUntilTimeout
 .text.HAL_UART_Transmit
                0x0000000008003458       0xb0 ./build/stm32l4xx_hal_uart.o
                0x0000000008003458                HAL_UART_Transmit
 .text.HAL_UART_Receive
                0x0000000008003508       0xe6 ./build/stm32l4xx_hal_uart.o
                0x0000000008003508                HAL_UART_Receive
 .text.UART_CheckIdleState
                0x00000000080035ee       0x62 ./build/stm32l4xx_hal_uart.o
                0x00000000080035ee                UART_CheckIdleState
 .text.HAL_UART_Init
                0x0000000008003650       0x5c ./build/stm32l4xx_hal_uart.o
                0x0000000008003650                HAL_UART_Init
 .text.HAL_HalfDuplex_Init
                0x00000000080036ac       0x64 ./build/stm32l4xx_hal_uart.o
                0x00000000080036ac                HAL_HalfDuplex_Init
 .text.HAL_LIN_Init
                0x0000000008003710       0x80 ./build/stm32l4xx_hal_uart.o
                0x0000000008003710                HAL_LIN_Init
 .text.HAL_MultiProcessor_Init
                0x0000000008003790       0x7e ./build/stm32l4xx_hal_uart.o
                0x0000000008003790                HAL_MultiProcessor_Init
 .text.HAL_MultiProcessor_EnableMuteMode
                0x000000000800380e       0x28 ./build/stm32l4xx_hal_uart.o
                0x000000000800380e                HAL_MultiProcessor_EnableMuteMode
 .text.HAL_MultiProcessor_DisableMuteMode
                0x0000000008003836       0x28 ./build/stm32l4xx_hal_uart.o
                0x0000000008003836                HAL_MultiProcessor_DisableMuteMode
 *fill*         0x000000000800385e        0x2 
 .text.HAL_DMA_Init
                0x0000000008003860       0xd4 ./build/stm32l4xx_hal_dma.o
                0x0000000008003860                HAL_DMA_Init
 .text.HAL_DMA_DeInit
                0x0000000008003934       0x9c ./build/stm32l4xx_hal_dma.o
                0x0000000008003934                HAL_DMA_DeInit
 .text.HAL_DMA_Start
                0x00000000080039d0       0x62 ./build/stm32l4xx_hal_dma.o
                0x00000000080039d0                HAL_DMA_Start
 .text.HAL_DMA_Start_IT
                0x0000000008003a32       0x7e ./build/stm32l4xx_hal_dma.o
                0x0000000008003a32                HAL_DMA_Start_IT
 .text.HAL_DMA_Abort
                0x0000000008003ab0       0x46 ./build/stm32l4xx_hal_dma.o
                0x0000000008003ab0                HAL_DMA_Abort
 .text.HAL_DMA_Abort_IT
                0x0000000008003af6       0x4c ./build/stm32l4xx_hal_dma.o
                0x0000000008003af6                HAL_DMA_Abort_IT
 .text.HAL_DMA_PollForTransfer
                0x0000000008003b42       0xce ./build/stm32l4xx_hal_dma.o
                0x0000000008003b42                HAL_DMA_PollForTransfer
 .text.HAL_DMA_IRQHandler
                0x0000000008003c10       0x94 ./build/stm32l4xx_hal_dma.o
                0x0000000008003c10                HAL_DMA_IRQHandler
 .text.HAL_DMA_RegisterCallback
                0x0000000008003ca4       0x44 ./build/stm32l4xx_hal_dma.o
                0x0000000008003ca4                HAL_DMA_RegisterCallback
 .text.HAL_DMA_UnRegisterCallback
                0x0000000008003ce8       0x54 ./build/stm32l4xx_hal_dma.o
                0x0000000008003ce8                HAL_DMA_UnRegisterCallback
 .text.HAL_DMA_GetState
                0x0000000008003d3c        0x6 ./build/stm32l4xx_hal_dma.o
                0x0000000008003d3c                HAL_DMA_GetState
 .text.HAL_DMA_GetError
                0x0000000008003d42        0x4 ./build/stm32l4xx_hal_dma.o
                0x0000000008003d42                HAL_DMA_GetError
 .text.HAL_RS485Ex_Init
                0x0000000008003d46       0x80 ./build/stm32l4xx_hal_uart_ex.o
                0x0000000008003d46                HAL_RS485Ex_Init
 .text.HAL_UARTEx_WakeupCallback
                0x0000000008003dc6        0x2 ./build/stm32l4xx_hal_uart_ex.o
                0x0000000008003dc6                HAL_UARTEx_WakeupCallback
 .text.HAL_UARTEx_EnableClockStopMode
                0x0000000008003dc8       0x20 ./build/stm32l4xx_hal_uart_ex.o
                0x0000000008003dc8                HAL_UARTEx_EnableClockStopMode
 .text.HAL_UARTEx_DisableClockStopMode
                0x0000000008003de8       0x20 ./build/stm32l4xx_hal_uart_ex.o
                0x0000000008003de8                HAL_UARTEx_DisableClockStopMode
 .text.HAL_MultiProcessorEx_AddressLength_Set
                0x0000000008003e08       0x2a ./build/stm32l4xx_hal_uart_ex.o
                0x0000000008003e08                HAL_MultiProcessorEx_AddressLength_Set
 .text.HAL_UARTEx_StopModeWakeUpSourceConfig
                0x0000000008003e32       0x8a ./build/stm32l4xx_hal_uart_ex.o
                0x0000000008003e32                HAL_UARTEx_StopModeWakeUpSourceConfig
 .text.HAL_UARTEx_EnableStopMode
                0x0000000008003ebc       0x20 ./build/stm32l4xx_hal_uart_ex.o
                0x0000000008003ebc                HAL_UARTEx_EnableStopMode
 .text.HAL_UARTEx_DisableStopMode
                0x0000000008003edc       0x20 ./build/stm32l4xx_hal_uart_ex.o
                0x0000000008003edc                HAL_UARTEx_DisableStopMode
 .text.RCCEx_GetSAIxPeriphCLKFreq
                0x0000000008003efc       0xc4 ./build/stm32l4xx_hal_rcc_ex.o
 .text.RCCEx_PLLSAI1_Config
                0x0000000008003fc0      0x118 ./build/stm32l4xx_hal_rcc_ex.o
 .text.RCCEx_PLLSAI2_Config
                0x00000000080040d8       0xfc ./build/stm32l4xx_hal_rcc_ex.o
 .text.HAL_RCCEx_PeriphCLKConfig
                0x00000000080041d4      0x3d4 ./build/stm32l4xx_hal_rcc_ex.o
                0x00000000080041d4                HAL_RCCEx_PeriphCLKConfig
 .text.HAL_RCCEx_GetPeriphCLKConfig
                0x00000000080045a8      0x140 ./build/stm32l4xx_hal_rcc_ex.o
                0x00000000080045a8                HAL_RCCEx_GetPeriphCLKConfig
 .text.HAL_RCCEx_GetPeriphCLKFreq
                0x00000000080046e8      0x3a8 ./build/stm32l4xx_hal_rcc_ex.o
                0x00000000080046e8                HAL_RCCEx_GetPeriphCLKFreq
 .text.HAL_RCCEx_EnablePLLSAI1
                0x0000000008004a90       0x88 ./build/stm32l4xx_hal_rcc_ex.o
                0x0000000008004a90                HAL_RCCEx_EnablePLLSAI1
 .text.HAL_RCCEx_DisablePLLSAI1
                0x0000000008004b18       0x4c ./build/stm32l4xx_hal_rcc_ex.o
                0x0000000008004b18                HAL_RCCEx_DisablePLLSAI1
 .text.HAL_RCCEx_EnablePLLSAI2
                0x0000000008004b64       0x7c ./build/stm32l4xx_hal_rcc_ex.o
                0x0000000008004b64                HAL_RCCEx_EnablePLLSAI2
 .text.HAL_RCCEx_DisablePLLSAI2
                0x0000000008004be0       0x4c ./build/stm32l4xx_hal_rcc_ex.o
                0x0000000008004be0                HAL_RCCEx_DisablePLLSAI2
 .text.HAL_RCCEx_WakeUpStopCLKConfig
                0x0000000008004c2c       0x14 ./build/stm32l4xx_hal_rcc_ex.o
                0x0000000008004c2c                HAL_RCCEx_WakeUpStopCLKConfig
 .text.HAL_RCCEx_StandbyMSIRangeConfig
                0x0000000008004c40       0x18 ./build/stm32l4xx_hal_rcc_ex.o
                0x0000000008004c40                HAL_RCCEx_StandbyMSIRangeConfig
 .text.HAL_RCCEx_EnableLSECSS
                0x0000000008004c58       0x14 ./build/stm32l4xx_hal_rcc_ex.o
                0x0000000008004c58                HAL_RCCEx_EnableLSECSS
 .text.HAL_RCCEx_DisableLSECSS
                0x0000000008004c6c       0x1c ./build/stm32l4xx_hal_rcc_ex.o
                0x0000000008004c6c                HAL_RCCEx_DisableLSECSS
 .text.HAL_RCCEx_EnableLSECSS_IT
                0x0000000008004c88       0x30 ./build/stm32l4xx_hal_rcc_ex.o
                0x0000000008004c88                HAL_RCCEx_EnableLSECSS_IT
 .text.HAL_RCCEx_LSECSS_Callback
                0x0000000008004cb8        0x2 ./build/stm32l4xx_hal_rcc_ex.o
                0x0000000008004cb8                HAL_RCCEx_LSECSS_Callback
 *fill*         0x0000000008004cba        0x2 
 .text.HAL_RCCEx_LSECSS_IRQHandler
                0x0000000008004cbc       0x1c ./build/stm32l4xx_hal_rcc_ex.o
                0x0000000008004cbc                HAL_RCCEx_LSECSS_IRQHandler
 .text.HAL_RCCEx_EnableLSCO
                0x0000000008004cd8       0x90 ./build/stm32l4xx_hal_rcc_ex.o
                0x0000000008004cd8                HAL_RCCEx_EnableLSCO
 .text.HAL_RCCEx_DisableLSCO
                0x0000000008004d68       0x5c ./build/stm32l4xx_hal_rcc_ex.o
                0x0000000008004d68                HAL_RCCEx_DisableLSCO
 .text.HAL_RCCEx_EnableMSIPLLMode
                0x0000000008004dc4       0x10 ./build/stm32l4xx_hal_rcc_ex.o
                0x0000000008004dc4                HAL_RCCEx_EnableMSIPLLMode
 .text.HAL_RCCEx_DisableMSIPLLMode
                0x0000000008004dd4       0x10 ./build/stm32l4xx_hal_rcc_ex.o
                0x0000000008004dd4                HAL_RCCEx_DisableMSIPLLMode
 .text.I2C_Flush_TXDR
                0x0000000008004de4       0x1c ./build/stm32l4xx_hal_i2c.o
 .text.I2C_TransferConfig
                0x0000000008004e00       0x28 ./build/stm32l4xx_hal_i2c.o
 .text.I2C_Enable_IRQ
                0x0000000008004e28       0x60 ./build/stm32l4xx_hal_i2c.o
 .text.I2C_Disable_IRQ
                0x0000000008004e88       0x42 ./build/stm32l4xx_hal_i2c.o
 .text.I2C_ConvertOtherXferOptions
                0x0000000008004eca       0x1a ./build/stm32l4xx_hal_i2c.o
 .text.I2C_IsAcknowledgeFailed
                0x0000000008004ee4       0x7a ./build/stm32l4xx_hal_i2c.o
 .text.I2C_WaitOnRXNEFlagUntilTimeout
                0x0000000008004f5e       0x7e ./build/stm32l4xx_hal_i2c.o
 .text.I2C_WaitOnSTOPFlagUntilTimeout
                0x0000000008004fdc       0x4a ./build/stm32l4xx_hal_i2c.o
 .text.I2C_WaitOnFlagUntilTimeout
                0x0000000008005026       0x54 ./build/stm32l4xx_hal_i2c.o
 .text.I2C_WaitOnTXISFlagUntilTimeout
                0x000000000800507a       0x4e ./build/stm32l4xx_hal_i2c.o
 .text.I2C_RequestMemoryWrite
                0x00000000080050c8       0x6c ./build/stm32l4xx_hal_i2c.o
 .text.I2C_RequestMemoryRead
                0x0000000008005134       0x6c ./build/stm32l4xx_hal_i2c.o
 .text.HAL_I2C_MspInit
                0x00000000080051a0        0x2 ./build/stm32l4xx_hal_i2c.o
 .text.HAL_I2C_Init
                0x00000000080051a2       0xa2 ./build/stm32l4xx_hal_i2c.o
                0x00000000080051a2                HAL_I2C_Init
 .text.HAL_I2C_MspDeInit
                0x0000000008005244        0x2 ./build/stm32l4xx_hal_i2c.o
 .text.HAL_I2C_DeInit
                0x0000000008005246       0x32 ./build/stm32l4xx_hal_i2c.o
                0x0000000008005246                HAL_I2C_DeInit
 .text.HAL_I2C_Master_Transmit
                0x0000000008005278      0x12c ./build/stm32l4xx_hal_i2c.o
                0x0000000008005278                HAL_I2C_Master_Transmit
 .text.HAL_I2C_Master_Receive
                0x00000000080053a4      0x130 ./build/stm32l4xx_hal_i2c.o
                0x00000000080053a4                HAL_I2C_Master_Receive
 .text.HAL_I2C_Slave_Transmit
                0x00000000080054d4      0x138 ./build/stm32l4xx_hal_i2c.o
                0x00000000080054d4                HAL_I2C_Slave_Transmit
 .text.HAL_I2C_Slave_Receive
                0x000000000800560c      0x12a ./build/stm32l4xx_hal_i2c.o
                0x000000000800560c                HAL_I2C_Slave_Receive
 *fill*         0x0000000008005736        0x2 
 .text.HAL_I2C_Master_Transmit_IT
                0x0000000008005738       0x88 ./build/stm32l4xx_hal_i2c.o
                0x0000000008005738                HAL_I2C_Master_Transmit_IT
 .text.HAL_I2C_Master_Receive_IT
                0x00000000080057c0       0x88 ./build/stm32l4xx_hal_i2c.o
                0x00000000080057c0                HAL_I2C_Master_Receive_IT
 .text.HAL_I2C_Slave_Transmit_IT
                0x0000000008005848       0x58 ./build/stm32l4xx_hal_i2c.o
                0x0000000008005848                HAL_I2C_Slave_Transmit_IT
 .text.HAL_I2C_Slave_Receive_IT
                0x00000000080058a0       0x58 ./build/stm32l4xx_hal_i2c.o
                0x00000000080058a0                HAL_I2C_Slave_Receive_IT
 .text.HAL_I2C_Master_Transmit_DMA
                0x00000000080058f8      0x12c ./build/stm32l4xx_hal_i2c.o
                0x00000000080058f8                HAL_I2C_Master_Transmit_DMA
 .text.HAL_I2C_Master_Receive_DMA
                0x0000000008005a24      0x12c ./build/stm32l4xx_hal_i2c.o
                0x0000000008005a24                HAL_I2C_Master_Receive_DMA
 .text.HAL_I2C_Slave_Transmit_DMA
                0x0000000008005b50       0xd0 ./build/stm32l4xx_hal_i2c.o
                0x0000000008005b50                HAL_I2C_Slave_Transmit_DMA
 .text.HAL_I2C_Slave_Receive_DMA
                0x0000000008005c20       0xd4 ./build/stm32l4xx_hal_i2c.o
                0x0000000008005c20                HAL_I2C_Slave_Receive_DMA
 .text.HAL_I2C_Mem_Write
                0x0000000008005cf4      0x16c ./build/stm32l4xx_hal_i2c.o
                0x0000000008005cf4                HAL_I2C_Mem_Write
 .text.HAL_I2C_Mem_Read
                0x0000000008005e60      0x178 ./build/stm32l4xx_hal_i2c.o
                0x0000000008005e60                HAL_I2C_Mem_Read
 .text.HAL_I2C_Mem_Write_IT
                0x0000000008005fd8       0xd0 ./build/stm32l4xx_hal_i2c.o
                0x0000000008005fd8                HAL_I2C_Mem_Write_IT
 .text.HAL_I2C_Mem_Read_IT
                0x00000000080060a8       0xd4 ./build/stm32l4xx_hal_i2c.o
                0x00000000080060a8                HAL_I2C_Mem_Read_IT
 .text.HAL_I2C_Mem_Write_DMA
                0x000000000800617c      0x140 ./build/stm32l4xx_hal_i2c.o
                0x000000000800617c                HAL_I2C_Mem_Write_DMA
 .text.HAL_I2C_Mem_Read_DMA
                0x00000000080062bc      0x144 ./build/stm32l4xx_hal_i2c.o
                0x00000000080062bc                HAL_I2C_Mem_Read_DMA
 .text.HAL_I2C_IsDeviceReady
                0x0000000008006400      0x13a ./build/stm32l4xx_hal_i2c.o
                0x0000000008006400                HAL_I2C_IsDeviceReady
 *fill*         0x000000000800653a        0x2 
 .text.HAL_I2C_Master_Seq_Transmit_IT
                0x000000000800653c       0xa4 ./build/stm32l4xx_hal_i2c.o
                0x000000000800653c                HAL_I2C_Master_Seq_Transmit_IT
 .text.HAL_I2C_Master_Seq_Transmit_DMA
                0x00000000080065e0      0x158 ./build/stm32l4xx_hal_i2c.o
                0x00000000080065e0                HAL_I2C_Master_Seq_Transmit_DMA
 .text.HAL_I2C_Master_Seq_Receive_IT
                0x0000000008006738       0xa4 ./build/stm32l4xx_hal_i2c.o
                0x0000000008006738                HAL_I2C_Master_Seq_Receive_IT
 .text.HAL_I2C_Master_Seq_Receive_DMA
                0x00000000080067dc      0x154 ./build/stm32l4xx_hal_i2c.o
                0x00000000080067dc                HAL_I2C_Master_Seq_Receive_DMA
 .text.HAL_I2C_Slave_Seq_Transmit_IT
                0x0000000008006930       0xc0 ./build/stm32l4xx_hal_i2c.o
                0x0000000008006930                HAL_I2C_Slave_Seq_Transmit_IT
 .text.HAL_I2C_Slave_Seq_Transmit_DMA
                0x00000000080069f0      0x164 ./build/stm32l4xx_hal_i2c.o
                0x00000000080069f0                HAL_I2C_Slave_Seq_Transmit_DMA
 .text.HAL_I2C_Slave_Seq_Receive_IT
                0x0000000008006b54       0xbc ./build/stm32l4xx_hal_i2c.o
                0x0000000008006b54                HAL_I2C_Slave_Seq_Receive_IT
 .text.HAL_I2C_Slave_Seq_Receive_DMA
                0x0000000008006c10      0x160 ./build/stm32l4xx_hal_i2c.o
                0x0000000008006c10                HAL_I2C_Slave_Seq_Receive_DMA
 .text.HAL_I2C_EnableListen_IT
                0x0000000008006d70       0x28 ./build/stm32l4xx_hal_i2c.o
                0x0000000008006d70                HAL_I2C_EnableListen_IT
 .text.HAL_I2C_DisableListen_IT
                0x0000000008006d98       0x36 ./build/stm32l4xx_hal_i2c.o
                0x0000000008006d98                HAL_I2C_DisableListen_IT
 *fill*         0x0000000008006dce        0x2 
 .text.HAL_I2C_Master_Abort_IT
                0x0000000008006dd0       0x60 ./build/stm32l4xx_hal_i2c.o
                0x0000000008006dd0                HAL_I2C_Master_Abort_IT
 .text.HAL_I2C_EV_IRQHandler
                0x0000000008006e30        0xe ./build/stm32l4xx_hal_i2c.o
                0x0000000008006e30                HAL_I2C_EV_IRQHandler
 .text.HAL_I2C_MasterTxCpltCallback
                0x0000000008006e3e        0x2 ./build/stm32l4xx_hal_i2c.o
                0x0000000008006e3e                HAL_I2C_MasterTxCpltCallback
 .text.HAL_I2C_MasterRxCpltCallback
                0x0000000008006e40        0x2 ./build/stm32l4xx_hal_i2c.o
                0x0000000008006e40                HAL_I2C_MasterRxCpltCallback
 .text.I2C_ITMasterSeqCplt
                0x0000000008006e42       0x44 ./build/stm32l4xx_hal_i2c.o
 .text.HAL_I2C_SlaveTxCpltCallback
                0x0000000008006e86        0x2 ./build/stm32l4xx_hal_i2c.o
                0x0000000008006e86                HAL_I2C_SlaveTxCpltCallback
 .text.HAL_I2C_SlaveRxCpltCallback
                0x0000000008006e88        0x2 ./build/stm32l4xx_hal_i2c.o
                0x0000000008006e88                HAL_I2C_SlaveRxCpltCallback
 .text.I2C_ITSlaveSeqCplt
                0x0000000008006e8a       0x4c ./build/stm32l4xx_hal_i2c.o
 .text.I2C_DMASlaveTransmitCplt
                0x0000000008006ed6       0x1a ./build/stm32l4xx_hal_i2c.o
 .text.I2C_DMASlaveReceiveCplt
                0x0000000008006ef0       0x22 ./build/stm32l4xx_hal_i2c.o
 .text.HAL_I2C_AddrCallback
                0x0000000008006f12        0x2 ./build/stm32l4xx_hal_i2c.o
                0x0000000008006f12                HAL_I2C_AddrCallback
 .text.I2C_ITAddrCplt.isra.0.part.0
                0x0000000008006f14       0x70 ./build/stm32l4xx_hal_i2c.o
 .text.HAL_I2C_ListenCpltCallback
                0x0000000008006f84        0x2 ./build/stm32l4xx_hal_i2c.o
                0x0000000008006f84                HAL_I2C_ListenCpltCallback
 *fill*         0x0000000008006f86        0x2 
 .text.I2C_ITListenCplt
                0x0000000008006f88       0x5c ./build/stm32l4xx_hal_i2c.o
 .text.HAL_I2C_MemTxCpltCallback
                0x0000000008006fe4        0x2 ./build/stm32l4xx_hal_i2c.o
                0x0000000008006fe4                HAL_I2C_MemTxCpltCallback
 .text.HAL_I2C_MemRxCpltCallback
                0x0000000008006fe6        0x2 ./build/stm32l4xx_hal_i2c.o
                0x0000000008006fe6                HAL_I2C_MemRxCpltCallback
 .text.HAL_I2C_ErrorCallback
                0x0000000008006fe8        0x2 ./build/stm32l4xx_hal_i2c.o
 .text.HAL_I2C_AbortCpltCallback
                0x0000000008006fea        0x2 ./build/stm32l4xx_hal_i2c.o
                0x0000000008006fea                HAL_I2C_AbortCpltCallback
 .text.I2C_ITError
                0x0000000008006fec       0xd4 ./build/stm32l4xx_hal_i2c.o
 .text.I2C_ITSlaveCplt
                0x00000000080070c0       0xf8 ./build/stm32l4xx_hal_i2c.o
 .text.I2C_Slave_ISR_IT
                0x00000000080071b8      0x130 ./build/stm32l4xx_hal_i2c.o
 .text.I2C_ITMasterCplt
                0x00000000080072e8       0xac ./build/stm32l4xx_hal_i2c.o
 .text.I2C_Master_ISR_IT
                0x0000000008007394      0x122 ./build/stm32l4xx_hal_i2c.o
 .text.I2C_Slave_ISR_DMA
                0x00000000080074b6       0xe8 ./build/stm32l4xx_hal_i2c.o
 .text.I2C_Master_ISR_DMA
                0x000000000800759e      0x104 ./build/stm32l4xx_hal_i2c.o
 .text.I2C_DMAError
                0x00000000080076a2       0x12 ./build/stm32l4xx_hal_i2c.o
 .text.I2C_DMAMasterTransmitCplt
                0x00000000080076b4       0x50 ./build/stm32l4xx_hal_i2c.o
 .text.I2C_DMAMasterReceiveCplt
                0x0000000008007704       0x50 ./build/stm32l4xx_hal_i2c.o
 .text.HAL_I2C_ER_IRQHandler
                0x0000000008007754       0x60 ./build/stm32l4xx_hal_i2c.o
                0x0000000008007754                HAL_I2C_ER_IRQHandler
 .text.I2C_DMAAbort
                0x00000000080077b4       0x28 ./build/stm32l4xx_hal_i2c.o
 .text.HAL_I2C_GetState
                0x00000000080077dc        0x6 ./build/stm32l4xx_hal_i2c.o
                0x00000000080077dc                HAL_I2C_GetState
 .text.HAL_I2C_GetMode
                0x00000000080077e2        0x6 ./build/stm32l4xx_hal_i2c.o
                0x00000000080077e2                HAL_I2C_GetMode
 .text.HAL_I2C_GetError
                0x00000000080077e8        0x4 ./build/stm32l4xx_hal_i2c.o
                0x00000000080077e8                HAL_I2C_GetError
 .text.HAL_I2CEx_ConfigAnalogFilter
                0x00000000080077ec       0x4c ./build/stm32l4xx_hal_i2c_ex.o
                0x00000000080077ec                HAL_I2CEx_ConfigAnalogFilter
 .text.HAL_I2CEx_ConfigDigitalFilter
                0x0000000008007838       0x4a ./build/stm32l4xx_hal_i2c_ex.o
                0x0000000008007838                HAL_I2CEx_ConfigDigitalFilter
 .text.HAL_I2CEx_EnableWakeUp
                0x0000000008007882       0x44 ./build/stm32l4xx_hal_i2c_ex.o
                0x0000000008007882                HAL_I2CEx_EnableWakeUp
 .text.HAL_I2CEx_DisableWakeUp
                0x00000000080078c6       0x44 ./build/stm32l4xx_hal_i2c_ex.o
                0x00000000080078c6                HAL_I2CEx_DisableWakeUp
 *fill*         0x000000000800790a        0x2 
 .text.HAL_I2CEx_EnableFastModePlus
                0x000000000800790c       0x2c ./build/stm32l4xx_hal_i2c_ex.o
                0x000000000800790c                HAL_I2CEx_EnableFastModePlus
 .text.HAL_I2CEx_DisableFastModePlus
                0x0000000008007938       0x2c ./build/stm32l4xx_hal_i2c_ex.o
                0x0000000008007938                HAL_I2CEx_DisableFastModePlus
 .text.SystemInit
                0x0000000008007964       0x48 ./build/system_stm32l4xx.o
                0x0000000008007964                SystemInit
 .text.SystemCoreClockUpdate
                0x00000000080079ac       0xa8 ./build/system_stm32l4xx.o
                0x00000000080079ac                SystemCoreClockUpdate
 .text.Reset_Handler
                0x0000000008007a54       0x50 build/stm32l476_startup.o
                0x0000000008007a54                Reset_Handler
 .text.Default_Handler
                0x0000000008007aa4        0x2 build/stm32l476_startup.o
                0x0000000008007aa4                RTC_Alarm_IRQHandler
                0x0000000008007aa4                EXTI2_IRQHandler
                0x0000000008007aa4                TIM8_TRG_COM_IRQHandler
                0x0000000008007aa4                TIM8_CC_IRQHandler
                0x0000000008007aa4                TIM1_CC_IRQHandler
                0x0000000008007aa4                TSC_IRQHandler
                0x0000000008007aa4                TAMP_STAMP_IRQHandler
                0x0000000008007aa4                EXTI3_IRQHandler
                0x0000000008007aa4                LPTIM2_IRQHandler
                0x0000000008007aa4                DFSDM1_FLT1_IRQHandler
                0x0000000008007aa4                I2C3_ER_IRQHandler
                0x0000000008007aa4                DFSDM1_FLT2_IRQHandler
                0x0000000008007aa4                EXTI0_IRQHandler
                0x0000000008007aa4                I2C2_EV_IRQHandler
                0x0000000008007aa4                CAN1_RX0_IRQHandler
                0x0000000008007aa4                FPU_IRQHandler
                0x0000000008007aa4                TIM1_UP_TIM16_IRQHandler
                0x0000000008007aa4                ADC1_2_IRQHandler
                0x0000000008007aa4                SPI1_IRQHandler
                0x0000000008007aa4                TIM6_DAC_IRQHandler
                0x0000000008007aa4                TIM8_UP_IRQHandler
                0x0000000008007aa4                DMA2_Channel2_IRQHandler
                0x0000000008007aa4                DMA1_Channel4_IRQHandler
                0x0000000008007aa4                SAI2_IRQHandler
                0x0000000008007aa4                DFSDM1_FLT3_IRQHandler
                0x0000000008007aa4                USART3_IRQHandler
                0x0000000008007aa4                DMA1_Channel7_IRQHandler
                0x0000000008007aa4                CAN1_RX1_IRQHandler
                0x0000000008007aa4                LCD_IRQHandler
                0x0000000008007aa4                UART5_IRQHandler
                0x0000000008007aa4                ADC3_IRQHandler
                0x0000000008007aa4                TIM4_IRQHandler
                0x0000000008007aa4                DMA2_Channel1_IRQHandler
                0x0000000008007aa4                QUADSPI_IRQHandler
                0x0000000008007aa4                I2C1_EV_IRQHandler
                0x0000000008007aa4                DMA1_Channel6_IRQHandler
                0x0000000008007aa4                UART4_IRQHandler
                0x0000000008007aa4                DMA2_Channel4_IRQHandler
                0x0000000008007aa4                TIM3_IRQHandler
                0x0000000008007aa4                RCC_IRQHandler
                0x0000000008007aa4                DMA1_Channel1_IRQHandler
                0x0000000008007aa4                Default_Handler
                0x0000000008007aa4                DMA2_Channel7_IRQHandler
                0x0000000008007aa4                EXTI15_10_IRQHandler
                0x0000000008007aa4                TIM7_IRQHandler
                0x0000000008007aa4                SDMMC1_IRQHandler
                0x0000000008007aa4                TIM5_IRQHandler
                0x0000000008007aa4                I2C3_EV_IRQHandler
                0x0000000008007aa4                EXTI9_5_IRQHandler
                0x0000000008007aa4                RTC_WKUP_IRQHandler
                0x0000000008007aa4                PVD_PVM_IRQHandler
                0x0000000008007aa4                SPI2_IRQHandler
                0x0000000008007aa4                CAN1_TX_IRQHandler
                0x0000000008007aa4                DMA2_Channel5_IRQHandler
                0x0000000008007aa4                DMA1_Channel5_IRQHandler
                0x0000000008007aa4                EXTI4_IRQHandler
                0x0000000008007aa4                RNG_IRQHandler
                0x0000000008007aa4                TIM1_TRG_COM_TIM17_IRQHandler
                0x0000000008007aa4                DMA1_Channel3_IRQHandler
                0x0000000008007aa4                COMP_IRQHandler
                0x0000000008007aa4                WWDG_IRQHandler
                0x0000000008007aa4                LPUART1_IRQHandler
                0x0000000008007aa4                DMA2_Channel6_IRQHandler
                0x0000000008007aa4                TIM2_IRQHandler
                0x0000000008007aa4                EXTI1_IRQHandler
                0x0000000008007aa4                USART2_IRQHandler
                0x0000000008007aa4                DFSDM1_FLT0_IRQHandler
                0x0000000008007aa4                I2C2_ER_IRQHandler
                0x0000000008007aa4                DMA1_Channel2_IRQHandler
                0x0000000008007aa4                TIM8_BRK_IRQHandler
                0x0000000008007aa4                CAN1_SCE_IRQHandler
                0x0000000008007aa4                FLASH_IRQHandler
                0x0000000008007aa4                USART1_IRQHandler
                0x0000000008007aa4                OTG_FS_IRQHandler
                0x0000000008007aa4                SPI3_IRQHandler
                0x0000000008007aa4                I2C1_ER_IRQHandler
                0x0000000008007aa4                FMC_IRQHandler
                0x0000000008007aa4                SWPMI1_IRQHandler
                0x0000000008007aa4                LPTIM1_IRQHandler
                0x0000000008007aa4                SAI1_IRQHandler
                0x0000000008007aa4                DMA2_Channel3_IRQHandler
                0x0000000008007aa4                TIM1_BRK_TIM15_IRQHandler
 *fill*         0x0000000008007aa6        0x2 
 .text._exit    0x0000000008007aa8        0x4 /home/alexis/Cours/TempsReelSTM32/gcc-arm-none-eabi-9-2019-q4-major-x86_64-linux/gcc-arm-none-eabi-9-2019-q4-major/bin/../lib/gcc/arm-none-eabi/9.2.1/../../../../arm-none-eabi/lib/thumb/v7e-m+fp/hard/libnosys.a(_exit.o)
                0x0000000008007aa8                _exit
 *(.glue_7)
 .glue_7        0x0000000008007aac        0x0 linker stubs
 *(.glue_7t)
 .glue_7t       0x0000000008007aac        0x0 linker stubs
 *(.eh_frame)
 .eh_frame      0x0000000008007aac        0x0 /home/alexis/Cours/TempsReelSTM32/gcc-arm-none-eabi-9-2019-q4-major-x86_64-linux/gcc-arm-none-eabi-9-2019-q4-major/bin/../lib/gcc/arm-none-eabi/9.2.1/thumb/v7e-m+fp/hard/crtbegin.o
 .eh_frame      0x0000000008007aac        0x4 /home/alexis/Cours/TempsReelSTM32/gcc-arm-none-eabi-9-2019-q4-major-x86_64-linux/gcc-arm-none-eabi-9-2019-q4-major/bin/../lib/gcc/arm-none-eabi/9.2.1/thumb/v7e-m+fp/hard/crtend.o
 *(.init)
 .init          0x0000000008007ab0        0x4 /home/alexis/Cours/TempsReelSTM32/gcc-arm-none-eabi-9-2019-q4-major-x86_64-linux/gcc-arm-none-eabi-9-2019-q4-major/bin/../lib/gcc/arm-none-eabi/9.2.1/thumb/v7e-m+fp/hard/crti.o
                0x0000000008007ab0                _init
 .init          0x0000000008007ab4        0x8 /home/alexis/Cours/TempsReelSTM32/gcc-arm-none-eabi-9-2019-q4-major-x86_64-linux/gcc-arm-none-eabi-9-2019-q4-major/bin/../lib/gcc/arm-none-eabi/9.2.1/thumb/v7e-m+fp/hard/crtn.o
 *(.fini)
 .fini          0x0000000008007abc        0x4 /home/alexis/Cours/TempsReelSTM32/gcc-arm-none-eabi-9-2019-q4-major-x86_64-linux/gcc-arm-none-eabi-9-2019-q4-major/bin/../lib/gcc/arm-none-eabi/9.2.1/thumb/v7e-m+fp/hard/crti.o
                0x0000000008007abc                _fini
 .fini          0x0000000008007ac0        0x8 /home/alexis/Cours/TempsReelSTM32/gcc-arm-none-eabi-9-2019-q4-major-x86_64-linux/gcc-arm-none-eabi-9-2019-q4-major/bin/../lib/gcc/arm-none-eabi/9.2.1/thumb/v7e-m+fp/hard/crtn.o
                0x0000000008007ac8                . = ALIGN (0x4)
                0x0000000008007ac8                _etext = .

[...]
HAL_UART_ErrorCallback                            ./build/stm32l4xx_hal_uart.o
HAL_UART_GetError                                 ./build/stm32l4xx_hal_uart.o
HAL_UART_GetState                                 ./build/stm32l4xx_hal_uart.o
HAL_UART_IRQHandler                               ./build/stm32l4xx_hal_uart.o
HAL_UART_Init                                     ./build/stm32l4xx_hal_uart.o
HAL_UART_MspDeInit                                ./build/stm32l4xx_hal_uart.o
HAL_UART_MspInit                                  ./build/stm32l4xx_hal_uart.o
                                                  ./build/stm32l4xx_hal_uart_ex.o
HAL_UART_Receive                                  ./build/stm32l4xx_hal_uart.o
HAL_UART_Receive_DMA                              ./build/stm32l4xx_hal_uart.o
HAL_UART_Receive_IT                               ./build/stm32l4xx_hal_uart.o
HAL_UART_RxCpltCallback                           ./build/stm32l4xx_hal_uart.o
HAL_UART_RxHalfCpltCallback                       ./build/stm32l4xx_hal_uart.o
HAL_UART_Transmit                                 ./build/stm32l4xx_hal_uart.o
HAL_UART_Transmit_DMA                             ./build/stm32l4xx_hal_uart.o
HAL_UART_Transmit_IT                              ./build/stm32l4xx_hal_uart.o
HAL_UART_TxCpltCallback                           ./build/stm32l4xx_hal_uart.o
HAL_UART_TxHalfCpltCallback                       ./build/stm32l4xx_hal_uart.o
HardFault_Handler                                 ./build/stm32l4xx_it.o
I2C1_ER_IRQHandler                                build/stm32l476_startup.o
I2C1_EV_IRQHandler                                build/stm32l476_startup.o
I2C2_ER_IRQHandler                                build/stm32l476_startup.o
I2C2_EV_IRQHandler                                build/stm32l476_startup.o
I2C3_ER_IRQHandler                                build/stm32l476_startup.o
I2C3_EV_IRQHandler                                build/stm32l476_startup.o
I2cHandle                                         ./build/main.o
LCD_IRQHandler                                    build/stm32l476_startup.o
LPTIM1_IRQHandler                                 build/stm32l476_startup.o
LPTIM2_IRQHandler                                 build/stm32l476_startup.o
LPUART1_IRQHandler                                build/stm32l476_startup.o
MSIRangeTable                                     ./build/system_stm32l4xx.o
                                                  ./build/stm32l4xx_hal_rcc_ex.o
                                                  ./build/stm32l4xx_hal_rcc.o
MemManage_Handler                                 ./build/stm32l4xx_it.o
NMI_Handler                                       ./build/stm32l4xx_it.o
OTG_FS_IRQHandler                                 build/stm32l476_startup.o
PVD_PVM_IRQHandler                                build/stm32l476_startup.o
PendSV_Handler                                    ./build/stm32l4xx_it.o
QUADSPI_IRQHandler                                build/stm32l476_startup.o
RCC_IRQHandler                                    build/stm32l476_startup.o
RNG_IRQHandler                                    build/stm32l476_startup.o
RTC_Alarm_IRQHandler                              build/stm32l476_startup.o
RTC_WKUP_IRQHandler                               build/stm32l476_startup.o
Reset_Handler                                     build/stm32l476_startup.o
SAI1_IRQHandler                                   build/stm32l476_startup.o
SAI2_IRQHandler                                   build/stm32l476_startup.o
SDMMC1_IRQHandler                                 build/stm32l476_startup.o
SPI1_IRQHandler                                   build/stm32l476_startup.o
SPI2_IRQHandler                                   build/stm32l476_startup.o
SPI3_IRQHandler                                   build/stm32l476_startup.o
SVC_Handler                                       ./build/stm32l4xx_it.o
SWPMI1_IRQHandler                                 build/stm32l476_startup.o
SysTick_Handler                                   ./build/stm32l4xx_it.o
SystemClock_Config                                ./build/main.o
SystemCoreClock                                   ./build/system_stm32l4xx.o
                                                  ./build/stm32l4xx_hal_pwr_ex.o
                                                  ./build/stm32l4xx_hal_rcc.o
                                                  ./build/stm32l4xx_hal.o
SystemCoreClockUpdate                             ./build/system_stm32l4xx.o
SystemInit                                        ./build/system_stm32l4xx.o
                                                  build/stm32l476_startup.o
TAMP_STAMP_IRQHandler                             build/stm32l476_startup.o
TIM1_BRK_TIM15_IRQHandler                         build/stm32l476_startup.o
TIM1_CC_IRQHandler                                build/stm32l476_startup.o
TIM1_TRG_COM_TIM17_IRQHandler                     build/stm32l476_startup.o
TIM1_UP_TIM16_IRQHandler                          build/stm32l476_startup.o
TIM2_IRQHandler                                   build/stm32l476_startup.o
TIM3_IRQHandler                                   build/stm32l476_startup.o
TIM4_IRQHandler                                   build/stm32l476_startup.o
TIM5_IRQHandler                                   build/stm32l476_startup.o
TIM6_DAC_IRQHandler                               build/stm32l476_startup.o
TIM7_IRQHandler                                   build/stm32l476_startup.o
TIM8_BRK_IRQHandler                               build/stm32l476_startup.o
TIM8_CC_IRQHandler                                build/stm32l476_startup.o
TIM8_TRG_COM_IRQHandler                           build/stm32l476_startup.o
TIM8_UP_IRQHandler                                build/stm32l476_startup.o
TSC_IRQHandler                                    build/stm32l476_startup.o
UART4_IRQHandler                                  build/stm32l476_startup.o
UART5_IRQHandler                                  build/stm32l476_startup.o
UART_AdvFeatureConfig                             ./build/stm32l4xx_hal_uart.o
                                                  ./build/stm32l4xx_hal_uart_ex.o
UART_CheckIdleState                               ./build/stm32l4xx_hal_uart.o
                                                  ./build/stm32l4xx_hal_uart_ex.o
UART_SetConfig                                    ./build/stm32l4xx_hal_uart.o
                                                  ./build/stm32l4xx_hal_uart_ex.o
UART_WaitOnFlagUntilTimeout                       ./build/stm32l4xx_hal_uart.o
                                                  ./build/stm32l4xx_hal_uart_ex.o
USART1_IRQHandler                                 build/stm32l476_startup.o
USART2_IRQHandler                                 build/stm32l476_startup.o
USART3_IRQHandler                                 build/stm32l476_startup.o
UsageFault_Handler                                ./build/stm32l4xx_it.o
WWDG_IRQHandler                                   build/stm32l476_startup.o
__aeabi_idiv0                                     /home/alexis/Cours/TempsReelSTM32/gcc-arm-none-eabi-9-2019-q4-major-x86_64-linux/gcc-arm-none-eabi-9-2019-q4-major/bin/../lib/gcc/arm-none-eabi/9.2.1/thumb/v7e-m+fp/hard/libgcc.a(_dvmd_tls.o)
__aeabi_ldiv0                                     /home/alexis/Cours/TempsReelSTM32/gcc-arm-none-eabi-9-2019-q4-major-x86_64-linux/gcc-arm-none-eabi-9-2019-q4-major/bin/../lib/gcc/arm-none-eabi/9.2.1/thumb/v7e-m+fp/hard/libgcc.a(_dvmd_tls.o)
                                                  /home/alexis/Cours/TempsReelSTM32/gcc-arm-none-eabi-9-2019-q4-major-x86_64-linux/gcc-arm-none-eabi-9-2019-q4-major/bin/../lib/gcc/arm-none-eabi/9.2.1/thumb/v7e-m+fp/hard/libgcc.a(_aeabi_uldivmod.o)
                                                  /home/alexis/Cours/TempsReelSTM32/gcc-arm-none-eabi-9-2019-q4-major-x86_64-linux/gcc-arm-none-eabi-9-2019-q4-major/bin/../lib/gcc/arm-none-eabi/9.2.1/thumb/v7e-m+fp/hard/libgcc.a(_aeabi_ldivmod.o)
__aeabi_ldivmod                                   /home/alexis/Cours/TempsReelSTM32/gcc-arm-none-eabi-9-2019-q4-major-x86_64-linux/gcc-arm-none-eabi-9-2019-q4-major/bin/../lib/gcc/arm-none-eabi/9.2.1/thumb/v7e-m+fp/hard/libgcc.a(_aeabi_ldivmod.o)
                                                  ./build/stm32l4xx_hal_uart.o
__aeabi_uldivmod                                  /home/alexis/Cours/TempsReelSTM32/gcc-arm-none-eabi-9-2019-q4-major-x86_64-linux/gcc-arm-none-eabi-9-2019-q4-major/bin/../lib/gcc/arm-none-eabi/9.2.1/thumb/v7e-m+fp/hard/libgcc.a(_aeabi_uldivmod.o)
                                                  ./build/stm32l4xx_hal_uart.o
__bss_end__                                       /home/alexis/Cours/TempsReelSTM32/gcc-arm-none-eabi-9-2019-q4-major-x86_64-linux/gcc-arm-none-eabi-9-2019-q4-major/bin/../lib/gcc/arm-none-eabi/9.2.1/../../../../arm-none-eabi/lib/thumb/v7e-m+fp/hard/crt0.o
__bss_start__                                     /home/alexis/Cours/TempsReelSTM32/gcc-arm-none-eabi-9-2019-q4-major-x86_64-linux/gcc-arm-none-eabi-9-2019-q4-major/bin/../lib/gcc/arm-none-eabi/9.2.1/../../../../arm-none-eabi/lib/thumb/v7e-m+fp/hard/crt0.o
__call_exitprocs                                  /home/alexis/Cours/TempsReelSTM32/gcc-arm-none-eabi-9-2019-q4-major-x86_64-linux/gcc-arm-none-eabi-9-2019-q4-major/bin/../lib/gcc/arm-none-eabi/9.2.1/../../../../arm-none-eabi/lib/thumb/v7e-m+fp/hard/libc_nano.a(lib_a-exit.o)
__deregister_frame_info                           /home/alexis/Cours/TempsReelSTM32/gcc-arm-none-eabi-9-2019-q4-major-x86_64-linux/gcc-arm-none-eabi-9-2019-q4-major/bin/../lib/gcc/arm-none-eabi/9.2.1/thumb/v7e-m+fp/hard/crtbegin.o
__dso_handle                                      /home/alexis/Cours/TempsReelSTM32/gcc-arm-none-eabi-9-2019-q4-major-x86_64-linux/gcc-arm-none-eabi-9-2019-q4-major/bin/../lib/gcc/arm-none-eabi/9.2.1/thumb/v7e-m+fp/hard/crtbegin.o
__init_array_end                                  /home/alexis/Cours/TempsReelSTM32/gcc-arm-none-eabi-9-2019-q4-major-x86_64-linux/gcc-arm-none-eabi-9-2019-q4-major/bin/../lib/gcc/arm-none-eabi/9.2.1/../../../../arm-none-eabi/lib/thumb/v7e-m+fp/hard/libc_nano.a(lib_a-init.o)
__init_array_start                                /home/alexis/Cours/TempsReelSTM32/gcc-arm-none-eabi-9-2019-q4-major-x86_64-linux/gcc-arm-none-eabi-9-2019-q4-major/bin/../lib/gcc/arm-none-eabi/9.2.1/../../../../arm-none-eabi/lib/thumb/v7e-m+fp/hard/libc_nano.a(lib_a-init.o)
__libc_fini_array                                 /home/alexis/Cours/TempsReelSTM32/gcc-arm-none-eabi-9-2019-q4-major-x86_64-linux/gcc-arm-none-eabi-9-2019-q4-major/bin/../lib/gcc/arm-none-eabi/9.2.1/../../../../arm-none-eabi/lib/thumb/v7e-m+fp/hard/crt0.o
__libc_init_array                                 /home/alexis/Cours/TempsReelSTM32/gcc-arm-none-eabi-9-2019-q4-major-x86_64-linux/gcc-arm-none-eabi-9-2019-q4-major/bin/../lib/gcc/arm-none-eabi/9.2.1/../../../../arm-none-eabi/lib/thumb/v7e-m+fp/hard/libc_nano.a(lib_a-init.o)
                                                  build/stm32l476_startup.o
                                                  /home/alexis/Cours/TempsReelSTM32/gcc-arm-none-eabi-9-2019-q4-major-x86_64-linux/gcc-arm-none-eabi-9-2019-q4-major/bin/../lib/gcc/arm-none-eabi/9.2.1/../../../../arm-none-eabi/lib/thumb/v7e-m+fp/hard/crt0.o
__preinit_array_end                               /home/alexis/Cours/TempsReelSTM32/gcc-arm-none-eabi-9-2019-q4-major-x86_64-linux/gcc-arm-none-eabi-9-2019-q4-major/bin/../lib/gcc/arm-none-eabi/9.2.1/../../../../arm-none-eabi/lib/thumb/v7e-m+fp/hard/libc_nano.a(lib_a-init.o)
__preinit_array_start                             /home/alexis/Cours/TempsReelSTM32/gcc-arm-none-eabi-9-2019-q4-major-x86_64-linux/gcc-arm-none-eabi-9-2019-q4-major/bin/../lib/gcc/arm-none-eabi/9.2.1/../../../../arm-none-eabi/lib/thumb/v7e-m+fp/hard/libc_nano.a(lib_a-init.o)
__register_frame_info                             /home/alexis/Cours/TempsReelSTM32/gcc-arm-none-eabi-9-2019-q4-major-x86_64-linux/gcc-arm-none-eabi-9-2019-q4-major/bin/../lib/gcc/arm-none-eabi/9.2.1/thumb/v7e-m+fp/hard/crtbegin.o
__sf_fake_stderr                                  /home/alexis/Cours/TempsReelSTM32/gcc-arm-none-eabi-9-2019-q4-major-x86_64-linux/gcc-arm-none-eabi-9-2019-q4-major/bin/../lib/gcc/arm-none-eabi/9.2.1/../../../../arm-none-eabi/lib/thumb/v7e-m+fp/hard/libc_nano.a(lib_a-impure.o)
__sf_fake_stdin                                   /home/alexis/Cours/TempsReelSTM32/gcc-arm-none-eabi-9-2019-q4-major-x86_64-linux/gcc-arm-none-eabi-9-2019-q4-major/bin/../lib/gcc/arm-none-eabi/9.2.1/../../../../arm-none-eabi/lib/thumb/v7e-m+fp/hard/libc_nano.a(lib_a-impure.o)
__sf_fake_stdout                                  /home/alexis/Cours/TempsReelSTM32/gcc-arm-none-eabi-9-2019-q4-major-x86_64-linux/gcc-arm-none-eabi-9-2019-q4-major/bin/../lib/gcc/arm-none-eabi/9.2.1/../../../../arm-none-eabi/lib/thumb/v7e-m+fp/hard/libc_nano.a(lib_a-impure.o)
__stack                                           /home/alexis/Cours/TempsReelSTM32/gcc-arm-none-eabi-9-2019-q4-major-x86_64-linux/gcc-arm-none-eabi-9-2019-q4-major/bin/../lib/gcc/arm-none-eabi/9.2.1/../../../../arm-none-eabi/lib/thumb/v7e-m+fp/hard/crt0.o
__udivmoddi4                                      /home/alexis/Cours/TempsReelSTM32/gcc-arm-none-eabi-9-2019-q4-major-x86_64-linux/gcc-arm-none-eabi-9-2019-q4-major/bin/../lib/gcc/arm-none-eabi/9.2.1/thumb/v7e-m+fp/hard/libgcc.a(_udivmoddi4.o)
                                                  /home/alexis/Cours/TempsReelSTM32/gcc-arm-none-eabi-9-2019-q4-major-x86_64-linux/gcc-arm-none-eabi-9-2019-q4-major/bin/../lib/gcc/arm-none-eabi/9.2.1/thumb/v7e-m+fp/hard/libgcc.a(_aeabi_uldivmod.o)
                                                  /home/alexis/Cours/TempsReelSTM32/gcc-arm-none-eabi-9-2019-q4-major-x86_64-linux/gcc-arm-none-eabi-9-2019-q4-major/bin/../lib/gcc/arm-none-eabi/9.2.1/thumb/v7e-m+fp/hard/libgcc.a(_aeabi_ldivmod.o)
_ebss                                             build/stm32l476_startup.o
_edata                                            build/stm32l476_startup.o
_estack                                           build/stm32l476_startup.o
_exit                                             /home/alexis/Cours/TempsReelSTM32/gcc-arm-none-eabi-9-2019-q4-major-x86_64-linux/gcc-arm-none-eabi-9-2019-q4-major/bin/../lib/gcc/arm-none-eabi/9.2.1/../../../../arm-none-eabi/lib/thumb/v7e-m+fp/hard/libnosys.a(_exit.o)
                                                  /home/alexis/Cours/TempsReelSTM32/gcc-arm-none-eabi-9-2019-q4-major-x86_64-linux/gcc-arm-none-eabi-9-2019-q4-major/bin/../lib/gcc/arm-none-eabi/9.2.1/../../../../arm-none-eabi/lib/thumb/v7e-m+fp/hard/libc_nano.a(lib_a-exit.o)
_fini                                             /home/alexis/Cours/TempsReelSTM32/gcc-arm-none-eabi-9-2019-q4-major-x86_64-linux/gcc-arm-none-eabi-9-2019-q4-major/bin/../lib/gcc/arm-none-eabi/9.2.1/thumb/v7e-m+fp/hard/crti.o
_global_impure_ptr                                /home/alexis/Cours/TempsReelSTM32/gcc-arm-none-eabi-9-2019-q4-major-x86_64-linux/gcc-arm-none-eabi-9-2019-q4-major/bin/../lib/gcc/arm-none-eabi/9.2.1/../../../../arm-none-eabi/lib/thumb/v7e-m+fp/hard/libc_nano.a(lib_a-impure.o)
                                                  /home/alexis/Cours/TempsReelSTM32/gcc-arm-none-eabi-9-2019-q4-major-x86_64-linux/gcc-arm-none-eabi-9-2019-q4-major/bin/../lib/gcc/arm-none-eabi/9.2.1/../../../../arm-none-eabi/lib/thumb/v7e-m+fp/hard/libc_nano.a(lib_a-exit.o)
_impure_ptr                                       /home/alexis/Cours/TempsReelSTM32/gcc-arm-none-eabi-9-2019-q4-major-x86_64-linux/gcc-arm-none-eabi-9-2019-q4-major/bin/../lib/gcc/arm-none-eabi/9.2.1/../../../../arm-none-eabi/lib/thumb/v7e-m+fp/hard/libc_nano.a(lib_a-impure.o)
_init                                             /home/alexis/Cours/TempsReelSTM32/gcc-arm-none-eabi-9-2019-q4-major-x86_64-linux/gcc-arm-none-eabi-9-2019-q4-major/bin/../lib/gcc/arm-none-eabi/9.2.1/thumb/v7e-m+fp/hard/crti.o
                                                  /home/alexis/Cours/TempsReelSTM32/gcc-arm-none-eabi-9-2019-q4-major-x86_64-linux/gcc-arm-none-eabi-9-2019-q4-major/bin/../lib/gcc/arm-none-eabi/9.2.1/../../../../arm-none-eabi/lib/thumb/v7e-m+fp/hard/libc_nano.a(lib_a-init.o)
_mainCRTStartup                                   /home/alexis/Cours/TempsReelSTM32/gcc-arm-none-eabi-9-2019-q4-major-x86_64-linux/gcc-arm-none-eabi-9-2019-q4-major/bin/../lib/gcc/arm-none-eabi/9.2.1/../../../../arm-none-eabi/lib/thumb/v7e-m+fp/hard/crt0.o
_sbss                                             build/stm32l476_startup.o
_sdata                                            build/stm32l476_startup.o
_sidata                                           build/stm32l476_startup.o
_start                                            /home/alexis/Cours/TempsReelSTM32/gcc-arm-none-eabi-9-2019-q4-major-x86_64-linux/gcc-arm-none-eabi-9-2019-q4-major/bin/../lib/gcc/arm-none-eabi/9.2.1/../../../../arm-none-eabi/lib/thumb/v7e-m+fp/hard/crt0.o
aRxBuffer                                         ./build/main.o
aTxBuffer                                         ./build/main.o
atexit                                            /home/alexis/Cours/TempsReelSTM32/gcc-arm-none-eabi-9-2019-q4-major-x86_64-linux/gcc-arm-none-eabi-9-2019-q4-major/bin/../lib/gcc/arm-none-eabi/9.2.1/../../../../arm-none-eabi/lib/thumb/v7e-m+fp/hard/crt0.o
exit                                              /home/alexis/Cours/TempsReelSTM32/gcc-arm-none-eabi-9-2019-q4-major-x86_64-linux/gcc-arm-none-eabi-9-2019-q4-major/bin/../lib/gcc/arm-none-eabi/9.2.1/../../../../arm-none-eabi/lib/thumb/v7e-m+fp/hard/libc_nano.a(lib_a-exit.o)
                                                  /home/alexis/Cours/TempsReelSTM32/gcc-arm-none-eabi-9-2019-q4-major-x86_64-linux/gcc-arm-none-eabi-9-2019-q4-major/bin/../lib/gcc/arm-none-eabi/9.2.1/../../../../arm-none-eabi/lib/thumb/v7e-m+fp/hard/crt0.o
g_pfnVectors                                      build/stm32l476_startup.o
hardware_init_hook                                /home/alexis/Cours/TempsReelSTM32/gcc-arm-none-eabi-9-2019-q4-major-x86_64-linux/gcc-arm-none-eabi-9-2019-q4-major/bin/../lib/gcc/arm-none-eabi/9.2.1/../../../../arm-none-eabi/lib/thumb/v7e-m+fp/hard/crt0.o
main                                              ./build/main.o
                                                  build/stm32l476_startup.o
                                                  /home/alexis/Cours/TempsReelSTM32/gcc-arm-none-eabi-9-2019-q4-major-x86_64-linux/gcc-arm-none-eabi-9-2019-q4-major/bin/../lib/gcc/arm-none-eabi/9.2.1/../../../../arm-none-eabi/lib/thumb/v7e-m+fp/hard/crt0.o
memset                                            /home/alexis/Cours/TempsReelSTM32/gcc-arm-none-eabi-9-2019-q4-major-x86_64-linux/gcc-arm-none-eabi-9-2019-q4-major/bin/../lib/gcc/arm-none-eabi/9.2.1/../../../../arm-none-eabi/lib/thumb/v7e-m+fp/hard/libc_nano.a(lib_a-memset.o)
                                                  ./build/stm32l4xx_nucleo.o
                                                  ./build/main.o
                                                  /home/alexis/Cours/TempsReelSTM32/gcc-arm-none-eabi-9-2019-q4-major-x86_64-linux/gcc-arm-none-eabi-9-2019-q4-major/bin/../lib/gcc/arm-none-eabi/9.2.1/../../../../arm-none-eabi/lib/thumb/v7e-m+fp/hard/crt0.o
software_init_hook                                /home/alexis/Cours/TempsReelSTM32/gcc-arm-none-eabi-9-2019-q4-major-x86_64-linux/gcc-arm-none-eabi-9-2019-q4-major/bin/../lib/gcc/arm-none-eabi/9.2.1/../../../../arm-none-eabi/lib/thumb/v7e-m+fp/hard/crt0.o
uwTick                                            ./build/stm32l4xx_hal.o
uwTickFreq                                        ./build/stm32l4xx_hal.o
uwTickPrio                                        ./build/stm32l4xx_hal.o
                                                  ./build/stm32l4xx_hal_rcc.o
