Archive member included to satisfy reference by file (symbol)

/home/clem/Bureau/GCC_STM32/gcc-arm-none-eabi-9-2019-q4-major/bin/../lib/gcc/arm-none-eabi/9.2.1/../../../../arm-none-eabi/lib/thumb/v7e-m+fp/hard/libc_nano.a(lib_a-exit.o)
                              /home/clem/Bureau/GCC_STM32/gcc-arm-none-eabi-9-2019-q4-major/bin/../lib/gcc/arm-none-eabi/9.2.1/../../../../arm-none-eabi/lib/thumb/v7e-m+fp/hard/crt0.o (exit)
/home/clem/Bureau/GCC_STM32/gcc-arm-none-eabi-9-2019-q4-major/bin/../lib/gcc/arm-none-eabi/9.2.1/../../../../arm-none-eabi/lib/thumb/v7e-m+fp/hard/libc_nano.a(lib_a-impure.o)
                              /home/clem/Bureau/GCC_STM32/gcc-arm-none-eabi-9-2019-q4-major/bin/../lib/gcc/arm-none-eabi/9.2.1/../../../../arm-none-eabi/lib/thumb/v7e-m+fp/hard/libc_nano.a(lib_a-exit.o) (_global_impure_ptr)
/home/clem/Bureau/GCC_STM32/gcc-arm-none-eabi-9-2019-q4-major/bin/../lib/gcc/arm-none-eabi/9.2.1/../../../../arm-none-eabi/lib/thumb/v7e-m+fp/hard/libc_nano.a(lib_a-init.o)
                              /home/clem/Bureau/GCC_STM32/gcc-arm-none-eabi-9-2019-q4-major/bin/../lib/gcc/arm-none-eabi/9.2.1/../../../../arm-none-eabi/lib/thumb/v7e-m+fp/hard/crt0.o (__libc_init_array)
/home/clem/Bureau/GCC_STM32/gcc-arm-none-eabi-9-2019-q4-major/bin/../lib/gcc/arm-none-eabi/9.2.1/../../../../arm-none-eabi/lib/thumb/v7e-m+fp/hard/libc_nano.a(lib_a-memset.o)
                              /home/clem/Bureau/GCC_STM32/gcc-arm-none-eabi-9-2019-q4-major/bin/../lib/gcc/arm-none-eabi/9.2.1/../../../../arm-none-eabi/lib/thumb/v7e-m+fp/hard/crt0.o (memset)
/home/clem/Bureau/GCC_STM32/gcc-arm-none-eabi-9-2019-q4-major/bin/../lib/gcc/arm-none-eabi/9.2.1/../../../../arm-none-eabi/lib/thumb/v7e-m+fp/hard/libnosys.a(_exit.o)
                              /home/clem/Bureau/GCC_STM32/gcc-arm-none-eabi-9-2019-q4-major/bin/../lib/gcc/arm-none-eabi/9.2.1/../../../../arm-none-eabi/lib/thumb/v7e-m+fp/hard/libc_nano.a(lib_a-exit.o) (_exit)

Allocating common symbols
Common symbol       size              file

uwTick              0x4               ./build/stm32l4xx_hal.o

Memory Configuration

Name             Origin             Length             Attributes
FLASH            0x0000000008000000 0x0000000000100000 xr
RAM              0x0000000020000000 0x0000000000018000 xrw
*default*        0x0000000000000000 0xffffffffffffffff

Linker script and memory map

LOAD /home/clem/Bureau/GCC_STM32/gcc-arm-none-eabi-9-2019-q4-major/bin/../lib/gcc/arm-none-eabi/9.2.1/thumb/v7e-m+fp/hard/crti.o
LOAD /home/clem/Bureau/GCC_STM32/gcc-arm-none-eabi-9-2019-q4-major/bin/../lib/gcc/arm-none-eabi/9.2.1/thumb/v7e-m+fp/hard/crtbegin.o
LOAD /home/clem/Bureau/GCC_STM32/gcc-arm-none-eabi-9-2019-q4-major/bin/../lib/gcc/arm-none-eabi/9.2.1/../../../../arm-none-eabi/lib/thumb/v7e-m+fp/hard/crt0.o
START GROUP
LOAD /home/clem/Bureau/GCC_STM32/gcc-arm-none-eabi-9-2019-q4-major/bin/../lib/gcc/arm-none-eabi/9.2.1/../../../../arm-none-eabi/lib/thumb/v7e-m+fp/hard/libc_nano.a
LOAD /home/clem/Bureau/GCC_STM32/gcc-arm-none-eabi-9-2019-q4-major/bin/../lib/gcc/arm-none-eabi/9.2.1/../../../../arm-none-eabi/lib/thumb/v7e-m+fp/hard/libm.a
END GROUP
LOAD ./build/main.o
LOAD ./build/stm32l4xx_hal.o
LOAD ./build/stm32l4xx_hal_cortex.o
LOAD ./build/stm32l4xx_hal_rcc.o
LOAD ./build/stm32l4xx_hal_pwr_ex.o
LOAD ./build/stm32l4xx_hal_gpio.o
LOAD ./build/stm32l4xx_hal_pwr.o
LOAD ./build/stm32l4xx_hal_uart.o
LOAD ./build/stm32l4xx_hal_dma.o
LOAD ./build/stm32l4xx_hal_uart_ex.o
LOAD ./build/stm32l4xx_nucleo.o
LOAD ./build/stm32l4xx_it.o
LOAD ./build/system_stm32l4xx.o
LOAD build/stm32l476_startup.o
START GROUP
LOAD /home/clem/Bureau/GCC_STM32/gcc-arm-none-eabi-9-2019-q4-major/bin/../lib/gcc/arm-none-eabi/9.2.1/thumb/v7e-m+fp/hard/libgcc.a
LOAD /home/clem/Bureau/GCC_STM32/gcc-arm-none-eabi-9-2019-q4-major/bin/../lib/gcc/arm-none-eabi/9.2.1/../../../../arm-none-eabi/lib/thumb/v7e-m+fp/hard/libc_nano.a
END GROUP
START GROUP
LOAD /home/clem/Bureau/GCC_STM32/gcc-arm-none-eabi-9-2019-q4-major/bin/../lib/gcc/arm-none-eabi/9.2.1/thumb/v7e-m+fp/hard/libgcc.a
LOAD /home/clem/Bureau/GCC_STM32/gcc-arm-none-eabi-9-2019-q4-major/bin/../lib/gcc/arm-none-eabi/9.2.1/../../../../arm-none-eabi/lib/thumb/v7e-m+fp/hard/libc_nano.a
LOAD /home/clem/Bureau/GCC_STM32/gcc-arm-none-eabi-9-2019-q4-major/bin/../lib/gcc/arm-none-eabi/9.2.1/../../../../arm-none-eabi/lib/thumb/v7e-m+fp/hard/libnosys.a
END GROUP
START GROUP
LOAD /home/clem/Bureau/GCC_STM32/gcc-arm-none-eabi-9-2019-q4-major/bin/../lib/gcc/arm-none-eabi/9.2.1/thumb/v7e-m+fp/hard/libgcc.a
LOAD /home/clem/Bureau/GCC_STM32/gcc-arm-none-eabi-9-2019-q4-major/bin/../lib/gcc/arm-none-eabi/9.2.1/../../../../arm-none-eabi/lib/thumb/v7e-m+fp/hard/libc_nano.a
LOAD /home/clem/Bureau/GCC_STM32/gcc-arm-none-eabi-9-2019-q4-major/bin/../lib/gcc/arm-none-eabi/9.2.1/../../../../arm-none-eabi/lib/thumb/v7e-m+fp/hard/libnosys.a
END GROUP
LOAD /home/clem/Bureau/GCC_STM32/gcc-arm-none-eabi-9-2019-q4-major/bin/../lib/gcc/arm-none-eabi/9.2.1/thumb/v7e-m+fp/hard/crtend.o
LOAD /home/clem/Bureau/GCC_STM32/gcc-arm-none-eabi-9-2019-q4-major/bin/../lib/gcc/arm-none-eabi/9.2.1/thumb/v7e-m+fp/hard/crtn.o
                0x0000000020018000                _estack = 0x20018000
                0x0000000000000200                _Min_Heap_Size = 0x200
                0x0000000000000400                _Min_Stack_Size = 0x400

.isr_vector     0x0000000008000000      0x188
                0x0000000008000000                . = ALIGN (0x8)
 *(.isr_vector)
 .isr_vector    0x0000000008000000      0x188 build/stm32l476_startup.o
                0x0000000008000000                g_pfnVectors
                0x0000000008000188                . = ALIGN (0x8)

.text           0x0000000008000188     0x2080
                0x0000000008000188                . = ALIGN (0x8)
 *(.text)
 .text          0x0000000008000188        0x0 /home/clem/Bureau/GCC_STM32/gcc-arm-none-eabi-9-2019-q4-major/bin/../lib/gcc/arm-none-eabi/9.2.1/thumb/v7e-m+fp/hard/crti.o
 .text          0x0000000008000188       0x40 /home/clem/Bureau/GCC_STM32/gcc-arm-none-eabi-9-2019-q4-major/bin/../lib/gcc/arm-none-eabi/9.2.1/thumb/v7e-m+fp/hard/crtbegin.o
 .text          0x00000000080001c8       0x74 /home/clem/Bureau/GCC_STM32/gcc-arm-none-eabi-9-2019-q4-major/bin/../lib/gcc/arm-none-eabi/9.2.1/../../../../arm-none-eabi/lib/thumb/v7e-m+fp/hard/crt0.o
                0x00000000080001c8                _mainCRTStartup
                0x00000000080001c8                _start
 .text          0x000000000800023c        0x0 /home/clem/Bureau/GCC_STM32/gcc-arm-none-eabi-9-2019-q4-major/bin/../lib/gcc/arm-none-eabi/9.2.1/../../../../arm-none-eabi/lib/thumb/v7e-m+fp/hard/libc_nano.a(lib_a-exit.o)
 .text          0x000000000800023c        0x0 /home/clem/Bureau/GCC_STM32/gcc-arm-none-eabi-9-2019-q4-major/bin/../lib/gcc/arm-none-eabi/9.2.1/../../../../arm-none-eabi/lib/thumb/v7e-m+fp/hard/libc_nano.a(lib_a-impure.o)
 .text          0x000000000800023c        0x0 /home/clem/Bureau/GCC_STM32/gcc-arm-none-eabi-9-2019-q4-major/bin/../lib/gcc/arm-none-eabi/9.2.1/../../../../arm-none-eabi/lib/thumb/v7e-m+fp/hard/libc_nano.a(lib_a-init.o)
 .text          0x000000000800023c        0x0 /home/clem/Bureau/GCC_STM32/gcc-arm-none-eabi-9-2019-q4-major/bin/../lib/gcc/arm-none-eabi/9.2.1/../../../../arm-none-eabi/lib/thumb/v7e-m+fp/hard/libc_nano.a(lib_a-memset.o)
 .text          0x000000000800023c        0x0 ./build/main.o
 .text          0x000000000800023c        0x0 ./build/stm32l4xx_hal.o
 .text          0x000000000800023c        0x0 ./build/stm32l4xx_hal_cortex.o
 .text          0x000000000800023c        0x0 ./build/stm32l4xx_hal_rcc.o
 .text          0x000000000800023c        0x0 ./build/stm32l4xx_hal_pwr_ex.o
 .text          0x000000000800023c        0x0 ./build/stm32l4xx_hal_gpio.o
 .text          0x000000000800023c        0x0 ./build/stm32l4xx_hal_pwr.o
 .text          0x000000000800023c        0x0 ./build/stm32l4xx_hal_uart.o
 .text          0x000000000800023c        0x0 ./build/stm32l4xx_hal_dma.o
 .text          0x000000000800023c        0x0 ./build/stm32l4xx_hal_uart_ex.o
 .text          0x000000000800023c        0x0 ./build/stm32l4xx_nucleo.o
 .text          0x000000000800023c        0x0 ./build/stm32l4xx_it.o
 .text          0x000000000800023c        0x0 ./build/system_stm32l4xx.o
 .text          0x000000000800023c       0x14 build/stm32l476_startup.o
 .text          0x0000000008000250        0x0 /home/clem/Bureau/GCC_STM32/gcc-arm-none-eabi-9-2019-q4-major/bin/../lib/gcc/arm-none-eabi/9.2.1/../../../../arm-none-eabi/lib/thumb/v7e-m+fp/hard/libnosys.a(_exit.o)
 .text          0x0000000008000250        0x0 /home/clem/Bureau/GCC_STM32/gcc-arm-none-eabi-9-2019-q4-major/bin/../lib/gcc/arm-none-eabi/9.2.1/thumb/v7e-m+fp/hard/crtend.o
 .text          0x0000000008000250        0x0 /home/clem/Bureau/GCC_STM32/gcc-arm-none-eabi-9-2019-q4-major/bin/../lib/gcc/arm-none-eabi/9.2.1/thumb/v7e-m+fp/hard/crtn.o
 *(.text*)
 .text.exit     0x0000000008000250       0x28 /home/clem/Bureau/GCC_STM32/gcc-arm-none-eabi-9-2019-q4-major/bin/../lib/gcc/arm-none-eabi/9.2.1/../../../../arm-none-eabi/lib/thumb/v7e-m+fp/hard/libc_nano.a(lib_a-exit.o)
                0x0000000008000250                exit
 .text.__libc_init_array
                0x0000000008000278       0x48 /home/clem/Bureau/GCC_STM32/gcc-arm-none-eabi-9-2019-q4-major/bin/../lib/gcc/arm-none-eabi/9.2.1/../../../../arm-none-eabi/lib/thumb/v7e-m+fp/hard/libc_nano.a(lib_a-init.o)
                0x0000000008000278                __libc_init_array
 .text.memset   0x00000000080002c0       0x10 /home/clem/Bureau/GCC_STM32/gcc-arm-none-eabi-9-2019-q4-major/bin/../lib/gcc/arm-none-eabi/9.2.1/../../../../arm-none-eabi/lib/thumb/v7e-m+fp/hard/libc_nano.a(lib_a-memset.o)
                0x00000000080002c0                memset
 .text.SystemClock_Config
                0x00000000080002d0       0x62 ./build/main.o
                0x00000000080002d0                SystemClock_Config
 *fill*         0x0000000008000332        0x2 
 .text.startup.main
                0x0000000008000334       0x58 ./build/main.o
                0x0000000008000334                main
 .text.HAL_GPIO_EXTI_Callback
                0x000000000800038c        0xe ./build/main.o
                0x000000000800038c                HAL_GPIO_EXTI_Callback
 .text.HAL_MspInit
                0x000000000800039a        0x2 ./build/stm32l4xx_hal.o
                0x000000000800039a                HAL_MspInit
 .text.HAL_MspDeInit
                0x000000000800039c        0x2 ./build/stm32l4xx_hal.o
                0x000000000800039c                HAL_MspDeInit
 *fill*         0x000000000800039e        0x2 
 .text.HAL_DeInit
                0x00000000080003a0       0x2c ./build/stm32l4xx_hal.o
                0x00000000080003a0                HAL_DeInit
 .text.HAL_InitTick
                0x00000000080003cc       0x4c ./build/stm32l4xx_hal.o
                0x00000000080003cc                HAL_InitTick
 .text.HAL_Init
                0x0000000008000418       0x1e ./build/stm32l4xx_hal.o
                0x0000000008000418                HAL_Init
 *fill*         0x0000000008000436        0x2 
 .text.HAL_IncTick
                0x0000000008000438       0x18 ./build/stm32l4xx_hal.o
                0x0000000008000438                HAL_IncTick
 .text.HAL_GetTick
                0x0000000008000450        0xc ./build/stm32l4xx_hal.o
                0x0000000008000450                HAL_GetTick
 .text.HAL_GetTickPrio
                0x000000000800045c        0xc ./build/stm32l4xx_hal.o
                0x000000000800045c                HAL_GetTickPrio
 .text.HAL_SetTickFreq
                0x0000000008000468       0x28 ./build/stm32l4xx_hal.o
                0x0000000008000468                HAL_SetTickFreq
 .text.HAL_GetTickFreq
                0x0000000008000490        0xc ./build/stm32l4xx_hal.o
                0x0000000008000490                HAL_GetTickFreq
 .text.HAL_Delay
                0x000000000800049c       0x28 ./build/stm32l4xx_hal.o
                0x000000000800049c                HAL_Delay
 .text.HAL_SuspendTick
                0x00000000080004c4       0x10 ./build/stm32l4xx_hal.o
                0x00000000080004c4                HAL_SuspendTick
 .text.HAL_ResumeTick
                0x00000000080004d4       0x10 ./build/stm32l4xx_hal.o
                0x00000000080004d4                HAL_ResumeTick
 .text.HAL_GetHalVersion
                0x00000000080004e4        0x6 ./build/stm32l4xx_hal.o
                0x00000000080004e4                HAL_GetHalVersion
 *fill*         0x00000000080004ea        0x2 
 .text.HAL_GetREVID
                0x00000000080004ec        0xc ./build/stm32l4xx_hal.o
                0x00000000080004ec                HAL_GetREVID
 .text.HAL_GetDEVID
                0x00000000080004f8       0x10 ./build/stm32l4xx_hal.o
                0x00000000080004f8                HAL_GetDEVID
 .text.HAL_GetUIDw0
                0x0000000008000508        0xc ./build/stm32l4xx_hal.o
                0x0000000008000508                HAL_GetUIDw0
 .text.HAL_GetUIDw1
                0x0000000008000514        0xc ./build/stm32l4xx_hal.o
                0x0000000008000514                HAL_GetUIDw1
 .text.HAL_GetUIDw2
                0x0000000008000520        0xc ./build/stm32l4xx_hal.o
                0x0000000008000520                HAL_GetUIDw2
 .text.HAL_DBGMCU_EnableDBGSleepMode
                0x000000000800052c       0x10 ./build/stm32l4xx_hal.o
                0x000000000800052c                HAL_DBGMCU_EnableDBGSleepMode
 .text.HAL_DBGMCU_DisableDBGSleepMode
                0x000000000800053c       0x10 ./build/stm32l4xx_hal.o
                0x000000000800053c                HAL_DBGMCU_DisableDBGSleepMode
 .text.HAL_DBGMCU_EnableDBGStopMode
                0x000000000800054c       0x10 ./build/stm32l4xx_hal.o
                0x000000000800054c                HAL_DBGMCU_EnableDBGStopMode
 .text.HAL_DBGMCU_DisableDBGStopMode
                0x000000000800055c       0x10 ./build/stm32l4xx_hal.o
                0x000000000800055c                HAL_DBGMCU_DisableDBGStopMode
 .text.HAL_DBGMCU_EnableDBGStandbyMode
                0x000000000800056c       0x10 ./build/stm32l4xx_hal.o
                0x000000000800056c                HAL_DBGMCU_EnableDBGStandbyMode
 .text.HAL_DBGMCU_DisableDBGStandbyMode
                0x000000000800057c       0x10 ./build/stm32l4xx_hal.o
                0x000000000800057c                HAL_DBGMCU_DisableDBGStandbyMode
 .text.HAL_SYSCFG_SRAM2Erase
                0x000000000800058c       0x1c ./build/stm32l4xx_hal.o
                0x000000000800058c                HAL_SYSCFG_SRAM2Erase
 .text.HAL_SYSCFG_EnableMemorySwappingBank
                0x00000000080005a8        0xc ./build/stm32l4xx_hal.o
                0x00000000080005a8                HAL_SYSCFG_EnableMemorySwappingBank
 .text.HAL_SYSCFG_DisableMemorySwappingBank
                0x00000000080005b4        0xc ./build/stm32l4xx_hal.o
                0x00000000080005b4                HAL_SYSCFG_DisableMemorySwappingBank
 .text.HAL_SYSCFG_VREFBUF_VoltageScalingConfig
                0x00000000080005c0       0x14 ./build/stm32l4xx_hal.o
                0x00000000080005c0                HAL_SYSCFG_VREFBUF_VoltageScalingConfig
 .text.HAL_SYSCFG_VREFBUF_HighImpedanceConfig
                0x00000000080005d4       0x14 ./build/stm32l4xx_hal.o
                0x00000000080005d4                HAL_SYSCFG_VREFBUF_HighImpedanceConfig
 .text.HAL_SYSCFG_VREFBUF_TrimmingConfig
                0x00000000080005e8       0x14 ./build/stm32l4xx_hal.o
                0x00000000080005e8                HAL_SYSCFG_VREFBUF_TrimmingConfig
 .text.HAL_SYSCFG_EnableVREFBUF
                0x00000000080005fc       0x30 ./build/stm32l4xx_hal.o
                0x00000000080005fc                HAL_SYSCFG_EnableVREFBUF
 .text.HAL_SYSCFG_DisableVREFBUF
                0x000000000800062c       0x10 ./build/stm32l4xx_hal.o
                0x000000000800062c                HAL_SYSCFG_DisableVREFBUF
 .text.HAL_SYSCFG_EnableIOAnalogSwitchBooster
                0x000000000800063c       0x10 ./build/stm32l4xx_hal.o
                0x000000000800063c                HAL_SYSCFG_EnableIOAnalogSwitchBooster
 .text.HAL_SYSCFG_DisableIOAnalogSwitchBooster
                0x000000000800064c       0x10 ./build/stm32l4xx_hal.o
                0x000000000800064c                HAL_SYSCFG_DisableIOAnalogSwitchBooster
 .text.HAL_NVIC_SetPriorityGrouping
                0x000000000800065c       0x24 ./build/stm32l4xx_hal_cortex.o
                0x000000000800065c                HAL_NVIC_SetPriorityGrouping
 .text.HAL_NVIC_SetPriority
                0x0000000008000680       0x64 ./build/stm32l4xx_hal_cortex.o
                0x0000000008000680                HAL_NVIC_SetPriority
 .text.HAL_NVIC_EnableIRQ
                0x00000000080006e4       0x1c ./build/stm32l4xx_hal_cortex.o
                0x00000000080006e4                HAL_NVIC_EnableIRQ
 .text.HAL_NVIC_DisableIRQ
                0x0000000008000700       0x28 ./build/stm32l4xx_hal_cortex.o
                0x0000000008000700                HAL_NVIC_DisableIRQ
 .text.HAL_NVIC_SystemReset
                0x0000000008000728       0x24 ./build/stm32l4xx_hal_cortex.o
                0x0000000008000728                HAL_NVIC_SystemReset
 .text.HAL_SYSTICK_Config
                0x000000000800074c       0x2c ./build/stm32l4xx_hal_cortex.o
                0x000000000800074c                HAL_SYSTICK_Config
 .text.HAL_NVIC_GetPriorityGrouping
                0x0000000008000778       0x10 ./build/stm32l4xx_hal_cortex.o
                0x0000000008000778                HAL_NVIC_GetPriorityGrouping
 .text.HAL_NVIC_GetPriority
                0x0000000008000788       0x5c ./build/stm32l4xx_hal_cortex.o
                0x0000000008000788                HAL_NVIC_GetPriority
 .text.HAL_NVIC_SetPendingIRQ
                0x00000000080007e4       0x20 ./build/stm32l4xx_hal_cortex.o
                0x00000000080007e4                HAL_NVIC_SetPendingIRQ
 .text.HAL_NVIC_GetPendingIRQ
                0x0000000008000804       0x24 ./build/stm32l4xx_hal_cortex.o
                0x0000000008000804                HAL_NVIC_GetPendingIRQ
 .text.HAL_NVIC_ClearPendingIRQ
                0x0000000008000828       0x20 ./build/stm32l4xx_hal_cortex.o
                0x0000000008000828                HAL_NVIC_ClearPendingIRQ
 .text.HAL_NVIC_GetActive
                0x0000000008000848       0x24 ./build/stm32l4xx_hal_cortex.o
                0x0000000008000848                HAL_NVIC_GetActive
 .text.HAL_SYSTICK_CLKSourceConfig
                0x000000000800086c       0x18 ./build/stm32l4xx_hal_cortex.o
                0x000000000800086c                HAL_SYSTICK_CLKSourceConfig
 .text.HAL_SYSTICK_Callback
                0x0000000008000884        0x2 ./build/stm32l4xx_hal_cortex.o
                0x0000000008000884                HAL_SYSTICK_Callback
 .text.HAL_SYSTICK_IRQHandler
                0x0000000008000886        0x8 ./build/stm32l4xx_hal_cortex.o
                0x0000000008000886                HAL_SYSTICK_IRQHandler
 *fill*         0x000000000800088e        0x2 
 .text.HAL_MPU_Disable
                0x0000000008000890       0x20 ./build/stm32l4xx_hal_cortex.o
                0x0000000008000890                HAL_MPU_Disable
 .text.HAL_MPU_Enable
                0x00000000080008b0       0x24 ./build/stm32l4xx_hal_cortex.o
                0x00000000080008b0                HAL_MPU_Enable
 .text.HAL_MPU_ConfigRegion
                0x00000000080008d4       0x50 ./build/stm32l4xx_hal_cortex.o
                0x00000000080008d4                HAL_MPU_ConfigRegion
 .text.RCC_SetFlashLatencyFromMSIRange
                0x0000000008000924       0x84 ./build/stm32l4xx_hal_rcc.o
 .text.HAL_RCC_DeInit
                0x00000000080009a8       0xe0 ./build/stm32l4xx_hal_rcc.o
                0x00000000080009a8                HAL_RCC_DeInit
 .text.HAL_RCC_MCOConfig
                0x0000000008000a88       0x50 ./build/stm32l4xx_hal_rcc.o
                0x0000000008000a88                HAL_RCC_MCOConfig
 .text.HAL_RCC_GetSysClockFreq
                0x0000000008000ad8       0x9c ./build/stm32l4xx_hal_rcc.o
                0x0000000008000ad8                HAL_RCC_GetSysClockFreq
 .text.HAL_RCC_OscConfig
                0x0000000008000b74      0x4c4 ./build/stm32l4xx_hal_rcc.o
                0x0000000008000b74                HAL_RCC_OscConfig
 .text.HAL_RCC_ClockConfig
                0x0000000008001038      0x128 ./build/stm32l4xx_hal_rcc.o
                0x0000000008001038                HAL_RCC_ClockConfig
 .text.HAL_RCC_GetHCLKFreq
                0x0000000008001160        0xc ./build/stm32l4xx_hal_rcc.o
                0x0000000008001160                HAL_RCC_GetHCLKFreq
 .text.HAL_RCC_GetPCLK1Freq
                0x000000000800116c       0x24 ./build/stm32l4xx_hal_rcc.o
                0x000000000800116c                HAL_RCC_GetPCLK1Freq
 .text.HAL_RCC_GetPCLK2Freq
                0x0000000008001190       0x24 ./build/stm32l4xx_hal_rcc.o
                0x0000000008001190                HAL_RCC_GetPCLK2Freq
 .text.HAL_RCC_GetOscConfig
                0x00000000080011b4       0xc4 ./build/stm32l4xx_hal_rcc.o
                0x00000000080011b4                HAL_RCC_GetOscConfig
 .text.HAL_RCC_GetClockConfig
                0x0000000008001278       0x3c ./build/stm32l4xx_hal_rcc.o
                0x0000000008001278                HAL_RCC_GetClockConfig
 .text.HAL_RCC_EnableCSS
                0x00000000080012b4       0x10 ./build/stm32l4xx_hal_rcc.o
                0x00000000080012b4                HAL_RCC_EnableCSS
 .text.HAL_RCC_CSSCallback
                0x00000000080012c4        0x2 ./build/stm32l4xx_hal_rcc.o
                0x00000000080012c4                HAL_RCC_CSSCallback
 *fill*         0x00000000080012c6        0x2 
 .text.HAL_RCC_NMI_IRQHandler
                0x00000000080012c8       0x1c ./build/stm32l4xx_hal_rcc.o
                0x00000000080012c8                HAL_RCC_NMI_IRQHandler
 .text.HAL_PWREx_GetVoltageRange
                0x00000000080012e4       0x10 ./build/stm32l4xx_hal_pwr_ex.o
                0x00000000080012e4                HAL_PWREx_GetVoltageRange
 .text.HAL_PWREx_ControlVoltageScaling
                0x00000000080012f4       0x6c ./build/stm32l4xx_hal_pwr_ex.o
                0x00000000080012f4                HAL_PWREx_ControlVoltageScaling
 .text.HAL_PWREx_EnableBatteryCharging
                0x0000000008001360       0x1c ./build/stm32l4xx_hal_pwr_ex.o
                0x0000000008001360                HAL_PWREx_EnableBatteryCharging
 .text.HAL_PWREx_DisableBatteryCharging
                0x000000000800137c       0x10 ./build/stm32l4xx_hal_pwr_ex.o
                0x000000000800137c                HAL_PWREx_DisableBatteryCharging
 .text.HAL_PWREx_EnableVddUSB
                0x000000000800138c       0x10 ./build/stm32l4xx_hal_pwr_ex.o
                0x000000000800138c                HAL_PWREx_EnableVddUSB
 .text.HAL_PWREx_DisableVddUSB
                0x000000000800139c       0x10 ./build/stm32l4xx_hal_pwr_ex.o
                0x000000000800139c                HAL_PWREx_DisableVddUSB
 .text.HAL_PWREx_EnableVddIO2
                0x00000000080013ac       0x10 ./build/stm32l4xx_hal_pwr_ex.o
                0x00000000080013ac                HAL_PWREx_EnableVddIO2
 .text.HAL_PWREx_DisableVddIO2
                0x00000000080013bc       0x10 ./build/stm32l4xx_hal_pwr_ex.o
                0x00000000080013bc                HAL_PWREx_DisableVddIO2
 .text.HAL_PWREx_EnableInternalWakeUpLine
                0x00000000080013cc       0x10 ./build/stm32l4xx_hal_pwr_ex.o
                0x00000000080013cc                HAL_PWREx_EnableInternalWakeUpLine
 .text.HAL_PWREx_DisableInternalWakeUpLine
                0x00000000080013dc       0x10 ./build/stm32l4xx_hal_pwr_ex.o
                0x00000000080013dc                HAL_PWREx_DisableInternalWakeUpLine
 .text.HAL_PWREx_EnableGPIOPullUp
                0x00000000080013ec       0xbc ./build/stm32l4xx_hal_pwr_ex.o
                0x00000000080013ec                HAL_PWREx_EnableGPIOPullUp
 .text.HAL_PWREx_DisableGPIOPullUp
                0x00000000080014a8       0x84 ./build/stm32l4xx_hal_pwr_ex.o
                0x00000000080014a8                HAL_PWREx_DisableGPIOPullUp
 .text.HAL_PWREx_EnableGPIOPullDown
                0x000000000800152c       0xbc ./build/stm32l4xx_hal_pwr_ex.o
                0x000000000800152c                HAL_PWREx_EnableGPIOPullDown
 .text.HAL_PWREx_DisableGPIOPullDown
                0x00000000080015e8       0x88 ./build/stm32l4xx_hal_pwr_ex.o
                0x00000000080015e8                HAL_PWREx_DisableGPIOPullDown
 .text.HAL_PWREx_EnablePullUpPullDownConfig
                0x0000000008001670       0x10 ./build/stm32l4xx_hal_pwr_ex.o
                0x0000000008001670                HAL_PWREx_EnablePullUpPullDownConfig
 .text.HAL_PWREx_DisablePullUpPullDownConfig
                0x0000000008001680       0x10 ./build/stm32l4xx_hal_pwr_ex.o
                0x0000000008001680                HAL_PWREx_DisablePullUpPullDownConfig
 .text.HAL_PWREx_EnableSRAM2ContentRetention
                0x0000000008001690       0x10 ./build/stm32l4xx_hal_pwr_ex.o
                0x0000000008001690                HAL_PWREx_EnableSRAM2ContentRetention
 .text.HAL_PWREx_DisableSRAM2ContentRetention
                0x00000000080016a0       0x10 ./build/stm32l4xx_hal_pwr_ex.o
                0x00000000080016a0                HAL_PWREx_DisableSRAM2ContentRetention
 .text.HAL_PWREx_EnablePVM1
                0x00000000080016b0       0x10 ./build/stm32l4xx_hal_pwr_ex.o
                0x00000000080016b0                HAL_PWREx_EnablePVM1
 .text.HAL_PWREx_DisablePVM1
                0x00000000080016c0       0x10 ./build/stm32l4xx_hal_pwr_ex.o
                0x00000000080016c0                HAL_PWREx_DisablePVM1
 .text.HAL_PWREx_EnablePVM2
                0x00000000080016d0       0x10 ./build/stm32l4xx_hal_pwr_ex.o
                0x00000000080016d0                HAL_PWREx_EnablePVM2
 .text.HAL_PWREx_DisablePVM2
                0x00000000080016e0       0x10 ./build/stm32l4xx_hal_pwr_ex.o
                0x00000000080016e0                HAL_PWREx_DisablePVM2
 .text.HAL_PWREx_EnablePVM3
                0x00000000080016f0       0x10 ./build/stm32l4xx_hal_pwr_ex.o
                0x00000000080016f0                HAL_PWREx_EnablePVM3
 .text.HAL_PWREx_DisablePVM3
                0x0000000008001700       0x10 ./build/stm32l4xx_hal_pwr_ex.o
                0x0000000008001700                HAL_PWREx_DisablePVM3
 .text.HAL_PWREx_EnablePVM4
                0x0000000008001710       0x10 ./build/stm32l4xx_hal_pwr_ex.o
                0x0000000008001710                HAL_PWREx_EnablePVM4
 .text.HAL_PWREx_DisablePVM4
                0x0000000008001720       0x10 ./build/stm32l4xx_hal_pwr_ex.o
                0x0000000008001720                HAL_PWREx_DisablePVM4
 .text.HAL_PWREx_ConfigPVM
                0x0000000008001730      0x174 ./build/stm32l4xx_hal_pwr_ex.o
                0x0000000008001730                HAL_PWREx_ConfigPVM
 .text.HAL_PWREx_EnableLowPowerRunMode
                0x00000000080018a4       0x10 ./build/stm32l4xx_hal_pwr_ex.o
                0x00000000080018a4                HAL_PWREx_EnableLowPowerRunMode
 .text.HAL_PWREx_DisableLowPowerRunMode
                0x00000000080018b4       0x44 ./build/stm32l4xx_hal_pwr_ex.o
                0x00000000080018b4                HAL_PWREx_DisableLowPowerRunMode
 .text.HAL_PWREx_EnterSTOP0Mode
                0x00000000080018f8       0x34 ./build/stm32l4xx_hal_pwr_ex.o
                0x00000000080018f8                HAL_PWREx_EnterSTOP0Mode
 .text.HAL_PWREx_EnterSTOP1Mode
                0x000000000800192c       0x38 ./build/stm32l4xx_hal_pwr_ex.o
                0x000000000800192c                HAL_PWREx_EnterSTOP1Mode
 .text.HAL_PWREx_EnterSTOP2Mode
                0x0000000008001964       0x38 ./build/stm32l4xx_hal_pwr_ex.o
                0x0000000008001964                HAL_PWREx_EnterSTOP2Mode
 .text.HAL_PWREx_EnterSHUTDOWNMode
                0x000000000800199c       0x24 ./build/stm32l4xx_hal_pwr_ex.o
                0x000000000800199c                HAL_PWREx_EnterSHUTDOWNMode
 .text.HAL_PWREx_PVM1Callback
                0x00000000080019c0        0x2 ./build/stm32l4xx_hal_pwr_ex.o
                0x00000000080019c0                HAL_PWREx_PVM1Callback
 .text.HAL_PWREx_PVM2Callback
                0x00000000080019c2        0x2 ./build/stm32l4xx_hal_pwr_ex.o
                0x00000000080019c2                HAL_PWREx_PVM2Callback
 .text.HAL_PWREx_PVM3Callback
                0x00000000080019c4        0x2 ./build/stm32l4xx_hal_pwr_ex.o
                0x00000000080019c4                HAL_PWREx_PVM3Callback
 .text.HAL_PWREx_PVM4Callback
                0x00000000080019c6        0x2 ./build/stm32l4xx_hal_pwr_ex.o
                0x00000000080019c6                HAL_PWREx_PVM4Callback
 .text.HAL_PWREx_PVD_PVM_IRQHandler
                0x00000000080019c8       0x54 ./build/stm32l4xx_hal_pwr_ex.o
                0x00000000080019c8                HAL_PWREx_PVD_PVM_IRQHandler
 .text.HAL_GPIO_Init
                0x0000000008001a1c      0x1bc ./build/stm32l4xx_hal_gpio.o
                0x0000000008001a1c                HAL_GPIO_Init
 .text.HAL_GPIO_DeInit
                0x0000000008001bd8      0x11c ./build/stm32l4xx_hal_gpio.o
                0x0000000008001bd8                HAL_GPIO_DeInit
 .text.HAL_GPIO_ReadPin
                0x0000000008001cf4        0xc ./build/stm32l4xx_hal_gpio.o
                0x0000000008001cf4                HAL_GPIO_ReadPin
 .text.HAL_GPIO_WritePin
                0x0000000008001d00        0xa ./build/stm32l4xx_hal_gpio.o
                0x0000000008001d00                HAL_GPIO_WritePin
 .text.HAL_GPIO_TogglePin
                0x0000000008001d0a        0xc ./build/stm32l4xx_hal_gpio.o
                0x0000000008001d0a                HAL_GPIO_TogglePin
 .text.HAL_GPIO_LockPin
                0x0000000008001d16       0x2a ./build/stm32l4xx_hal_gpio.o
                0x0000000008001d16                HAL_GPIO_LockPin
 .text.HAL_GPIO_EXTI_Callback
                0x0000000008001d40        0x2 ./build/stm32l4xx_hal_gpio.o
 *fill*         0x0000000008001d42        0x2 
 .text.HAL_GPIO_EXTI_IRQHandler
                0x0000000008001d44       0x18 ./build/stm32l4xx_hal_gpio.o
                0x0000000008001d44                HAL_GPIO_EXTI_IRQHandler
 .text.HAL_PWR_DeInit
                0x0000000008001d5c       0x18 ./build/stm32l4xx_hal_pwr.o
                0x0000000008001d5c                HAL_PWR_DeInit
 .text.HAL_PWR_EnableBkUpAccess
                0x0000000008001d74       0x10 ./build/stm32l4xx_hal_pwr.o
                0x0000000008001d74                HAL_PWR_EnableBkUpAccess
 .text.HAL_PWR_DisableBkUpAccess
                0x0000000008001d84       0x10 ./build/stm32l4xx_hal_pwr.o
                0x0000000008001d84                HAL_PWR_DisableBkUpAccess
 .text.HAL_PWR_ConfigPVD
                0x0000000008001d94       0x70 ./build/stm32l4xx_hal_pwr.o
                0x0000000008001d94                HAL_PWR_ConfigPVD
 .text.HAL_PWR_EnablePVD
                0x0000000008001e04       0x10 ./build/stm32l4xx_hal_pwr.o
                0x0000000008001e04                HAL_PWR_EnablePVD
 .text.HAL_PWR_DisablePVD
                0x0000000008001e14       0x10 ./build/stm32l4xx_hal_pwr.o
                0x0000000008001e14                HAL_PWR_DisablePVD
 .text.HAL_PWR_EnableWakeUpPin
                0x0000000008001e24       0x20 ./build/stm32l4xx_hal_pwr.o
                0x0000000008001e24                HAL_PWR_EnableWakeUpPin
 .text.HAL_PWR_DisableWakeUpPin
                0x0000000008001e44       0x14 ./build/stm32l4xx_hal_pwr.o
                0x0000000008001e44                HAL_PWR_DisableWakeUpPin
 .text.HAL_PWR_EnterSLEEPMode
                0x0000000008001e58       0x40 ./build/stm32l4xx_hal_pwr.o
                0x0000000008001e58                HAL_PWR_EnterSLEEPMode
 .text.HAL_PWR_EnterSTOPMode
                0x0000000008001e98       0x12 ./build/stm32l4xx_hal_pwr.o
                0x0000000008001e98                HAL_PWR_EnterSTOPMode
 *fill*         0x0000000008001eaa        0x2 
 .text.HAL_PWR_EnterSTANDBYMode
                0x0000000008001eac       0x24 ./build/stm32l4xx_hal_pwr.o
                0x0000000008001eac                HAL_PWR_EnterSTANDBYMode
 .text.HAL_PWR_EnableSleepOnExit
                0x0000000008001ed0       0x10 ./build/stm32l4xx_hal_pwr.o
                0x0000000008001ed0                HAL_PWR_EnableSleepOnExit
 .text.HAL_PWR_DisableSleepOnExit
                0x0000000008001ee0       0x10 ./build/stm32l4xx_hal_pwr.o
                0x0000000008001ee0                HAL_PWR_DisableSleepOnExit
 .text.HAL_PWR_EnableSEVOnPend
                0x0000000008001ef0       0x10 ./build/stm32l4xx_hal_pwr.o
                0x0000000008001ef0                HAL_PWR_EnableSEVOnPend
 .text.HAL_PWR_DisableSEVOnPend
                0x0000000008001f00       0x10 ./build/stm32l4xx_hal_pwr.o
                0x0000000008001f00                HAL_PWR_DisableSEVOnPend
 .text.HAL_PWR_PVDCallback
                0x0000000008001f10        0x2 ./build/stm32l4xx_hal_pwr.o
                0x0000000008001f10                HAL_PWR_PVDCallback
 *fill*         0x0000000008001f12        0x2 
 .text.BSP_GetVersion
                0x0000000008001f14        0x8 ./build/stm32l4xx_nucleo.o
                0x0000000008001f14                BSP_GetVersion
 .text.BSP_LED_Init
                0x0000000008001f1c       0x50 ./build/stm32l4xx_nucleo.o
                0x0000000008001f1c                BSP_LED_Init
 .text.BSP_LED_DeInit
                0x0000000008001f6c       0x24 ./build/stm32l4xx_nucleo.o
                0x0000000008001f6c                BSP_LED_DeInit
 .text.BSP_LED_On
                0x0000000008001f90       0x14 ./build/stm32l4xx_nucleo.o
                0x0000000008001f90                BSP_LED_On
 .text.BSP_LED_Off
                0x0000000008001fa4       0x14 ./build/stm32l4xx_nucleo.o
                0x0000000008001fa4                BSP_LED_Off
 .text.BSP_LED_Toggle
                0x0000000008001fb8       0x10 ./build/stm32l4xx_nucleo.o
                0x0000000008001fb8                BSP_LED_Toggle
 .text.BSP_PB_Init
                0x0000000008001fc8       0x88 ./build/stm32l4xx_nucleo.o
                0x0000000008001fc8                BSP_PB_Init
 .text.BSP_PB_DeInit
                0x0000000008002050       0x20 ./build/stm32l4xx_nucleo.o
                0x0000000008002050                BSP_PB_DeInit
 .text.BSP_PB_GetState
                0x0000000008002070       0x18 ./build/stm32l4xx_nucleo.o
                0x0000000008002070                BSP_PB_GetState
 .text.NMI_Handler
                0x0000000008002088        0x2 ./build/stm32l4xx_it.o
                0x0000000008002088                NMI_Handler
 .text.HardFault_Handler
                0x000000000800208a        0x2 ./build/stm32l4xx_it.o
                0x000000000800208a                HardFault_Handler
 .text.MemManage_Handler
                0x000000000800208c        0x2 ./build/stm32l4xx_it.o
                0x000000000800208c                MemManage_Handler
 .text.BusFault_Handler
                0x000000000800208e        0x2 ./build/stm32l4xx_it.o
                0x000000000800208e                BusFault_Handler
 .text.UsageFault_Handler
                0x0000000008002090        0x2 ./build/stm32l4xx_it.o
                0x0000000008002090                UsageFault_Handler
 .text.SVC_Handler
                0x0000000008002092        0x2 ./build/stm32l4xx_it.o
                0x0000000008002092                SVC_Handler
 .text.DebugMon_Handler
                0x0000000008002094        0x2 ./build/stm32l4xx_it.o
                0x0000000008002094                DebugMon_Handler
 .text.PendSV_Handler
                0x0000000008002096        0x2 ./build/stm32l4xx_it.o
                0x0000000008002096                PendSV_Handler
 .text.SysTick_Handler
                0x0000000008002098        0x4 ./build/stm32l4xx_it.o
                0x0000000008002098                SysTick_Handler
 .text.EXTI15_10_IRQHandler
                0x000000000800209c        0x8 ./build/stm32l4xx_it.o
                0x000000000800209c                EXTI15_10_IRQHandler
 .text.SystemInit
                0x00000000080020a4       0x48 ./build/system_stm32l4xx.o
                0x00000000080020a4                SystemInit
 .text.SystemCoreClockUpdate
                0x00000000080020ec       0xa8 ./build/system_stm32l4xx.o
                0x00000000080020ec                SystemCoreClockUpdate
 .text.Reset_Handler
                0x0000000008002194       0x50 build/stm32l476_startup.o
                0x0000000008002194                Reset_Handler
 .text.Default_Handler
                0x00000000080021e4        0x2 build/stm32l476_startup.o
                0x00000000080021e4                RTC_Alarm_IRQHandler
                0x00000000080021e4                EXTI2_IRQHandler
                0x00000000080021e4                TIM8_TRG_COM_IRQHandler
                0x00000000080021e4                TIM8_CC_IRQHandler
                0x00000000080021e4                TIM1_CC_IRQHandler
                0x00000000080021e4                TSC_IRQHandler
                0x00000000080021e4                TAMP_STAMP_IRQHandler
                0x00000000080021e4                EXTI3_IRQHandler
                0x00000000080021e4                LPTIM2_IRQHandler
                0x00000000080021e4                DFSDM1_FLT1_IRQHandler
                0x00000000080021e4                I2C3_ER_IRQHandler
                0x00000000080021e4                DFSDM1_FLT2_IRQHandler
                0x00000000080021e4                EXTI0_IRQHandler
                0x00000000080021e4                I2C2_EV_IRQHandler
                0x00000000080021e4                CAN1_RX0_IRQHandler
                0x00000000080021e4                FPU_IRQHandler
                0x00000000080021e4                TIM1_UP_TIM16_IRQHandler
                0x00000000080021e4                ADC1_2_IRQHandler
                0x00000000080021e4                SPI1_IRQHandler
                0x00000000080021e4                TIM6_DAC_IRQHandler
                0x00000000080021e4                TIM8_UP_IRQHandler
                0x00000000080021e4                DMA2_Channel2_IRQHandler
                0x00000000080021e4                DMA1_Channel4_IRQHandler
                0x00000000080021e4                SAI2_IRQHandler
                0x00000000080021e4                DFSDM1_FLT3_IRQHandler
                0x00000000080021e4                USART3_IRQHandler
                0x00000000080021e4                DMA1_Channel7_IRQHandler
                0x00000000080021e4                CAN1_RX1_IRQHandler
                0x00000000080021e4                LCD_IRQHandler
                0x00000000080021e4                UART5_IRQHandler
                0x00000000080021e4                ADC3_IRQHandler
                0x00000000080021e4                TIM4_IRQHandler
                0x00000000080021e4                DMA2_Channel1_IRQHandler
                0x00000000080021e4                QUADSPI_IRQHandler
                0x00000000080021e4                I2C1_EV_IRQHandler
                0x00000000080021e4                DMA1_Channel6_IRQHandler
                0x00000000080021e4                UART4_IRQHandler
                0x00000000080021e4                DMA2_Channel4_IRQHandler
                0x00000000080021e4                TIM3_IRQHandler
                0x00000000080021e4                RCC_IRQHandler
                0x00000000080021e4                DMA1_Channel1_IRQHandler
                0x00000000080021e4                Default_Handler
                0x00000000080021e4                DMA2_Channel7_IRQHandler
                0x00000000080021e4                TIM7_IRQHandler
                0x00000000080021e4                SDMMC1_IRQHandler
                0x00000000080021e4                TIM5_IRQHandler
                0x00000000080021e4                I2C3_EV_IRQHandler
                0x00000000080021e4                EXTI9_5_IRQHandler
                0x00000000080021e4                RTC_WKUP_IRQHandler
                0x00000000080021e4                PVD_PVM_IRQHandler
                0x00000000080021e4                SPI2_IRQHandler
                0x00000000080021e4                CAN1_TX_IRQHandler
                0x00000000080021e4                DMA2_Channel5_IRQHandler
                0x00000000080021e4                DMA1_Channel5_IRQHandler
                0x00000000080021e4                EXTI4_IRQHandler
                0x00000000080021e4                RNG_IRQHandler
                0x00000000080021e4                TIM1_TRG_COM_TIM17_IRQHandler
                0x00000000080021e4                DMA1_Channel3_IRQHandler
                0x00000000080021e4                COMP_IRQHandler
                0x00000000080021e4                WWDG_IRQHandler
                0x00000000080021e4                LPUART1_IRQHandler
                0x00000000080021e4                DMA2_Channel6_IRQHandler
                0x00000000080021e4                TIM2_IRQHandler
                0x00000000080021e4                EXTI1_IRQHandler
                0x00000000080021e4                USART2_IRQHandler
                0x00000000080021e4                DFSDM1_FLT0_IRQHandler
                0x00000000080021e4                I2C2_ER_IRQHandler
                0x00000000080021e4                DMA1_Channel2_IRQHandler
                0x00000000080021e4                TIM8_BRK_IRQHandler
                0x00000000080021e4                CAN1_SCE_IRQHandler
                0x00000000080021e4                FLASH_IRQHandler
                0x00000000080021e4                USART1_IRQHandler
                0x00000000080021e4                OTG_FS_IRQHandler
                0x00000000080021e4                SPI3_IRQHandler
                0x00000000080021e4                I2C1_ER_IRQHandler
                0x00000000080021e4                FMC_IRQHandler
                0x00000000080021e4                SWPMI1_IRQHandler
                0x00000000080021e4                LPTIM1_IRQHandler
                0x00000000080021e4                SAI1_IRQHandler
                0x00000000080021e4                DMA2_Channel3_IRQHandler
                0x00000000080021e4                TIM1_BRK_TIM15_IRQHandler
 *fill*         0x00000000080021e6        0x2 
 .text._exit    0x00000000080021e8        0x4 /home/clem/Bureau/GCC_STM32/gcc-arm-none-eabi-9-2019-q4-major/bin/../lib/gcc/arm-none-eabi/9.2.1/../../../../arm-none-eabi/lib/thumb/v7e-m+fp/hard/libnosys.a(_exit.o)
                0x00000000080021e8                _exit
 *(.glue_7)
 .glue_7        0x00000000080021ec        0x0 linker stubs
 *(.glue_7t)
 .glue_7t       0x00000000080021ec        0x0 linker stubs
 *(.eh_frame)
 .eh_frame      0x00000000080021ec        0x0 /home/clem/Bureau/GCC_STM32/gcc-arm-none-eabi-9-2019-q4-major/bin/../lib/gcc/arm-none-eabi/9.2.1/thumb/v7e-m+fp/hard/crtbegin.o
 .eh_frame      0x00000000080021ec        0x4 /home/clem/Bureau/GCC_STM32/gcc-arm-none-eabi-9-2019-q4-major/bin/../lib/gcc/arm-none-eabi/9.2.1/thumb/v7e-m+fp/hard/crtend.o
 *(.init)
 .init          0x00000000080021f0        0x4 /home/clem/Bureau/GCC_STM32/gcc-arm-none-eabi-9-2019-q4-major/bin/../lib/gcc/arm-none-eabi/9.2.1/thumb/v7e-m+fp/hard/crti.o
                0x00000000080021f0                _init
 .init          0x00000000080021f4        0x8 /home/clem/Bureau/GCC_STM32/gcc-arm-none-eabi-9-2019-q4-major/bin/../lib/gcc/arm-none-eabi/9.2.1/thumb/v7e-m+fp/hard/crtn.o
 *(.fini)
 .fini          0x00000000080021fc        0x4 /home/clem/Bureau/GCC_STM32/gcc-arm-none-eabi-9-2019-q4-major/bin/../lib/gcc/arm-none-eabi/9.2.1/thumb/v7e-m+fp/hard/crti.o
                0x00000000080021fc                _fini
 .fini          0x0000000008002200        0x8 /home/clem/Bureau/GCC_STM32/gcc-arm-none-eabi-9-2019-q4-major/bin/../lib/gcc/arm-none-eabi/9.2.1/thumb/v7e-m+fp/hard/crtn.o
                0x0000000008002208                . = ALIGN (0x8)
                0x0000000008002208                _etext = .

.vfp11_veneer   0x0000000008002208        0x0
 .vfp11_veneer  0x0000000008002208        0x0 linker stubs

.v4_bx          0x0000000008002208        0x0
 .v4_bx         0x0000000008002208        0x0 linker stubs

.iplt           0x0000000008002208        0x0
 .iplt          0x0000000008002208        0x0 /home/clem/Bureau/GCC_STM32/gcc-arm-none-eabi-9-2019-q4-major/bin/../lib/gcc/arm-none-eabi/9.2.1/thumb/v7e-m+fp/hard/crtbegin.o

.rodata         0x0000000008002208       0x58
                0x0000000008002208                . = ALIGN (0x8)
 *(.rodata)
 *(.rodata*)
 .rodata._global_impure_ptr
                0x0000000008002208        0x4 /home/clem/Bureau/GCC_STM32/gcc-arm-none-eabi-9-2019-q4-major/bin/../lib/gcc/arm-none-eabi/9.2.1/../../../../arm-none-eabi/lib/thumb/v7e-m+fp/hard/libc_nano.a(lib_a-impure.o)
                0x0000000008002208                _global_impure_ptr
 .rodata.BUTTON_IRQn
                0x000000000800220c        0x2 ./build/stm32l4xx_nucleo.o
                0x000000000800220c                BUTTON_IRQn
 .rodata.BUTTON_PIN
                0x000000000800220e        0x2 ./build/stm32l4xx_nucleo.o
                0x000000000800220e                BUTTON_PIN
 .rodata.GPIO_PIN
                0x0000000008002210        0x2 ./build/stm32l4xx_nucleo.o
                0x0000000008002210                GPIO_PIN
 .rodata.AHBPrescTable
                0x0000000008002212       0x10 ./build/system_stm32l4xx.o
                0x0000000008002212                AHBPrescTable
 .rodata.APBPrescTable
                0x0000000008002222        0x8 ./build/system_stm32l4xx.o
                0x0000000008002222                APBPrescTable
 *fill*         0x000000000800222a        0x2 
 .rodata.MSIRangeTable
                0x000000000800222c       0x30 ./build/system_stm32l4xx.o
                0x000000000800222c                MSIRangeTable
                0x0000000008002260                . = ALIGN (0x8)
 *fill*         0x000000000800225c        0x4 

.ARM.extab      0x0000000008002260        0x0
                0x0000000008002260                . = ALIGN (0x8)
 *(.ARM.extab* .gnu.linkonce.armextab.*)
 .ARM.extab     0x0000000008002260        0x0 /home/clem/Bureau/GCC_STM32/gcc-arm-none-eabi-9-2019-q4-major/bin/../lib/gcc/arm-none-eabi/9.2.1/../../../../arm-none-eabi/lib/thumb/v7e-m+fp/hard/crt0.o
                0x0000000008002260                . = ALIGN (0x8)

.ARM            0x0000000008002260        0x8
                0x0000000008002260                . = ALIGN (0x8)
                0x0000000008002260                __exidx_start = .
 *(.ARM.exidx*)
 .ARM.exidx     0x0000000008002260        0x8 /home/clem/Bureau/GCC_STM32/gcc-arm-none-eabi-9-2019-q4-major/bin/../lib/gcc/arm-none-eabi/9.2.1/../../../../arm-none-eabi/lib/thumb/v7e-m+fp/hard/crt0.o
                0x0000000008002268                __exidx_end = .
                0x0000000008002268                . = ALIGN (0x8)

.rel.dyn        0x0000000008002268        0x0
 .rel.iplt      0x0000000008002268        0x0 /home/clem/Bureau/GCC_STM32/gcc-arm-none-eabi-9-2019-q4-major/bin/../lib/gcc/arm-none-eabi/9.2.1/thumb/v7e-m+fp/hard/crtbegin.o

.preinit_array  0x0000000008002268        0x0
                0x0000000008002268                . = ALIGN (0x8)
                0x0000000008002268                PROVIDE (__preinit_array_start = .)
 *(.preinit_array*)
                0x0000000008002268                PROVIDE (__preinit_array_end = .)
                0x0000000008002268                . = ALIGN (0x8)

.init_array     0x0000000008002268        0x8
                0x0000000008002268                . = ALIGN (0x8)
                0x0000000008002268                PROVIDE (__init_array_start = .)
 *(SORT_BY_NAME(.init_array.*))
 *(.init_array*)
 .init_array    0x0000000008002268        0x4 /home/clem/Bureau/GCC_STM32/gcc-arm-none-eabi-9-2019-q4-major/bin/../lib/gcc/arm-none-eabi/9.2.1/thumb/v7e-m+fp/hard/crtbegin.o
                0x000000000800226c                PROVIDE (__init_array_end = .)
                0x0000000008002270                . = ALIGN (0x8)
 *fill*         0x000000000800226c        0x4 

.fini_array     0x0000000008002270        0x8
                0x0000000008002270                . = ALIGN (0x8)
                [!provide]                        PROVIDE (__fini_array_start = .)
 *(SORT_BY_NAME(.fini_array.*))
 *(.fini_array*)
 .fini_array    0x0000000008002270        0x4 /home/clem/Bureau/GCC_STM32/gcc-arm-none-eabi-9-2019-q4-major/bin/../lib/gcc/arm-none-eabi/9.2.1/thumb/v7e-m+fp/hard/crtbegin.o
                [!provide]                        PROVIDE (__fini_array_end = .)
                0x0000000008002278                . = ALIGN (0x8)
 *fill*         0x0000000008002274        0x4 
                0x0000000008002278                _sidata = LOADADDR (.data)

.data           0x0000000020000000       0x80 load address 0x0000000008002278
                0x0000000020000000                . = ALIGN (0x8)
                0x0000000020000000                _sdata = .
 *(.data)
 .data          0x0000000020000000        0x0 /home/clem/Bureau/GCC_STM32/gcc-arm-none-eabi-9-2019-q4-major/bin/../lib/gcc/arm-none-eabi/9.2.1/thumb/v7e-m+fp/hard/crti.o
 .data          0x0000000020000000        0x4 /home/clem/Bureau/GCC_STM32/gcc-arm-none-eabi-9-2019-q4-major/bin/../lib/gcc/arm-none-eabi/9.2.1/thumb/v7e-m+fp/hard/crtbegin.o
                0x0000000020000000                __dso_handle
 .data          0x0000000020000004        0x0 /home/clem/Bureau/GCC_STM32/gcc-arm-none-eabi-9-2019-q4-major/bin/../lib/gcc/arm-none-eabi/9.2.1/../../../../arm-none-eabi/lib/thumb/v7e-m+fp/hard/crt0.o
 .data          0x0000000020000004        0x0 /home/clem/Bureau/GCC_STM32/gcc-arm-none-eabi-9-2019-q4-major/bin/../lib/gcc/arm-none-eabi/9.2.1/../../../../arm-none-eabi/lib/thumb/v7e-m+fp/hard/libc_nano.a(lib_a-exit.o)
 .data          0x0000000020000004        0x0 /home/clem/Bureau/GCC_STM32/gcc-arm-none-eabi-9-2019-q4-major/bin/../lib/gcc/arm-none-eabi/9.2.1/../../../../arm-none-eabi/lib/thumb/v7e-m+fp/hard/libc_nano.a(lib_a-impure.o)
 .data          0x0000000020000004        0x0 /home/clem/Bureau/GCC_STM32/gcc-arm-none-eabi-9-2019-q4-major/bin/../lib/gcc/arm-none-eabi/9.2.1/../../../../arm-none-eabi/lib/thumb/v7e-m+fp/hard/libc_nano.a(lib_a-init.o)
 .data          0x0000000020000004        0x0 /home/clem/Bureau/GCC_STM32/gcc-arm-none-eabi-9-2019-q4-major/bin/../lib/gcc/arm-none-eabi/9.2.1/../../../../arm-none-eabi/lib/thumb/v7e-m+fp/hard/libc_nano.a(lib_a-memset.o)
 .data          0x0000000020000004        0x0 ./build/main.o
 .data          0x0000000020000004        0x0 ./build/stm32l4xx_hal.o
 .data          0x0000000020000004        0x0 ./build/stm32l4xx_hal_cortex.o
 .data          0x0000000020000004        0x0 ./build/stm32l4xx_hal_rcc.o
 .data          0x0000000020000004        0x0 ./build/stm32l4xx_hal_pwr_ex.o
 .data          0x0000000020000004        0x0 ./build/stm32l4xx_hal_gpio.o
 .data          0x0000000020000004        0x0 ./build/stm32l4xx_hal_pwr.o
 .data          0x0000000020000004        0x0 ./build/stm32l4xx_hal_uart.o
 .data          0x0000000020000004        0x0 ./build/stm32l4xx_hal_dma.o
 .data          0x0000000020000004        0x0 ./build/stm32l4xx_hal_uart_ex.o
 .data          0x0000000020000004        0x0 ./build/stm32l4xx_nucleo.o
 .data          0x0000000020000004        0x0 ./build/stm32l4xx_it.o
 .data          0x0000000020000004        0x0 ./build/system_stm32l4xx.o
 .data          0x0000000020000004        0x0 build/stm32l476_startup.o
 .data          0x0000000020000004        0x0 /home/clem/Bureau/GCC_STM32/gcc-arm-none-eabi-9-2019-q4-major/bin/../lib/gcc/arm-none-eabi/9.2.1/../../../../arm-none-eabi/lib/thumb/v7e-m+fp/hard/libnosys.a(_exit.o)
 .data          0x0000000020000004        0x0 /home/clem/Bureau/GCC_STM32/gcc-arm-none-eabi-9-2019-q4-major/bin/../lib/gcc/arm-none-eabi/9.2.1/thumb/v7e-m+fp/hard/crtend.o
 .data          0x0000000020000004        0x0 /home/clem/Bureau/GCC_STM32/gcc-arm-none-eabi-9-2019-q4-major/bin/../lib/gcc/arm-none-eabi/9.2.1/thumb/v7e-m+fp/hard/crtn.o
 *(.data*)
 .data._impure_ptr
                0x0000000020000004        0x4 /home/clem/Bureau/GCC_STM32/gcc-arm-none-eabi-9-2019-q4-major/bin/../lib/gcc/arm-none-eabi/9.2.1/../../../../arm-none-eabi/lib/thumb/v7e-m+fp/hard/libc_nano.a(lib_a-impure.o)
                0x0000000020000004                _impure_ptr
 .data.impure_data
                0x0000000020000008       0x60 /home/clem/Bureau/GCC_STM32/gcc-arm-none-eabi-9-2019-q4-major/bin/../lib/gcc/arm-none-eabi/9.2.1/../../../../arm-none-eabi/lib/thumb/v7e-m+fp/hard/libc_nano.a(lib_a-impure.o)
 .data.uwTickFreq
                0x0000000020000068        0x4 ./build/stm32l4xx_hal.o
                0x0000000020000068                uwTickFreq
 .data.uwTickPrio
                0x000000002000006c        0x4 ./build/stm32l4xx_hal.o
                0x000000002000006c                uwTickPrio
 .data.BUTTON_PORT
                0x0000000020000070        0x4 ./build/stm32l4xx_nucleo.o
                0x0000000020000070                BUTTON_PORT
 .data.GPIO_PORT
                0x0000000020000074        0x4 ./build/stm32l4xx_nucleo.o
                0x0000000020000074                GPIO_PORT
 .data.SystemCoreClock
                0x0000000020000078        0x4 ./build/system_stm32l4xx.o
                0x0000000020000078                SystemCoreClock
                0x0000000020000080                . = ALIGN (0x8)
 *fill*         0x000000002000007c        0x4 
                0x0000000020000080                _edata = .

.igot.plt       0x0000000020000080        0x0 load address 0x00000000080022f8
 .igot.plt      0x0000000020000080        0x0 /home/clem/Bureau/GCC_STM32/gcc-arm-none-eabi-9-2019-q4-major/bin/../lib/gcc/arm-none-eabi/9.2.1/thumb/v7e-m+fp/hard/crtbegin.o
                0x0000000020000080                . = ALIGN (0x4)

.bss            0x0000000020000080       0x20 load address 0x00000000080022f8
                0x0000000020000080                _sbss = .
                0x0000000020000080                __bss_start__ = _sbss
 *(.bss)
 .bss           0x0000000020000080        0x0 /home/clem/Bureau/GCC_STM32/gcc-arm-none-eabi-9-2019-q4-major/bin/../lib/gcc/arm-none-eabi/9.2.1/thumb/v7e-m+fp/hard/crti.o
 .bss           0x0000000020000080       0x1c /home/clem/Bureau/GCC_STM32/gcc-arm-none-eabi-9-2019-q4-major/bin/../lib/gcc/arm-none-eabi/9.2.1/thumb/v7e-m+fp/hard/crtbegin.o
 .bss           0x000000002000009c        0x0 /home/clem/Bureau/GCC_STM32/gcc-arm-none-eabi-9-2019-q4-major/bin/../lib/gcc/arm-none-eabi/9.2.1/../../../../arm-none-eabi/lib/thumb/v7e-m+fp/hard/crt0.o
 .bss           0x000000002000009c        0x0 /home/clem/Bureau/GCC_STM32/gcc-arm-none-eabi-9-2019-q4-major/bin/../lib/gcc/arm-none-eabi/9.2.1/../../../../arm-none-eabi/lib/thumb/v7e-m+fp/hard/libc_nano.a(lib_a-exit.o)
 .bss           0x000000002000009c        0x0 /home/clem/Bureau/GCC_STM32/gcc-arm-none-eabi-9-2019-q4-major/bin/../lib/gcc/arm-none-eabi/9.2.1/../../../../arm-none-eabi/lib/thumb/v7e-m+fp/hard/libc_nano.a(lib_a-impure.o)
 .bss           0x000000002000009c        0x0 /home/clem/Bureau/GCC_STM32/gcc-arm-none-eabi-9-2019-q4-major/bin/../lib/gcc/arm-none-eabi/9.2.1/../../../../arm-none-eabi/lib/thumb/v7e-m+fp/hard/libc_nano.a(lib_a-init.o)
 .bss           0x000000002000009c        0x0 /home/clem/Bureau/GCC_STM32/gcc-arm-none-eabi-9-2019-q4-major/bin/../lib/gcc/arm-none-eabi/9.2.1/../../../../arm-none-eabi/lib/thumb/v7e-m+fp/hard/libc_nano.a(lib_a-memset.o)
 .bss           0x000000002000009c        0x0 ./build/main.o
 .bss           0x000000002000009c        0x0 ./build/stm32l4xx_hal.o
 .bss           0x000000002000009c        0x0 ./build/stm32l4xx_hal_cortex.o
 .bss           0x000000002000009c        0x0 ./build/stm32l4xx_hal_rcc.o
 .bss           0x000000002000009c        0x0 ./build/stm32l4xx_hal_pwr_ex.o
 .bss           0x000000002000009c        0x0 ./build/stm32l4xx_hal_gpio.o
 .bss           0x000000002000009c        0x0 ./build/stm32l4xx_hal_pwr.o
 .bss           0x000000002000009c        0x0 ./build/stm32l4xx_hal_uart.o
 .bss           0x000000002000009c        0x0 ./build/stm32l4xx_hal_dma.o
 .bss           0x000000002000009c        0x0 ./build/stm32l4xx_hal_uart_ex.o
 .bss           0x000000002000009c        0x0 ./build/stm32l4xx_nucleo.o
 .bss           0x000000002000009c        0x0 ./build/stm32l4xx_it.o
 .bss           0x000000002000009c        0x0 ./build/system_stm32l4xx.o
 .bss           0x000000002000009c        0x0 build/stm32l476_startup.o
 .bss           0x000000002000009c        0x0 /home/clem/Bureau/GCC_STM32/gcc-arm-none-eabi-9-2019-q4-major/bin/../lib/gcc/arm-none-eabi/9.2.1/../../../../arm-none-eabi/lib/thumb/v7e-m+fp/hard/libnosys.a(_exit.o)
 .bss           0x000000002000009c        0x0 /home/clem/Bureau/GCC_STM32/gcc-arm-none-eabi-9-2019-q4-major/bin/../lib/gcc/arm-none-eabi/9.2.1/thumb/v7e-m+fp/hard/crtend.o
 .bss           0x000000002000009c        0x0 /home/clem/Bureau/GCC_STM32/gcc-arm-none-eabi-9-2019-q4-major/bin/../lib/gcc/arm-none-eabi/9.2.1/thumb/v7e-m+fp/hard/crtn.o
 *(.bss*)
 *(COMMON)
 COMMON         0x000000002000009c        0x4 ./build/stm32l4xx_hal.o
                0x000000002000009c                uwTick
                0x00000000200000a0                . = ALIGN (0x4)
                0x00000000200000a0                _ebss = .
                0x00000000200000a0                __bss_end__ = _ebss

._user_heap_stack
                0x00000000200000a0      0x600 load address 0x00000000080022f8
                0x00000000200000a0                . = ALIGN (0x8)
                [!provide]                        PROVIDE (end = .)
                [!provide]                        PROVIDE (_end = .)
                0x00000000200002a0                . = (. + _Min_Heap_Size)
 *fill*         0x00000000200000a0      0x200 
                0x00000000200006a0                . = (. + _Min_Stack_Size)
 *fill*         0x00000000200002a0      0x400 
                0x00000000200006a0                . = ALIGN (0x8)

/DISCARD/
 libc.a(*)
 libm.a(*)
 libgcc.a(*)

.ARM.attributes
                0x0000000000000000       0x30
 *(.ARM.attributes)
 .ARM.attributes
                0x0000000000000000       0x1e /home/clem/Bureau/GCC_STM32/gcc-arm-none-eabi-9-2019-q4-major/bin/../lib/gcc/arm-none-eabi/9.2.1/thumb/v7e-m+fp/hard/crti.o
 .ARM.attributes
                0x000000000000001e       0x34 /home/clem/Bureau/GCC_STM32/gcc-arm-none-eabi-9-2019-q4-major/bin/../lib/gcc/arm-none-eabi/9.2.1/thumb/v7e-m+fp/hard/crtbegin.o
 .ARM.attributes
                0x0000000000000052       0x1c /home/clem/Bureau/GCC_STM32/gcc-arm-none-eabi-9-2019-q4-major/bin/../lib/gcc/arm-none-eabi/9.2.1/../../../../arm-none-eabi/lib/thumb/v7e-m+fp/hard/crt0.o
 .ARM.attributes
                0x000000000000006e       0x34 /home/clem/Bureau/GCC_STM32/gcc-arm-none-eabi-9-2019-q4-major/bin/../lib/gcc/arm-none-eabi/9.2.1/../../../../arm-none-eabi/lib/thumb/v7e-m+fp/hard/libc_nano.a(lib_a-exit.o)
 .ARM.attributes
                0x00000000000000a2       0x32 /home/clem/Bureau/GCC_STM32/gcc-arm-none-eabi-9-2019-q4-major/bin/../lib/gcc/arm-none-eabi/9.2.1/../../../../arm-none-eabi/lib/thumb/v7e-m+fp/hard/libc_nano.a(lib_a-impure.o)
 .ARM.attributes
                0x00000000000000d4       0x34 /home/clem/Bureau/GCC_STM32/gcc-arm-none-eabi-9-2019-q4-major/bin/../lib/gcc/arm-none-eabi/9.2.1/../../../../arm-none-eabi/lib/thumb/v7e-m+fp/hard/libc_nano.a(lib_a-init.o)
 .ARM.attributes
                0x0000000000000108       0x34 /home/clem/Bureau/GCC_STM32/gcc-arm-none-eabi-9-2019-q4-major/bin/../lib/gcc/arm-none-eabi/9.2.1/../../../../arm-none-eabi/lib/thumb/v7e-m+fp/hard/libc_nano.a(lib_a-memset.o)
 .ARM.attributes
                0x000000000000013c       0x34 ./build/main.o
 .ARM.attributes
                0x0000000000000170       0x34 ./build/stm32l4xx_hal.o
 .ARM.attributes
                0x00000000000001a4       0x34 ./build/stm32l4xx_hal_cortex.o
 .ARM.attributes
                0x00000000000001d8       0x34 ./build/stm32l4xx_hal_rcc.o
 .ARM.attributes
                0x000000000000020c       0x34 ./build/stm32l4xx_hal_pwr_ex.o
 .ARM.attributes
                0x0000000000000240       0x34 ./build/stm32l4xx_hal_gpio.o
 .ARM.attributes
                0x0000000000000274       0x34 ./build/stm32l4xx_hal_pwr.o
 .ARM.attributes
                0x00000000000002a8       0x39 ./build/stm32l4xx_hal_uart.o
 .ARM.attributes
                0x00000000000002e1       0x39 ./build/stm32l4xx_hal_dma.o
 .ARM.attributes
                0x000000000000031a       0x39 ./build/stm32l4xx_hal_uart_ex.o
 .ARM.attributes
                0x0000000000000353       0x34 ./build/stm32l4xx_nucleo.o
 .ARM.attributes
                0x0000000000000387       0x34 ./build/stm32l4xx_it.o
 .ARM.attributes
                0x00000000000003bb       0x34 ./build/system_stm32l4xx.o
 .ARM.attributes
                0x00000000000003ef       0x21 build/stm32l476_startup.o
 .ARM.attributes
                0x0000000000000410       0x34 /home/clem/Bureau/GCC_STM32/gcc-arm-none-eabi-9-2019-q4-major/bin/../lib/gcc/arm-none-eabi/9.2.1/../../../../arm-none-eabi/lib/thumb/v7e-m+fp/hard/libnosys.a(_exit.o)
 .ARM.attributes
                0x0000000000000444       0x32 /home/clem/Bureau/GCC_STM32/gcc-arm-none-eabi-9-2019-q4-major/bin/../lib/gcc/arm-none-eabi/9.2.1/thumb/v7e-m+fp/hard/crtend.o
 .ARM.attributes
                0x0000000000000476       0x1e /home/clem/Bureau/GCC_STM32/gcc-arm-none-eabi-9-2019-q4-major/bin/../lib/gcc/arm-none-eabi/9.2.1/thumb/v7e-m+fp/hard/crtn.o
OUTPUT(./build/test.elf elf32-littlearm)

.debug_frame    0x0000000000000000       0x94
 .debug_frame   0x0000000000000000       0x28 /home/clem/Bureau/GCC_STM32/gcc-arm-none-eabi-9-2019-q4-major/bin/../lib/gcc/arm-none-eabi/9.2.1/../../../../arm-none-eabi/lib/thumb/v7e-m+fp/hard/libc_nano.a(lib_a-exit.o)
 .debug_frame   0x0000000000000028       0x2c /home/clem/Bureau/GCC_STM32/gcc-arm-none-eabi-9-2019-q4-major/bin/../lib/gcc/arm-none-eabi/9.2.1/../../../../arm-none-eabi/lib/thumb/v7e-m+fp/hard/libc_nano.a(lib_a-init.o)
 .debug_frame   0x0000000000000054       0x20 /home/clem/Bureau/GCC_STM32/gcc-arm-none-eabi-9-2019-q4-major/bin/../lib/gcc/arm-none-eabi/9.2.1/../../../../arm-none-eabi/lib/thumb/v7e-m+fp/hard/libc_nano.a(lib_a-memset.o)
 .debug_frame   0x0000000000000074       0x20 /home/clem/Bureau/GCC_STM32/gcc-arm-none-eabi-9-2019-q4-major/bin/../lib/gcc/arm-none-eabi/9.2.1/../../../../arm-none-eabi/lib/thumb/v7e-m+fp/hard/libnosys.a(_exit.o)

.comment        0x0000000000000000       0x79
 .comment       0x0000000000000000       0x79 ./build/main.o
                                         0x7a (size before relaxing)
 .comment       0x0000000000000079       0x7a ./build/stm32l4xx_hal.o
 .comment       0x0000000000000079       0x7a ./build/stm32l4xx_hal_cortex.o
 .comment       0x0000000000000079       0x7a ./build/stm32l4xx_hal_rcc.o
 .comment       0x0000000000000079       0x7a ./build/stm32l4xx_hal_pwr_ex.o
 .comment       0x0000000000000079       0x7a ./build/stm32l4xx_hal_gpio.o
 .comment       0x0000000000000079       0x7a ./build/stm32l4xx_hal_pwr.o
 .comment       0x0000000000000079       0x7a ./build/stm32l4xx_hal_uart.o
 .comment       0x0000000000000079       0x7a ./build/stm32l4xx_hal_dma.o
 .comment       0x0000000000000079       0x7a ./build/stm32l4xx_hal_uart_ex.o
 .comment       0x0000000000000079       0x7a ./build/stm32l4xx_nucleo.o
 .comment       0x0000000000000079       0x7a ./build/stm32l4xx_it.o
 .comment       0x0000000000000079       0x7a ./build/system_stm32l4xx.o

Cross Reference Table

Symbol                                            File
ADC1_2_IRQHandler                                 build/stm32l476_startup.o
ADC3_IRQHandler                                   build/stm32l476_startup.o
AHBPrescTable                                     ./build/system_stm32l4xx.o
                                                  ./build/stm32l4xx_hal_rcc.o
APBPrescTable                                     ./build/system_stm32l4xx.o
                                                  ./build/stm32l4xx_hal_rcc.o
BSP_GetVersion                                    ./build/stm32l4xx_nucleo.o
BSP_LED_DeInit                                    ./build/stm32l4xx_nucleo.o
BSP_LED_Init                                      ./build/stm32l4xx_nucleo.o
                                                  ./build/main.o
BSP_LED_Off                                       ./build/stm32l4xx_nucleo.o
BSP_LED_On                                        ./build/stm32l4xx_nucleo.o
BSP_LED_Toggle                                    ./build/stm32l4xx_nucleo.o
                                                  ./build/main.o
BSP_PB_DeInit                                     ./build/stm32l4xx_nucleo.o
BSP_PB_GetState                                   ./build/stm32l4xx_nucleo.o
BSP_PB_Init                                       ./build/stm32l4xx_nucleo.o
BUTTON_IRQn                                       ./build/stm32l4xx_nucleo.o
BUTTON_PIN                                        ./build/stm32l4xx_nucleo.o
BUTTON_PORT                                       ./build/stm32l4xx_nucleo.o
BusFault_Handler                                  ./build/stm32l4xx_it.o
CAN1_RX0_IRQHandler                               build/stm32l476_startup.o
CAN1_RX1_IRQHandler                               build/stm32l476_startup.o
CAN1_SCE_IRQHandler                               build/stm32l476_startup.o
CAN1_TX_IRQHandler                                build/stm32l476_startup.o
COMP_IRQHandler                                   build/stm32l476_startup.o
DFSDM1_FLT0_IRQHandler                            build/stm32l476_startup.o
DFSDM1_FLT1_IRQHandler                            build/stm32l476_startup.o
DFSDM1_FLT2_IRQHandler                            build/stm32l476_startup.o
DFSDM1_FLT3_IRQHandler                            build/stm32l476_startup.o
DMA1_Channel1_IRQHandler                          build/stm32l476_startup.o
DMA1_Channel2_IRQHandler                          build/stm32l476_startup.o
DMA1_Channel3_IRQHandler                          build/stm32l476_startup.o
DMA1_Channel4_IRQHandler                          build/stm32l476_startup.o
DMA1_Channel5_IRQHandler                          build/stm32l476_startup.o
DMA1_Channel6_IRQHandler                          build/stm32l476_startup.o
DMA1_Channel7_IRQHandler                          build/stm32l476_startup.o
DMA2_Channel1_IRQHandler                          build/stm32l476_startup.o
DMA2_Channel2_IRQHandler                          build/stm32l476_startup.o
DMA2_Channel3_IRQHandler                          build/stm32l476_startup.o
DMA2_Channel4_IRQHandler                          build/stm32l476_startup.o
DMA2_Channel5_IRQHandler                          build/stm32l476_startup.o
DMA2_Channel6_IRQHandler                          build/stm32l476_startup.o
DMA2_Channel7_IRQHandler                          build/stm32l476_startup.o
DebugMon_Handler                                  ./build/stm32l4xx_it.o
Default_Handler                                   build/stm32l476_startup.o
EXTI0_IRQHandler                                  build/stm32l476_startup.o
EXTI15_10_IRQHandler                              ./build/stm32l4xx_it.o
EXTI1_IRQHandler                                  build/stm32l476_startup.o
EXTI2_IRQHandler                                  build/stm32l476_startup.o
EXTI3_IRQHandler                                  build/stm32l476_startup.o
EXTI4_IRQHandler                                  build/stm32l476_startup.o
EXTI9_5_IRQHandler                                build/stm32l476_startup.o
FLASH_IRQHandler                                  build/stm32l476_startup.o
FMC_IRQHandler                                    build/stm32l476_startup.o
FPU_IRQHandler                                    build/stm32l476_startup.o
GPIO_PIN                                          ./build/stm32l4xx_nucleo.o
GPIO_PORT                                         ./build/stm32l4xx_nucleo.o
HAL_DBGMCU_DisableDBGSleepMode                    ./build/stm32l4xx_hal.o
HAL_DBGMCU_DisableDBGStandbyMode                  ./build/stm32l4xx_hal.o
HAL_DBGMCU_DisableDBGStopMode                     ./build/stm32l4xx_hal.o
HAL_DBGMCU_EnableDBGSleepMode                     ./build/stm32l4xx_hal.o
HAL_DBGMCU_EnableDBGStandbyMode                   ./build/stm32l4xx_hal.o
HAL_DBGMCU_EnableDBGStopMode                      ./build/stm32l4xx_hal.o
HAL_DeInit                                        ./build/stm32l4xx_hal.o
HAL_Delay                                         ./build/stm32l4xx_hal.o
HAL_GPIO_DeInit                                   ./build/stm32l4xx_hal_gpio.o
                                                  ./build/stm32l4xx_nucleo.o
HAL_GPIO_EXTI_Callback                            ./build/main.o
HAL_GPIO_EXTI_IRQHandler                          ./build/stm32l4xx_hal_gpio.o
                                                  ./build/stm32l4xx_it.o
HAL_GPIO_Init                                     ./build/stm32l4xx_hal_gpio.o
                                                  ./build/stm32l4xx_nucleo.o
                                                  ./build/stm32l4xx_hal_rcc.o
                                                  ./build/main.o
HAL_GPIO_LockPin                                  ./build/stm32l4xx_hal_gpio.o
HAL_GPIO_ReadPin                                  ./build/stm32l4xx_hal_gpio.o
                                                  ./build/stm32l4xx_nucleo.o
HAL_GPIO_TogglePin                                ./build/stm32l4xx_hal_gpio.o
                                                  ./build/stm32l4xx_nucleo.o
HAL_GPIO_WritePin                                 ./build/stm32l4xx_hal_gpio.o
                                                  ./build/stm32l4xx_nucleo.o
HAL_GetDEVID                                      ./build/stm32l4xx_hal.o
HAL_GetHalVersion                                 ./build/stm32l4xx_hal.o
HAL_GetREVID                                      ./build/stm32l4xx_hal.o
HAL_GetTick                                       ./build/stm32l4xx_hal.o
                                                  ./build/stm32l4xx_hal_rcc.o
HAL_GetTickFreq                                   ./build/stm32l4xx_hal.o
HAL_GetTickPrio                                   ./build/stm32l4xx_hal.o
HAL_GetUIDw0                                      ./build/stm32l4xx_hal.o
HAL_GetUIDw1                                      ./build/stm32l4xx_hal.o
HAL_GetUIDw2                                      ./build/stm32l4xx_hal.o
HAL_IncTick                                       ./build/stm32l4xx_hal.o
                                                  ./build/stm32l4xx_it.o
HAL_Init                                          ./build/stm32l4xx_hal.o
                                                  ./build/main.o
HAL_InitTick                                      ./build/stm32l4xx_hal.o
                                                  ./build/stm32l4xx_hal_rcc.o
HAL_MPU_ConfigRegion                              ./build/stm32l4xx_hal_cortex.o
HAL_MPU_Disable                                   ./build/stm32l4xx_hal_cortex.o
HAL_MPU_Enable                                    ./build/stm32l4xx_hal_cortex.o
HAL_MspDeInit                                     ./build/stm32l4xx_hal.o
HAL_MspInit                                       ./build/stm32l4xx_hal.o
HAL_NVIC_ClearPendingIRQ                          ./build/stm32l4xx_hal_cortex.o
HAL_NVIC_DisableIRQ                               ./build/stm32l4xx_hal_cortex.o
                                                  ./build/stm32l4xx_nucleo.o
HAL_NVIC_EnableIRQ                                ./build/stm32l4xx_hal_cortex.o
                                                  ./build/stm32l4xx_nucleo.o
                                                  ./build/main.o
HAL_NVIC_GetActive                                ./build/stm32l4xx_hal_cortex.o
HAL_NVIC_GetPendingIRQ                            ./build/stm32l4xx_hal_cortex.o
HAL_NVIC_GetPriority                              ./build/stm32l4xx_hal_cortex.o
HAL_NVIC_GetPriorityGrouping                      ./build/stm32l4xx_hal_cortex.o
HAL_NVIC_SetPendingIRQ                            ./build/stm32l4xx_hal_cortex.o
HAL_NVIC_SetPriority                              ./build/stm32l4xx_hal_cortex.o
                                                  ./build/stm32l4xx_nucleo.o
                                                  ./build/stm32l4xx_hal.o
                                                  ./build/main.o
HAL_NVIC_SetPriorityGrouping                      ./build/stm32l4xx_hal_cortex.o
                                                  ./build/stm32l4xx_hal.o
HAL_NVIC_SystemReset                              ./build/stm32l4xx_hal_cortex.o
HAL_PWREx_ConfigPVM                               ./build/stm32l4xx_hal_pwr_ex.o
HAL_PWREx_ControlVoltageScaling                   ./build/stm32l4xx_hal_pwr_ex.o
HAL_PWREx_DisableBatteryCharging                  ./build/stm32l4xx_hal_pwr_ex.o
HAL_PWREx_DisableGPIOPullDown                     ./build/stm32l4xx_hal_pwr_ex.o
HAL_PWREx_DisableGPIOPullUp                       ./build/stm32l4xx_hal_pwr_ex.o
HAL_PWREx_DisableInternalWakeUpLine               ./build/stm32l4xx_hal_pwr_ex.o
HAL_PWREx_DisableLowPowerRunMode                  ./build/stm32l4xx_hal_pwr_ex.o
                                                  ./build/stm32l4xx_hal_pwr.o
HAL_PWREx_DisablePVM1                             ./build/stm32l4xx_hal_pwr_ex.o
HAL_PWREx_DisablePVM2                             ./build/stm32l4xx_hal_pwr_ex.o
HAL_PWREx_DisablePVM3                             ./build/stm32l4xx_hal_pwr_ex.o
HAL_PWREx_DisablePVM4                             ./build/stm32l4xx_hal_pwr_ex.o
HAL_PWREx_DisablePullUpPullDownConfig             ./build/stm32l4xx_hal_pwr_ex.o
HAL_PWREx_DisableSRAM2ContentRetention            ./build/stm32l4xx_hal_pwr_ex.o
HAL_PWREx_DisableVddIO2                           ./build/stm32l4xx_hal_pwr_ex.o
HAL_PWREx_DisableVddUSB                           ./build/stm32l4xx_hal_pwr_ex.o
HAL_PWREx_EnableBatteryCharging                   ./build/stm32l4xx_hal_pwr_ex.o
HAL_PWREx_EnableGPIOPullDown                      ./build/stm32l4xx_hal_pwr_ex.o
HAL_PWREx_EnableGPIOPullUp                        ./build/stm32l4xx_hal_pwr_ex.o
HAL_PWREx_EnableInternalWakeUpLine                ./build/stm32l4xx_hal_pwr_ex.o
HAL_PWREx_EnableLowPowerRunMode                   ./build/stm32l4xx_hal_pwr_ex.o
                                                  ./build/stm32l4xx_hal_pwr.o
HAL_PWREx_EnablePVM1                              ./build/stm32l4xx_hal_pwr_ex.o
HAL_PWREx_EnablePVM2                              ./build/stm32l4xx_hal_pwr_ex.o
HAL_PWREx_EnablePVM3                              ./build/stm32l4xx_hal_pwr_ex.o
HAL_PWREx_EnablePVM4                              ./build/stm32l4xx_hal_pwr_ex.o
HAL_PWREx_EnablePullUpPullDownConfig              ./build/stm32l4xx_hal_pwr_ex.o
HAL_PWREx_EnableSRAM2ContentRetention             ./build/stm32l4xx_hal_pwr_ex.o
HAL_PWREx_EnableVddIO2                            ./build/stm32l4xx_hal_pwr_ex.o
HAL_PWREx_EnableVddUSB                            ./build/stm32l4xx_hal_pwr_ex.o
HAL_PWREx_EnterSHUTDOWNMode                       ./build/stm32l4xx_hal_pwr_ex.o
HAL_PWREx_EnterSTOP0Mode                          ./build/stm32l4xx_hal_pwr_ex.o
                                                  ./build/stm32l4xx_hal_pwr.o
HAL_PWREx_EnterSTOP1Mode                          ./build/stm32l4xx_hal_pwr_ex.o
                                                  ./build/stm32l4xx_hal_pwr.o
HAL_PWREx_EnterSTOP2Mode                          ./build/stm32l4xx_hal_pwr_ex.o
HAL_PWREx_GetVoltageRange                         ./build/stm32l4xx_hal_pwr_ex.o
                                                  ./build/stm32l4xx_hal_rcc.o
HAL_PWREx_PVD_PVM_IRQHandler                      ./build/stm32l4xx_hal_pwr_ex.o
HAL_PWREx_PVM1Callback                            ./build/stm32l4xx_hal_pwr_ex.o
HAL_PWREx_PVM2Callback                            ./build/stm32l4xx_hal_pwr_ex.o
HAL_PWREx_PVM3Callback                            ./build/stm32l4xx_hal_pwr_ex.o
HAL_PWREx_PVM4Callback                            ./build/stm32l4xx_hal_pwr_ex.o
HAL_PWR_ConfigPVD                                 ./build/stm32l4xx_hal_pwr.o
HAL_PWR_DeInit                                    ./build/stm32l4xx_hal_pwr.o
HAL_PWR_DisableBkUpAccess                         ./build/stm32l4xx_hal_pwr.o
HAL_PWR_DisablePVD                                ./build/stm32l4xx_hal_pwr.o
HAL_PWR_DisableSEVOnPend                          ./build/stm32l4xx_hal_pwr.o
HAL_PWR_DisableSleepOnExit                        ./build/stm32l4xx_hal_pwr.o
HAL_PWR_DisableWakeUpPin                          ./build/stm32l4xx_hal_pwr.o
HAL_PWR_EnableBkUpAccess                          ./build/stm32l4xx_hal_pwr.o
HAL_PWR_EnablePVD                                 ./build/stm32l4xx_hal_pwr.o
HAL_PWR_EnableSEVOnPend                           ./build/stm32l4xx_hal_pwr.o
HAL_PWR_EnableSleepOnExit                         ./build/stm32l4xx_hal_pwr.o
HAL_PWR_EnableWakeUpPin                           ./build/stm32l4xx_hal_pwr.o
HAL_PWR_EnterSLEEPMode                            ./build/stm32l4xx_hal_pwr.o
HAL_PWR_EnterSTANDBYMode                          ./build/stm32l4xx_hal_pwr.o
HAL_PWR_EnterSTOPMode                             ./build/stm32l4xx_hal_pwr.o
HAL_PWR_PVDCallback                               ./build/stm32l4xx_hal_pwr.o
                                                  ./build/stm32l4xx_hal_pwr_ex.o
HAL_RCC_CSSCallback                               ./build/stm32l4xx_hal_rcc.o
HAL_RCC_ClockConfig                               ./build/stm32l4xx_hal_rcc.o
                                                  ./build/main.o
HAL_RCC_DeInit                                    ./build/stm32l4xx_hal_rcc.o
HAL_RCC_EnableCSS                                 ./build/stm32l4xx_hal_rcc.o
HAL_RCC_GetClockConfig                            ./build/stm32l4xx_hal_rcc.o
HAL_RCC_GetHCLKFreq                               ./build/stm32l4xx_hal_rcc.o
HAL_RCC_GetOscConfig                              ./build/stm32l4xx_hal_rcc.o
HAL_RCC_GetPCLK1Freq                              ./build/stm32l4xx_hal_rcc.o
HAL_RCC_GetPCLK2Freq                              ./build/stm32l4xx_hal_rcc.o
HAL_RCC_GetSysClockFreq                           ./build/stm32l4xx_hal_rcc.o
HAL_RCC_MCOConfig                                 ./build/stm32l4xx_hal_rcc.o
HAL_RCC_NMI_IRQHandler                            ./build/stm32l4xx_hal_rcc.o
HAL_RCC_OscConfig                                 ./build/stm32l4xx_hal_rcc.o
                                                  ./build/main.o
HAL_ResumeTick                                    ./build/stm32l4xx_hal.o
HAL_SYSCFG_DisableIOAnalogSwitchBooster           ./build/stm32l4xx_hal.o
HAL_SYSCFG_DisableMemorySwappingBank              ./build/stm32l4xx_hal.o
HAL_SYSCFG_DisableVREFBUF                         ./build/stm32l4xx_hal.o
HAL_SYSCFG_EnableIOAnalogSwitchBooster            ./build/stm32l4xx_hal.o
HAL_SYSCFG_EnableMemorySwappingBank               ./build/stm32l4xx_hal.o
HAL_SYSCFG_EnableVREFBUF                          ./build/stm32l4xx_hal.o
HAL_SYSCFG_SRAM2Erase                             ./build/stm32l4xx_hal.o
HAL_SYSCFG_VREFBUF_HighImpedanceConfig            ./build/stm32l4xx_hal.o
HAL_SYSCFG_VREFBUF_TrimmingConfig                 ./build/stm32l4xx_hal.o
HAL_SYSCFG_VREFBUF_VoltageScalingConfig           ./build/stm32l4xx_hal.o
HAL_SYSTICK_CLKSourceConfig                       ./build/stm32l4xx_hal_cortex.o
HAL_SYSTICK_Callback                              ./build/stm32l4xx_hal_cortex.o
HAL_SYSTICK_Config                                ./build/stm32l4xx_hal_cortex.o
                                                  ./build/stm32l4xx_hal.o
HAL_SYSTICK_IRQHandler                            ./build/stm32l4xx_hal_cortex.o
HAL_SetTickFreq                                   ./build/stm32l4xx_hal.o
HAL_SuspendTick                                   ./build/stm32l4xx_hal.o
HardFault_Handler                                 ./build/stm32l4xx_it.o
I2C1_ER_IRQHandler                                build/stm32l476_startup.o
I2C1_EV_IRQHandler                                build/stm32l476_startup.o
I2C2_ER_IRQHandler                                build/stm32l476_startup.o
I2C2_EV_IRQHandler                                build/stm32l476_startup.o
I2C3_ER_IRQHandler                                build/stm32l476_startup.o
I2C3_EV_IRQHandler                                build/stm32l476_startup.o
LCD_IRQHandler                                    build/stm32l476_startup.o
LPTIM1_IRQHandler                                 build/stm32l476_startup.o
LPTIM2_IRQHandler                                 build/stm32l476_startup.o
LPUART1_IRQHandler                                build/stm32l476_startup.o
MSIRangeTable                                     ./build/system_stm32l4xx.o
                                                  ./build/stm32l4xx_hal_rcc.o
MemManage_Handler                                 ./build/stm32l4xx_it.o
NMI_Handler                                       ./build/stm32l4xx_it.o
OTG_FS_IRQHandler                                 build/stm32l476_startup.o
PVD_PVM_IRQHandler                                build/stm32l476_startup.o
PendSV_Handler                                    ./build/stm32l4xx_it.o
QUADSPI_IRQHandler                                build/stm32l476_startup.o
RCC_IRQHandler                                    build/stm32l476_startup.o
RNG_IRQHandler                                    build/stm32l476_startup.o
RTC_Alarm_IRQHandler                              build/stm32l476_startup.o
RTC_WKUP_IRQHandler                               build/stm32l476_startup.o
Reset_Handler                                     build/stm32l476_startup.o
SAI1_IRQHandler                                   build/stm32l476_startup.o
SAI2_IRQHandler                                   build/stm32l476_startup.o
SDMMC1_IRQHandler                                 build/stm32l476_startup.o
SPI1_IRQHandler                                   build/stm32l476_startup.o
SPI2_IRQHandler                                   build/stm32l476_startup.o
SPI3_IRQHandler                                   build/stm32l476_startup.o
SVC_Handler                                       ./build/stm32l4xx_it.o
SWPMI1_IRQHandler                                 build/stm32l476_startup.o
SysTick_Handler                                   ./build/stm32l4xx_it.o
SystemClock_Config                                ./build/main.o
SystemCoreClock                                   ./build/system_stm32l4xx.o
                                                  ./build/stm32l4xx_hal_pwr_ex.o
                                                  ./build/stm32l4xx_hal_rcc.o
                                                  ./build/stm32l4xx_hal.o
SystemCoreClockUpdate                             ./build/system_stm32l4xx.o
SystemInit                                        ./build/system_stm32l4xx.o
                                                  build/stm32l476_startup.o
TAMP_STAMP_IRQHandler                             build/stm32l476_startup.o
TIM1_BRK_TIM15_IRQHandler                         build/stm32l476_startup.o
TIM1_CC_IRQHandler                                build/stm32l476_startup.o
TIM1_TRG_COM_TIM17_IRQHandler                     build/stm32l476_startup.o
TIM1_UP_TIM16_IRQHandler                          build/stm32l476_startup.o
TIM2_IRQHandler                                   build/stm32l476_startup.o
TIM3_IRQHandler                                   build/stm32l476_startup.o
TIM4_IRQHandler                                   build/stm32l476_startup.o
TIM5_IRQHandler                                   build/stm32l476_startup.o
TIM6_DAC_IRQHandler                               build/stm32l476_startup.o
TIM7_IRQHandler                                   build/stm32l476_startup.o
TIM8_BRK_IRQHandler                               build/stm32l476_startup.o
TIM8_CC_IRQHandler                                build/stm32l476_startup.o
TIM8_TRG_COM_IRQHandler                           build/stm32l476_startup.o
TIM8_UP_IRQHandler                                build/stm32l476_startup.o
TSC_IRQHandler                                    build/stm32l476_startup.o
UART4_IRQHandler                                  build/stm32l476_startup.o
UART5_IRQHandler                                  build/stm32l476_startup.o
USART1_IRQHandler                                 build/stm32l476_startup.o
USART2_IRQHandler                                 build/stm32l476_startup.o
USART3_IRQHandler                                 build/stm32l476_startup.o
UsageFault_Handler                                ./build/stm32l4xx_it.o
WWDG_IRQHandler                                   build/stm32l476_startup.o
__bss_end__                                       /home/clem/Bureau/GCC_STM32/gcc-arm-none-eabi-9-2019-q4-major/bin/../lib/gcc/arm-none-eabi/9.2.1/../../../../arm-none-eabi/lib/thumb/v7e-m+fp/hard/crt0.o
__bss_start__                                     /home/clem/Bureau/GCC_STM32/gcc-arm-none-eabi-9-2019-q4-major/bin/../lib/gcc/arm-none-eabi/9.2.1/../../../../arm-none-eabi/lib/thumb/v7e-m+fp/hard/crt0.o
__call_exitprocs                                  /home/clem/Bureau/GCC_STM32/gcc-arm-none-eabi-9-2019-q4-major/bin/../lib/gcc/arm-none-eabi/9.2.1/../../../../arm-none-eabi/lib/thumb/v7e-m+fp/hard/libc_nano.a(lib_a-exit.o)
__deregister_frame_info                           /home/clem/Bureau/GCC_STM32/gcc-arm-none-eabi-9-2019-q4-major/bin/../lib/gcc/arm-none-eabi/9.2.1/thumb/v7e-m+fp/hard/crtbegin.o
__dso_handle                                      /home/clem/Bureau/GCC_STM32/gcc-arm-none-eabi-9-2019-q4-major/bin/../lib/gcc/arm-none-eabi/9.2.1/thumb/v7e-m+fp/hard/crtbegin.o
__init_array_end                                  /home/clem/Bureau/GCC_STM32/gcc-arm-none-eabi-9-2019-q4-major/bin/../lib/gcc/arm-none-eabi/9.2.1/../../../../arm-none-eabi/lib/thumb/v7e-m+fp/hard/libc_nano.a(lib_a-init.o)
__init_array_start                                /home/clem/Bureau/GCC_STM32/gcc-arm-none-eabi-9-2019-q4-major/bin/../lib/gcc/arm-none-eabi/9.2.1/../../../../arm-none-eabi/lib/thumb/v7e-m+fp/hard/libc_nano.a(lib_a-init.o)
__libc_fini_array                                 /home/clem/Bureau/GCC_STM32/gcc-arm-none-eabi-9-2019-q4-major/bin/../lib/gcc/arm-none-eabi/9.2.1/../../../../arm-none-eabi/lib/thumb/v7e-m+fp/hard/crt0.o
__libc_init_array                                 /home/clem/Bureau/GCC_STM32/gcc-arm-none-eabi-9-2019-q4-major/bin/../lib/gcc/arm-none-eabi/9.2.1/../../../../arm-none-eabi/lib/thumb/v7e-m+fp/hard/libc_nano.a(lib_a-init.o)
                                                  build/stm32l476_startup.o
                                                  /home/clem/Bureau/GCC_STM32/gcc-arm-none-eabi-9-2019-q4-major/bin/../lib/gcc/arm-none-eabi/9.2.1/../../../../arm-none-eabi/lib/thumb/v7e-m+fp/hard/crt0.o
__preinit_array_end                               /home/clem/Bureau/GCC_STM32/gcc-arm-none-eabi-9-2019-q4-major/bin/../lib/gcc/arm-none-eabi/9.2.1/../../../../arm-none-eabi/lib/thumb/v7e-m+fp/hard/libc_nano.a(lib_a-init.o)
__preinit_array_start                             /home/clem/Bureau/GCC_STM32/gcc-arm-none-eabi-9-2019-q4-major/bin/../lib/gcc/arm-none-eabi/9.2.1/../../../../arm-none-eabi/lib/thumb/v7e-m+fp/hard/libc_nano.a(lib_a-init.o)
__register_frame_info                             /home/clem/Bureau/GCC_STM32/gcc-arm-none-eabi-9-2019-q4-major/bin/../lib/gcc/arm-none-eabi/9.2.1/thumb/v7e-m+fp/hard/crtbegin.o
__sf_fake_stderr                                  /home/clem/Bureau/GCC_STM32/gcc-arm-none-eabi-9-2019-q4-major/bin/../lib/gcc/arm-none-eabi/9.2.1/../../../../arm-none-eabi/lib/thumb/v7e-m+fp/hard/libc_nano.a(lib_a-impure.o)
__sf_fake_stdin                                   /home/clem/Bureau/GCC_STM32/gcc-arm-none-eabi-9-2019-q4-major/bin/../lib/gcc/arm-none-eabi/9.2.1/../../../../arm-none-eabi/lib/thumb/v7e-m+fp/hard/libc_nano.a(lib_a-impure.o)
__sf_fake_stdout                                  /home/clem/Bureau/GCC_STM32/gcc-arm-none-eabi-9-2019-q4-major/bin/../lib/gcc/arm-none-eabi/9.2.1/../../../../arm-none-eabi/lib/thumb/v7e-m+fp/hard/libc_nano.a(lib_a-impure.o)
__stack                                           /home/clem/Bureau/GCC_STM32/gcc-arm-none-eabi-9-2019-q4-major/bin/../lib/gcc/arm-none-eabi/9.2.1/../../../../arm-none-eabi/lib/thumb/v7e-m+fp/hard/crt0.o
_ebss                                             build/stm32l476_startup.o
_edata                                            build/stm32l476_startup.o
_estack                                           build/stm32l476_startup.o
_exit                                             /home/clem/Bureau/GCC_STM32/gcc-arm-none-eabi-9-2019-q4-major/bin/../lib/gcc/arm-none-eabi/9.2.1/../../../../arm-none-eabi/lib/thumb/v7e-m+fp/hard/libnosys.a(_exit.o)
                                                  /home/clem/Bureau/GCC_STM32/gcc-arm-none-eabi-9-2019-q4-major/bin/../lib/gcc/arm-none-eabi/9.2.1/../../../../arm-none-eabi/lib/thumb/v7e-m+fp/hard/libc_nano.a(lib_a-exit.o)
_fini                                             /home/clem/Bureau/GCC_STM32/gcc-arm-none-eabi-9-2019-q4-major/bin/../lib/gcc/arm-none-eabi/9.2.1/thumb/v7e-m+fp/hard/crti.o
_global_impure_ptr                                /home/clem/Bureau/GCC_STM32/gcc-arm-none-eabi-9-2019-q4-major/bin/../lib/gcc/arm-none-eabi/9.2.1/../../../../arm-none-eabi/lib/thumb/v7e-m+fp/hard/libc_nano.a(lib_a-impure.o)
                                                  /home/clem/Bureau/GCC_STM32/gcc-arm-none-eabi-9-2019-q4-major/bin/../lib/gcc/arm-none-eabi/9.2.1/../../../../arm-none-eabi/lib/thumb/v7e-m+fp/hard/libc_nano.a(lib_a-exit.o)
_impure_ptr                                       /home/clem/Bureau/GCC_STM32/gcc-arm-none-eabi-9-2019-q4-major/bin/../lib/gcc/arm-none-eabi/9.2.1/../../../../arm-none-eabi/lib/thumb/v7e-m+fp/hard/libc_nano.a(lib_a-impure.o)
_init                                             /home/clem/Bureau/GCC_STM32/gcc-arm-none-eabi-9-2019-q4-major/bin/../lib/gcc/arm-none-eabi/9.2.1/thumb/v7e-m+fp/hard/crti.o
                                                  /home/clem/Bureau/GCC_STM32/gcc-arm-none-eabi-9-2019-q4-major/bin/../lib/gcc/arm-none-eabi/9.2.1/../../../../arm-none-eabi/lib/thumb/v7e-m+fp/hard/libc_nano.a(lib_a-init.o)
_mainCRTStartup                                   /home/clem/Bureau/GCC_STM32/gcc-arm-none-eabi-9-2019-q4-major/bin/../lib/gcc/arm-none-eabi/9.2.1/../../../../arm-none-eabi/lib/thumb/v7e-m+fp/hard/crt0.o
_sbss                                             build/stm32l476_startup.o
_sdata                                            build/stm32l476_startup.o
_sidata                                           build/stm32l476_startup.o
_start                                            /home/clem/Bureau/GCC_STM32/gcc-arm-none-eabi-9-2019-q4-major/bin/../lib/gcc/arm-none-eabi/9.2.1/../../../../arm-none-eabi/lib/thumb/v7e-m+fp/hard/crt0.o
atexit                                            /home/clem/Bureau/GCC_STM32/gcc-arm-none-eabi-9-2019-q4-major/bin/../lib/gcc/arm-none-eabi/9.2.1/../../../../arm-none-eabi/lib/thumb/v7e-m+fp/hard/crt0.o
exit                                              /home/clem/Bureau/GCC_STM32/gcc-arm-none-eabi-9-2019-q4-major/bin/../lib/gcc/arm-none-eabi/9.2.1/../../../../arm-none-eabi/lib/thumb/v7e-m+fp/hard/libc_nano.a(lib_a-exit.o)
                                                  /home/clem/Bureau/GCC_STM32/gcc-arm-none-eabi-9-2019-q4-major/bin/../lib/gcc/arm-none-eabi/9.2.1/../../../../arm-none-eabi/lib/thumb/v7e-m+fp/hard/crt0.o
g_pfnVectors                                      build/stm32l476_startup.o
hardware_init_hook                                /home/clem/Bureau/GCC_STM32/gcc-arm-none-eabi-9-2019-q4-major/bin/../lib/gcc/arm-none-eabi/9.2.1/../../../../arm-none-eabi/lib/thumb/v7e-m+fp/hard/crt0.o
main                                              ./build/main.o
                                                  build/stm32l476_startup.o
                                                  /home/clem/Bureau/GCC_STM32/gcc-arm-none-eabi-9-2019-q4-major/bin/../lib/gcc/arm-none-eabi/9.2.1/../../../../arm-none-eabi/lib/thumb/v7e-m+fp/hard/crt0.o
memset                                            /home/clem/Bureau/GCC_STM32/gcc-arm-none-eabi-9-2019-q4-major/bin/../lib/gcc/arm-none-eabi/9.2.1/../../../../arm-none-eabi/lib/thumb/v7e-m+fp/hard/libc_nano.a(lib_a-memset.o)
                                                  ./build/stm32l4xx_nucleo.o
                                                  ./build/main.o
                                                  /home/clem/Bureau/GCC_STM32/gcc-arm-none-eabi-9-2019-q4-major/bin/../lib/gcc/arm-none-eabi/9.2.1/../../../../arm-none-eabi/lib/thumb/v7e-m+fp/hard/crt0.o
software_init_hook                                /home/clem/Bureau/GCC_STM32/gcc-arm-none-eabi-9-2019-q4-major/bin/../lib/gcc/arm-none-eabi/9.2.1/../../../../arm-none-eabi/lib/thumb/v7e-m+fp/hard/crt0.o
uwTick                                            ./build/stm32l4xx_hal.o
uwTickFreq                                        ./build/stm32l4xx_hal.o
uwTickPrio                                        ./build/stm32l4xx_hal.o
                                                  ./build/stm32l4xx_hal_rcc.o
